00:00 +0: loading /Users/seg/Shemais/Shemais/zawolf_hr/test/architecture_guard_test.dart                                                                                                               00:01 +0: loading /Users/seg/Shemais/Shemais/zawolf_hr/test/architecture_guard_test.dart                                                                                                               00:02 +0: loading /Users/seg/Shemais/Shemais/zawolf_hr/test/architecture_guard_test.dart                                                                                                               00:03 +0: loading /Users/seg/Shemais/Shemais/zawolf_hr/test/architecture_guard_test.dart                                                                                                               00:04 +0: loading /Users/seg/Shemais/Shemais/zawolf_hr/test/architecture_guard_test.dart                                                                                                               00:04 +0: /Users/seg/Shemais/Shemais/zawolf_hr/test/architecture_guard_test.dart: migrated presentation does not depend on data or infrastructure                                                      00:04 +1: /Users/seg/Shemais/Shemais/zawolf_hr/test/architecture_guard_test.dart: migrated presentation does not depend on data or infrastructure                                                      00:04 +2: /Users/seg/Shemais/Shemais/zawolf_hr/test/architecture_guard_test.dart: migrated presentation does not depend on data or infrastructure                                                      00:04 +3: /Users/seg/Shemais/Shemais/zawolf_hr/test/architecture_guard_test.dart: migrated presentation does not depend on data or infrastructure                                                      00:04 +4: /Users/seg/Shemais/Shemais/zawolf_hr/test/architecture_guard_test.dart: migrated presentation does not depend on data or infrastructure                                                      00:04 +5: /Users/seg/Shemais/Shemais/zawolf_hr/test/architecture_guard_test.dart: migrated presentation does not depend on data or infrastructure                                                      00:04 +6: /Users/seg/Shemais/Shemais/zawolf_hr/test/architecture_guard_test.dart: migrated presentation does not depend on data or infrastructure                                                      00:04 +7: /Users/seg/Shemais/Shemais/zawolf_hr/test/architecture_guard_test.dart: migrated presentation does not depend on data or infrastructure                                                      00:04 +8: /Users/seg/Shemais/Shemais/zawolf_hr/test/architecture_guard_test.dart: migrated presentation does not depend on data or infrastructure                                                      00:05 +8: /Users/seg/Shemais/Shemais/zawolf_hr/test/architecture_guard_test.dart: migrated presentation does not depend on data or infrastructure                                                      00:05 +9: /Users/seg/Shemais/Shemais/zawolf_hr/test/architecture_guard_test.dart: migrated presentation does not depend on data or infrastructure                                                      00:05 +9: /Users/seg/Shemais/Shemais/zawolf_hr/test/architecture_guard_test.dart: core error contracts stay provider and presentation independent                                                      00:05 +10: /Users/seg/Shemais/Shemais/zawolf_hr/test/architecture_guard_test.dart: core error contracts stay provider and presentation independent                                                     00:05 +10: /Users/seg/Shemais/Shemais/zawolf_hr/test/architecture_guard_test.dart: legacy user-facing error utility is not coupled to the new core                                                     00:05 +11: /Users/seg/Shemais/Shemais/zawolf_hr/test/architecture_guard_test.dart: legacy user-facing error utility is not coupled to the new core                                                     00:05 +11: /Users/seg/Shemais/Shemais/zawolf_hr/test/architecture_guard_test.dart: legacy UI direct-infrastructure allowlist does not grow                                                             00:05 +12: /Users/seg/Shemais/Shemais/zawolf_hr/test/architecture_guard_test.dart: legacy UI direct-infrastructure allowlist does not grow                                                             00:05 +12: /Users/seg/Shemais/Shemais/zawolf_hr/test/architecture_guard_test.dart: new Cubits stay focused and below the manual-review threshold                                                       00:05 +13: /Users/seg/Shemais/Shemais/zawolf_hr/test/architecture_guard_test.dart: new Cubits stay focused and below the manual-review threshold                                                       00:05 +13: /Users/seg/Shemais/Shemais/zawolf_hr/test/architecture_guard_test.dart: Company Workspace V2 preserves the domain/data/presentation boundary                                                00:05 +14: /Users/seg/Shemais/Shemais/zawolf_hr/test/architecture_guard_test.dart: Company Workspace V2 preserves the domain/data/presentation boundary                                                00:05 +14: /Users/seg/Shemais/Shemais/zawolf_hr/test/architecture_guard_test.dart: Company OS preserves domain/data/presentation boundaries                                                            00:05 +15: /Users/seg/Shemais/Shemais/zawolf_hr/test/architecture_guard_test.dart: Company OS preserves domain/data/presentation boundaries                                                            00:05 +15: /Users/seg/Shemais/Shemais/zawolf_hr/test/architecture_guard_test.dart: Organization structure preserves domain/data/presentation boundaries                                                00:05 +16: /Users/seg/Shemais/Shemais/zawolf_hr/test/architecture_guard_test.dart: Organization structure preserves domain/data/presentation boundaries                                                00:05 +16: /Users/seg/Shemais/Shemais/zawolf_hr/test/architecture_guard_test.dart: Company OS Cubits remain focused and presentation stays infrastructure free                                         00:06 +16: /Users/seg/Shemais/Shemais/zawolf_hr/test/architecture_guard_test.dart: Company OS Cubits remain focused and presentation stays infrastructure free                                         00:06 +17: /Users/seg/Shemais/Shemais/zawolf_hr/test/architecture_guard_test.dart: Company OS Cubits remain focused and presentation stays infrastructure free                                         00:06 +17: /Users/seg/Shemais/Shemais/zawolf_hr/test/architecture_guard_test.dart: every migrated feature has a specification directory                                                                00:06 +18: /Users/seg/Shemais/Shemais/zawolf_hr/test/architecture_guard_test.dart: every migrated feature has a specification directory                                                                00:07 +18: /Users/seg/Shemais/Shemais/zawolf_hr/test/architecture_guard_test.dart: every migrated feature has a specification directory                                                                00:07 +18: loading /Users/seg/Shemais/Shemais/zawolf_hr/test/core/company_workspace_feature_flag_test.dart                                                                                             00:07 +18: /Users/seg/Shemais/Shemais/zawolf_hr/test/core/company_workspace_feature_flag_test.dart: Workspace V2 is disabled by default                                                                00:08 +18: /Users/seg/Shemais/Shemais/zawolf_hr/test/core/company_workspace_feature_flag_test.dart: Workspace V2 is disabled by default                                                                00:08 +19: /Users/seg/Shemais/Shemais/zawolf_hr/test/payroll_cycle_test.dart: PayrollCycle uses the current month through day 25                                                                       00:08 +20: /Users/seg/Shemais/Shemais/zawolf_hr/test/core/company_workspace_feature_flag_test.dart: pilot flag only enables the configured actor IDs                                                   00:08 +21: /Users/seg/Shemais/Shemais/zawolf_hr/test/core/company_workspace_feature_flag_test.dart: pilot flag only enables the configured actor IDs                                                   00:08 +22: /Users/seg/Shemais/Shemais/zawolf_hr/test/core/company_workspace_feature_flag_test.dart: pilot flag only enables the configured actor IDs                                                   00:08 +23: /Users/seg/Shemais/Shemais/zawolf_hr/test/core/company_workspace_feature_flag_test.dart: pilot flag only enables the configured actor IDs                                                   00:09 +23: /Users/seg/Shemais/Shemais/zawolf_hr/test/core/company_workspace_feature_flag_test.dart: pilot flag only enables the configured actor IDs                                                   00:09 +23: loading /Users/seg/Shemais/Shemais/zawolf_hr/test/core/phase007_feature_flags_test.dart                                                                                                     00:09 +23: /Users/seg/Shemais/Shemais/zawolf_hr/test/core/phase007_feature_flags_test.dart: all Phase 007 slices are disabled by default                                                               00:09 +24: /Users/seg/Shemais/Shemais/zawolf_hr/test/core/phase007_feature_flags_test.dart: all Phase 007 slices are disabled by default                                                               00:09 +24: /Users/seg/Shemais/Shemais/zawolf_hr/test/core/phase007_feature_flags_test.dart: a pilot only enables its configured feature and actor                                                      00:09 +25: /Users/seg/Shemais/Shemais/zawolf_hr/test/core/phase007_feature_flags_test.dart: a pilot only enables its configured feature and actor                                                      00:10 +25: /Users/seg/Shemais/Shemais/zawolf_hr/test/core/phase007_feature_flags_test.dart: a pilot only enables its configured feature and actor                                                      00:11 +25: /Users/seg/Shemais/Shemais/zawolf_hr/test/core/phase007_feature_flags_test.dart: a pilot only enables its configured feature and actor                                                      00:11 +25: loading /Users/seg/Shemais/Shemais/zawolf_hr/test/core/remote_phase007_feature_flags_test.dart                                                                                              00:11 +25: /Users/seg/Shemais/Shemais/zawolf_hr/test/core/remote_phase007_feature_flags_test.dart: accepts only known server flags for an authenticated actor                                          00:11 +26: /Users/seg/Shemais/Shemais/zawolf_hr/test/core/remote_phase007_feature_flags_test.dart: accepts only known server flags for an authenticated actor                                          00:11 +26: /Users/seg/Shemais/Shemais/zawolf_hr/test/core/remote_phase007_feature_flags_test.dart: network or invalid response clears previously enabled state                                         00:11 +27: /Users/seg/Shemais/Shemais/zawolf_hr/test/core/remote_phase007_feature_flags_test.dart: network or invalid response clears previously enabled state                                         00:12 +27: /Users/seg/Shemais/Shemais/zawolf_hr/test/core/remote_phase007_feature_flags_test.dart: network or invalid response clears previously enabled state                                         00:12 +27: loading /Users/seg/Shemais/Shemais/zawolf_hr/test/core/authenticated_operation_client_test.dart                                                                                             00:12 +27: /Users/seg/Shemais/Shemais/zawolf_hr/test/core/authenticated_operation_client_test.dart: authenticated operation sends an idempotency ID without exposing it in a log API                   00:12 +28: /Users/seg/Shemais/Shemais/zawolf_hr/test/core/authenticated_operation_client_test.dart: authenticated operation sends an idempotency ID without exposing it in a log API                   00:12 +28: /Users/seg/Shemais/Shemais/zawolf_hr/test/core/authenticated_operation_client_test.dart: missing session produces a safe envelope                                                           00:12 +29: /Users/seg/Shemais/Shemais/zawolf_hr/test/core/authenticated_operation_client_test.dart: missing session produces a safe envelope                                                           00:12 +29: /Users/seg/Shemais/Shemais/zawolf_hr/test/core/authenticated_operation_client_test.dart: GET uses a session token without exposing it in the URL                                            00:12 +30: /Users/seg/Shemais/Shemais/zawolf_hr/test/core/authenticated_operation_client_test.dart: GET uses a session token without exposing it in the URL                                            00:13 +30: /Users/seg/Shemais/Shemais/zawolf_hr/test/core/authenticated_operation_client_test.dart: GET uses a session token without exposing it in the URL                                            00:14 +30: /Users/seg/Shemais/Shemais/zawolf_hr/test/core/authenticated_operation_client_test.dart: GET uses a session token without exposing it in the URL                                            00:15 +30: /Users/seg/Shemais/Shemais/zawolf_hr/test/core/authenticated_operation_client_test.dart: GET uses a session token without exposing it in the URL                                            00:16 +30: /Users/seg/Shemais/Shemais/zawolf_hr/test/core/authenticated_operation_client_test.dart: GET uses a session token without exposing it in the URL                                            00:17 +30: /Users/seg/Shemais/Shemais/zawolf_hr/test/core/authenticated_operation_client_test.dart: GET uses a session token without exposing it in the URL                                            00:18 +30: /Users/seg/Shemais/Shemais/zawolf_hr/test/core/authenticated_operation_client_test.dart: GET uses a session token without exposing it in the URL                                            00:19 +30: /Users/seg/Shemais/Shemais/zawolf_hr/test/core/authenticated_operation_client_test.dart: GET uses a session token without exposing it in the URL                                            00:19 +30: loading /Users/seg/Shemais/Shemais/zawolf_hr/test/core/errors/workspace_user_facing_error_test.dart                                                                                         00:19 +30: /Users/seg/Shemais/Shemais/zawolf_hr/test/core/errors/workspace_user_facing_error_test.dart: permission denial returns Arabic action without provider details                               00:19 +31: /Users/seg/Shemais/Shemais/zawolf_hr/test/core/errors/workspace_user_facing_error_test.dart: permission denial returns Arabic action without provider details                               00:19 +31: /Users/seg/Shemais/Shemais/zawolf_hr/test/core/errors/workspace_user_facing_error_test.dart: interrupted write requires status check before retry                                           00:19 +32: /Users/seg/Shemais/Shemais/zawolf_hr/test/core/errors/workspace_user_facing_error_test.dart: interrupted write requires status check before retry                                           00:19 +32: /Users/seg/Shemais/Shemais/zawolf_hr/test/core/errors/workspace_user_facing_error_test.dart: a failed read can retry safely                                                                 00:19 +33: /Users/seg/Shemais/Shemais/zawolf_hr/test/core/errors/workspace_user_facing_error_test.dart: a failed read can retry safely                                                                 00:20 +33: /Users/seg/Shemais/Shemais/zawolf_hr/test/core/errors/workspace_user_facing_error_test.dart: a failed read can retry safely                                                                 00:20 +33: loading /Users/seg/Shemais/Shemais/zawolf_hr/test/core/company_os_feature_flags_test.dart                                                                                                   00:20 +33: /Users/seg/Shemais/Shemais/zawolf_hr/test/core/company_os_feature_flags_test.dart: every Company OS slice fails closed by default                                                           00:20 +34: /Users/seg/Shemais/Shemais/zawolf_hr/test/core/company_os_feature_flags_test.dart: every Company OS slice fails closed by default                                                           00:20 +34: /Users/seg/Shemais/Shemais/zawolf_hr/test/core/company_os_feature_flags_test.dart: pilot grants are actor and slice specific                                                                00:20 +35: /Users/seg/Shemais/Shemais/zawolf_hr/test/core/company_os_feature_flags_test.dart: pilot grants are actor and slice specific                                                                00:20 +35: /Users/seg/Shemais/Shemais/zawolf_hr/test/core/company_os_feature_flags_test.dart: server names remain stable rollout contract                                                              00:20 +36: /Users/seg/Shemais/Shemais/zawolf_hr/test/core/company_os_feature_flags_test.dart: server names remain stable rollout contract                                                              00:20 +36: /Users/seg/Shemais/Shemais/zawolf_hr/test/core/company_os_feature_flags_test.dart: remote flags expose the multiple organization trees slice                                                00:20 +37: /Users/seg/Shemais/Shemais/zawolf_hr/test/core/company_os_feature_flags_test.dart: remote flags expose the multiple organization trees slice                                                00:20 +37: loading /Users/seg/Shemais/Shemais/zawolf_hr/test/core/errors/app_failure_test.dart                                                                                                         00:20 +37: /Users/seg/Shemais/Shemais/zawolf_hr/test/core/errors/app_failure_test.dart: unknown outcome rejects a blind retry recovery                                                                 00:21 +37: /Users/seg/Shemais/Shemais/zawolf_hr/test/core/errors/app_failure_test.dart: unknown outcome rejects a blind retry recovery                                                                 00:21 +38: /Users/seg/Shemais/Shemais/zawolf_hr/test/core/errors/app_failure_test.dart: unknown outcome rejects a blind retry recovery                                                                 00:21 +38: /Users/seg/Shemais/Shemais/zawolf_hr/test/core/errors/app_failure_test.dart: unknown outcome requires checking status before retrying                                                       00:21 +39: /Users/seg/Shemais/Shemais/zawolf_hr/test/core/errors/app_failure_test.dart: unknown outcome requires checking status before retrying                                                       00:21 +39: /Users/seg/Shemais/Shemais/zawolf_hr/test/core/errors/app_failure_test.dart: duplicate conflict is confirmed and cannot be retried                                                          00:21 +40: /Users/seg/Shemais/Shemais/zawolf_hr/test/core/errors/app_failure_test.dart: duplicate conflict is confirmed and cannot be retried                                                          00:21 +40: /Users/seg/Shemais/Shemais/zawolf_hr/test/core/errors/app_failure_test.dart: diagnostic context refuses sensitive keys                                                                      00:21 +41: /Users/seg/Shemais/Shemais/zawolf_hr/test/core/errors/app_failure_test.dart: diagnostic context refuses sensitive keys                                                                      00:22 +41: /Users/seg/Shemais/Shemais/zawolf_hr/test/core/errors/app_failure_test.dart: diagnostic context refuses sensitive keys                                                                      00:22 +41: loading /Users/seg/Shemais/Shemais/zawolf_hr/test/core/errors/user_safe_failure_message_test.dart                                                                                           00:22 +41: /Users/seg/Shemais/Shemais/zawolf_hr/test/core/errors/user_safe_failure_message_test.dart: every failure category gives Arabic guidance without diagnostics                                 00:22 +42: /Users/seg/Shemais/Shemais/zawolf_hr/test/core/errors/user_safe_failure_message_test.dart: every failure category gives Arabic guidance without diagnostics                                 00:22 +42: /Users/seg/Shemais/Shemais/zawolf_hr/test/core/errors/user_safe_failure_message_test.dart: unknown outcomes tell the employee to check status before retrying                               00:22 +43: /Users/seg/Shemais/Shemais/zawolf_hr/test/core/errors/user_safe_failure_message_test.dart: unknown outcomes tell the employee to check status before retrying                               00:23 +43: /Users/seg/Shemais/Shemais/zawolf_hr/test/core/errors/user_safe_failure_message_test.dart: unknown outcomes tell the employee to check status before retrying                               00:23 +43: loading /Users/seg/Shemais/Shemais/zawolf_hr/test/core/errors/safe_presentation_message_test.dart                                                                                           00:23 +43: /Users/seg/Shemais/Shemais/zawolf_hr/test/core/errors/safe_presentation_message_test.dart: accepts an app-authored Arabic business instruction                                              00:23 +44: /Users/seg/Shemais/Shemais/zawolf_hr/test/core/errors/safe_presentation_message_test.dart: accepts an app-authored Arabic business instruction                                              00:23 +44: /Users/seg/Shemais/Shemais/zawolf_hr/test/core/errors/safe_presentation_message_test.dart: rejects a provider exception even when it contains Arabic text                                   00:23 +45: /Users/seg/Shemais/Shemais/zawolf_hr/test/core/errors/safe_presentation_message_test.dart: rejects a provider exception even when it contains Arabic text                                   00:24 +45: /Users/seg/Shemais/Shemais/zawolf_hr/test/core/errors/safe_presentation_message_test.dart: rejects a provider exception even when it contains Arabic text                                   00:25 +45: /Users/seg/Shemais/Shemais/zawolf_hr/test/core/errors/safe_presentation_message_test.dart: rejects a provider exception even when it contains Arabic text                                   00:26 +45: /Users/seg/Shemais/Shemais/zawolf_hr/test/core/errors/safe_presentation_message_test.dart: rejects a provider exception even when it contains Arabic text                                   00:27 +45: /Users/seg/Shemais/Shemais/zawolf_hr/test/core/errors/safe_presentation_message_test.dart: rejects a provider exception even when it contains Arabic text                                   00:27 +45: loading /Users/seg/Shemais/Shemais/zawolf_hr/test/core/errors/operation_result_test.dart                                                                                                    00:27 +45: /Users/seg/Shemais/Shemais/zawolf_hr/test/core/errors/operation_result_test.dart: success exposes its confirmed value without a failure                                                     00:27 +46: /Users/seg/Shemais/Shemais/zawolf_hr/test/core/errors/operation_result_test.dart: success exposes its confirmed value without a failure                                                     00:27 +46: /Users/seg/Shemais/Shemais/zawolf_hr/test/core/errors/operation_result_test.dart: failure exposes guidance without a success value                                                          00:27 +47: /Users/seg/Shemais/Shemais/zawolf_hr/test/core/errors/operation_result_test.dart: failure exposes guidance without a success value                                                          00:27 +47: loading /Users/seg/Shemais/Shemais/zawolf_hr/test/leave_request_policy_test.dart                                                                                                            00:27 +47: /Users/seg/Shemais/Shemais/zawolf_hr/test/leave_request_policy_test.dart: normal day off requires two calendar days notice                                                                  00:27 +48: /Users/seg/Shemais/Shemais/zawolf_hr/test/leave_request_policy_test.dart: normal day off requires two calendar days notice                                                                  00:27 +48: /Users/seg/Shemais/Shemais/zawolf_hr/test/leave_request_policy_test.dart: sick and casual leave can be requested the same morning                                                           00:27 +49: /Users/seg/Shemais/Shemais/zawolf_hr/test/leave_request_policy_test.dart: sick and casual leave can be requested the same morning                                                           00:27 +49: /Users/seg/Shemais/Shemais/zawolf_hr/test/leave_request_policy_test.dart: sick leave does not require an attachment                                                                         00:27 +50: /Users/seg/Shemais/Shemais/zawolf_hr/test/leave_request_policy_test.dart: sick leave does not require an attachment                                                                         00:27 +50: /Users/seg/Shemais/Shemais/zawolf_hr/test/leave_request_policy_test.dart: casual leave consumes its own quota and the total leave balance                                                   00:27 +51: /Users/seg/Shemais/Shemais/zawolf_hr/test/leave_request_policy_test.dart: casual leave consumes its own quota and the total leave balance                                                   00:27 +51: /Users/seg/Shemais/Shemais/zawolf_hr/test/leave_request_policy_test.dart: casual leave requires both balances to be available                                                               00:27 +52: /Users/seg/Shemais/Shemais/zawolf_hr/test/leave_request_policy_test.dart: casual leave requires both balances to be available                                                               00:27 +52: /Users/seg/Shemais/Shemais/zawolf_hr/test/leave_request_policy_test.dart: unpaid leave deducts salary but not leave balance                                                                 00:27 +53: /Users/seg/Shemais/Shemais/zawolf_hr/test/leave_request_policy_test.dart: unpaid leave deducts salary but not leave balance                                                                 00:27 +53: /Users/seg/Shemais/Shemais/zawolf_hr/test/leave_request_policy_test.dart: exam leave deducts neither salary nor leave balance                                                               00:27 +54: /Users/seg/Shemais/Shemais/zawolf_hr/test/leave_request_policy_test.dart: exam leave deducts neither salary nor leave balance                                                               00:27 +54: /Users/seg/Shemais/Shemais/zawolf_hr/test/leave_request_policy_test.dart: remote day deducts neither salary nor leave balance                                                               00:27 +55: /Users/seg/Shemais/Shemais/zawolf_hr/test/leave_request_policy_test.dart: remote day deducts neither salary nor leave balance                                                               00:27 +55: /Users/seg/Shemais/Shemais/zawolf_hr/test/leave_request_policy_test.dart: remote day and long leave require CEO approval                                                                    00:27 +56: /Users/seg/Shemais/Shemais/zawolf_hr/test/leave_request_policy_test.dart: remote day and long leave require CEO approval                                                                    00:27 +56: /Users/seg/Shemais/Shemais/zawolf_hr/test/leave_request_policy_test.dart: every leave request requires a reason                                                                             00:27 +57: /Users/seg/Shemais/Shemais/zawolf_hr/test/leave_request_policy_test.dart: every leave request requires a reason                                                                             00:27 +57: /Users/seg/Shemais/Shemais/zawolf_hr/test/leave_request_policy_test.dart: employees can submit separate non-overlapping day-off requests                                                    00:27 +58: /Users/seg/Shemais/Shemais/zawolf_hr/test/leave_request_policy_test.dart: employees can submit separate non-overlapping day-off requests                                                    00:27 +58: /Users/seg/Shemais/Shemais/zawolf_hr/test/leave_request_policy_test.dart: overlapping leave dates are still rejected                                                                        00:27 +59: /Users/seg/Shemais/Shemais/zawolf_hr/test/leave_request_policy_test.dart: overlapping leave dates are still rejected                                                                        00:27 +59: /Users/seg/Shemais/Shemais/zawolf_hr/test/leave_request_policy_test.dart: early leave, late arrival, and official leave remain selectable                                                   00:27 +60: /Users/seg/Shemais/Shemais/zawolf_hr/test/leave_request_policy_test.dart: early leave, late arrival, and official leave remain selectable                                                   00:28 +60: /Users/seg/Shemais/Shemais/zawolf_hr/test/leave_request_policy_test.dart: early leave, late arrival, and official leave remain selectable                                                   00:28 +60: loading /Users/seg/Shemais/Shemais/zawolf_hr/test/request_approval_policy_test.dart                                                                                                         00:28 +60: /Users/seg/Shemais/Shemais/zawolf_hr/test/request_approval_policy_test.dart: manager approval remains final by default                                                                      00:28 +61: /Users/seg/Shemais/Shemais/zawolf_hr/test/request_approval_policy_test.dart: manager approval remains final by default                                                                      00:28 +61: /Users/seg/Shemais/Shemais/zawolf_hr/test/request_approval_policy_test.dart: enabled policy routes final manager approval to HR                                                             00:28 +62: /Users/seg/Shemais/Shemais/zawolf_hr/test/request_approval_policy_test.dart: enabled policy routes final manager approval to HR                                                             00:28 +62: /Users/seg/Shemais/Shemais/zawolf_hr/test/request_approval_policy_test.dart: early leave approval remains in the normal approval path                                                       00:28 +63: /Users/seg/Shemais/Shemais/zawolf_hr/test/request_approval_policy_test.dart: early leave approval remains in the normal approval path                                                       00:29 +63: /Users/seg/Shemais/Shemais/zawolf_hr/test/request_approval_policy_test.dart: early leave approval remains in the normal approval path                                                       00:29 +63: loading /Users/seg/Shemais/Shemais/zawolf_hr/test/leave_entitlement_policy_test.dart                                                                                                        00:29 +63: /Users/seg/Shemais/Shemais/zawolf_hr/test/leave_entitlement_policy_test.dart: company annual leave quota is 15 days                                                                         00:29 +64: /Users/seg/Shemais/Shemais/zawolf_hr/test/leave_entitlement_policy_test.dart: company annual leave quota is 15 days                                                                         00:29 +64: /Users/seg/Shemais/Shemais/zawolf_hr/test/leave_entitlement_policy_test.dart: employee remains on probation until six-month anniversary                                                     00:29 +65: /Users/seg/Shemais/Shemais/zawolf_hr/test/leave_entitlement_policy_test.dart: employee remains on probation until six-month anniversary                                                     00:29 +65: /Users/seg/Shemais/Shemais/zawolf_hr/test/leave_entitlement_policy_test.dart: month-end hiring dates produce a valid six-month anniversary                                                  00:29 +66: /Users/seg/Shemais/Shemais/zawolf_hr/test/leave_entitlement_policy_test.dart: month-end hiring dates produce a valid six-month anniversary                                                  00:30 +66: /Users/seg/Shemais/Shemais/zawolf_hr/test/leave_entitlement_policy_test.dart: month-end hiring dates produce a valid six-month anniversary                                                  00:31 +66: /Users/seg/Shemais/Shemais/zawolf_hr/test/leave_entitlement_policy_test.dart: month-end hiring dates produce a valid six-month anniversary                                                  00:32 +66: /Users/seg/Shemais/Shemais/zawolf_hr/test/leave_entitlement_policy_test.dart: month-end hiring dates produce a valid six-month anniversary                                                  00:33 +66: /Users/seg/Shemais/Shemais/zawolf_hr/test/leave_entitlement_policy_test.dart: month-end hiring dates produce a valid six-month anniversary                                                  00:34 +66: /Users/seg/Shemais/Shemais/zawolf_hr/test/leave_entitlement_policy_test.dart: month-end hiring dates produce a valid six-month anniversary                                                  00:34 +66: loading /Users/seg/Shemais/Shemais/zawolf_hr/test/app_security_policy_test.dart                                                                                                             00:34 +66: /Users/seg/Shemais/Shemais/zawolf_hr/test/app_security_policy_test.dart: security policy preserves force-update and attendance controls                                                     00:34 +67: /Users/seg/Shemais/Shemais/zawolf_hr/test/app_security_policy_test.dart: security policy preserves force-update and attendance controls                                                     00:34 +67: /Users/seg/Shemais/Shemais/zawolf_hr/test/app_security_policy_test.dart: security policy defaults protect Android developer settings                                                        00:34 +68: /Users/seg/Shemais/Shemais/zawolf_hr/test/app_security_policy_test.dart: security policy defaults protect Android developer settings                                                        00:34 +68: loading /Users/seg/Shemais/Shemais/zawolf_hr/test/user_facing_error_test.dart                                                                                                               00:34 +68: /Users/seg/Shemais/Shemais/zawolf_hr/test/user_facing_error_test.dart: quota errors explain that the request was not saved                                                                  00:34 +69: /Users/seg/Shemais/Shemais/zawolf_hr/test/user_facing_error_test.dart: quota errors explain that the request was not saved                                                                  00:34 +69: /Users/seg/Shemais/Shemais/zawolf_hr/test/user_facing_error_test.dart: service interruption errors give a retry action                                                                      00:34 +70: /Users/seg/Shemais/Shemais/zawolf_hr/test/user_facing_error_test.dart: service interruption errors give a retry action                                                                      00:34 +70: /Users/seg/Shemais/Shemais/zawolf_hr/test/user_facing_error_test.dart: never exposes raw Firebase details from an arbitrary exception                                                       00:34 +71: /Users/seg/Shemais/Shemais/zawolf_hr/test/user_facing_error_test.dart: never exposes raw Firebase details from an arbitrary exception                                                       00:34 +71: /Users/seg/Shemais/Shemais/zawolf_hr/test/user_facing_error_test.dart: keeps application-authored Arabic business guidance                                                                  00:34 +72: /Users/seg/Shemais/Shemais/zawolf_hr/test/user_facing_error_test.dart: keeps application-authored Arabic business guidance                                                                  00:35 +72: /Users/seg/Shemais/Shemais/zawolf_hr/test/user_facing_error_test.dart: keeps application-authored Arabic business guidance                                                                  00:36 +72: /Users/seg/Shemais/Shemais/zawolf_hr/test/user_facing_error_test.dart: keeps application-authored Arabic business guidance                                                                  00:36 +72: loading /Users/seg/Shemais/Shemais/zawolf_hr/test/stream_subscription_lifecycle_test.dart                                                                                                   00:36 +72: /Users/seg/Shemais/Shemais/zawolf_hr/test/stream_subscription_lifecycle_test.dart: Company OS presentation does not own live backend subscriptions                                          00:36 +73: /Users/seg/Shemais/Shemais/zawolf_hr/test/stream_subscription_lifecycle_test.dart: Company OS presentation does not own live backend subscriptions                                          00:36 +73: /Users/seg/Shemais/Shemais/zawolf_hr/test/stream_subscription_lifecycle_test.dart: organization presentation owns no backend stream subscriptions                                           00:36 +74: /Users/seg/Shemais/Shemais/zawolf_hr/test/stream_subscription_lifecycle_test.dart: organization presentation owns no backend stream subscriptions                                           00:36 +74: /Users/seg/Shemais/Shemais/zawolf_hr/test/stream_subscription_lifecycle_test.dart: visibility Cubit owns one subscription and cancels it on close                                           00:36 +75: /Users/seg/Shemais/Shemais/zawolf_hr/test/stream_subscription_lifecycle_test.dart: visibility Cubit owns one subscription and cancels it on close                                           00:36 +75: loading /Users/seg/Shemais/Shemais/zawolf_hr/test/sales_kpi_summary_test.dart                                                                                                               00:36 +75: /Users/seg/Shemais/Shemais/zawolf_hr/test/sales_kpi_summary_test.dart: SalesKpiSummary parses API summary values defensively                                                                00:37 +75: /Users/seg/Shemais/Shemais/zawolf_hr/test/sales_kpi_summary_test.dart: SalesKpiSummary parses API summary values defensively                                                                00:37 +76: /Users/seg/Shemais/Shemais/zawolf_hr/test/sales_kpi_summary_test.dart: SalesKpiSummary parses API summary values defensively                                                                00:37 +76: /Users/seg/Shemais/Shemais/zawolf_hr/test/sales_kpi_summary_test.dart: SalesKpiSummary defaults legacy records to SAR                                                                       00:37 +77: /Users/seg/Shemais/Shemais/zawolf_hr/test/sales_kpi_summary_test.dart: SalesKpiSummary defaults legacy records to SAR                                                                       00:37 +77: /Users/seg/Shemais/Shemais/zawolf_hr/test/sales_kpi_summary_test.dart: SalesKpiSummary exposes API identity diagnostics                                                                     00:37 +78: /Users/seg/Shemais/Shemais/zawolf_hr/test/sales_kpi_summary_test.dart: SalesKpiSummary exposes API identity diagnostics                                                                     00:37 +78: /Users/seg/Shemais/Shemais/zawolf_hr/test/sales_kpi_summary_test.dart: legacy tele-sales agent mappings use the persisted tele_sales kind                                                   00:37 +79: /Users/seg/Shemais/Shemais/zawolf_hr/test/sales_kpi_summary_test.dart: legacy tele-sales agent mappings use the persisted tele_sales kind                                                   00:37 +79: /Users/seg/Shemais/Shemais/zawolf_hr/test/sales_kpi_summary_test.dart: unmapped API identities do not count as linked employees                                                             00:37 +80: /Users/seg/Shemais/Shemais/zawolf_hr/test/sales_kpi_summary_test.dart: unmapped API identities do not count as linked employees                                                             00:38 +80: /Users/seg/Shemais/Shemais/zawolf_hr/test/sales_kpi_summary_test.dart: unmapped API identities do not count as linked employees                                                             00:39 +80: /Users/seg/Shemais/Shemais/zawolf_hr/test/sales_kpi_summary_test.dart: unmapped API identities do not count as linked employees                                                             00:40 +80: loading /Users/seg/Shemais/Shemais/zawolf_hr/test/notification_route_test.dart                                                                                                              00:40 +80: /Users/seg/Shemais/Shemais/zawolf_hr/test/notification_route_test.dart: announcements and polls open valid shared routes                                                                    00:40 +81: /Users/seg/Shemais/Shemais/zawolf_hr/test/notification_route_test.dart: announcements and polls open valid shared routes                                                                    00:40 +81: /Users/seg/Shemais/Shemais/zawolf_hr/test/notification_route_test.dart: deduction decisions open the employee deduction history                                                             00:40 +82: /Users/seg/Shemais/Shemais/zawolf_hr/test/notification_route_test.dart: deduction decisions open the employee deduction history                                                             00:40 +82: /Users/seg/Shemais/Shemais/zawolf_hr/test/notification_route_test.dart: account and resignation notifications have actionable routes                                                        00:40 +83: /Users/seg/Shemais/Shemais/zawolf_hr/test/notification_route_test.dart: account and resignation notifications have actionable routes                                                        00:40 +83: /Users/seg/Shemais/Shemais/zawolf_hr/test/notification_route_test.dart: unknown notification types stay in the notification inbox                                                           00:40 +84: /Users/seg/Shemais/Shemais/zawolf_hr/test/notification_route_test.dart: unknown notification types stay in the notification inbox                                                           00:40 +84: /Users/seg/Shemais/Shemais/zawolf_hr/test/notification_route_test.dart: administrative and field mission approvals open management                                                          00:40 +85: /Users/seg/Shemais/Shemais/zawolf_hr/test/notification_route_test.dart: administrative and field mission approvals open management                                                          00:40 +85: /Users/seg/Shemais/Shemais/zawolf_hr/test/notification_route_test.dart: unknown push routes fall back to a valid route for the type                                                         00:40 +86: /Users/seg/Shemais/Shemais/zawolf_hr/test/notification_route_test.dart: unknown push routes fall back to a valid route for the type                                                         00:40 +86: /Users/seg/Shemais/Shemais/zawolf_hr/test/notification_route_test.dart: known routes preserve query parameters                                                                              00:40 +87: /Users/seg/Shemais/Shemais/zawolf_hr/test/notification_route_test.dart: known routes preserve query parameters                                                                              00:40 +87: loading /Users/seg/Shemais/Shemais/zawolf_hr/test/manager_approval_chain_test.dart                                                                                                          00:40 +87: /Users/seg/Shemais/Shemais/zawolf_hr/test/manager_approval_chain_test.dart: manager approval chain preserves low-to-high order and removes duplicates                                       00:40 +88: /Users/seg/Shemais/Shemais/zawolf_hr/test/manager_approval_chain_test.dart: manager approval chain preserves low-to-high order and removes duplicates                                       00:40 +88: /Users/seg/Shemais/Shemais/zawolf_hr/test/manager_approval_chain_test.dart: manager approval chain uses legacy direct manager only when list is empty                                       00:40 +89: /Users/seg/Shemais/Shemais/zawolf_hr/test/manager_approval_chain_test.dart: manager approval chain uses legacy direct manager only when list is empty                                       00:40 +89: /Users/seg/Shemais/Shemais/zawolf_hr/test/manager_approval_chain_test.dart: manager approval chain places the assigned team leader before managers                                          00:40 +90: /Users/seg/Shemais/Shemais/zawolf_hr/test/manager_approval_chain_test.dart: manager approval chain places the assigned team leader before managers                                          00:40 +90: /Users/seg/Shemais/Shemais/zawolf_hr/test/manager_approval_chain_test.dart: manager approval chain ignores a stale saved index and follows current manager id                               00:40 +91: /Users/seg/Shemais/Shemais/zawolf_hr/test/manager_approval_chain_test.dart: manager approval chain ignores a stale saved index and follows current manager id                               00:40 +91: /Users/seg/Shemais/Shemais/zawolf_hr/test/manager_approval_chain_test.dart: manager approval chain does not add a super admin unless explicitly assigned                                    00:40 +92: /Users/seg/Shemais/Shemais/zawolf_hr/test/manager_approval_chain_test.dart: manager approval chain does not add a super admin unless explicitly assigned                                    00:40 +92: /Users/seg/Shemais/Shemais/zawolf_hr/test/manager_approval_chain_test.dart: manager approval chain every managerless request uses the HR fallback                                           00:40 +93: /Users/seg/Shemais/Shemais/zawolf_hr/test/manager_approval_chain_test.dart: manager approval chain every managerless request uses the HR fallback                                           00:40 +93: /Users/seg/Shemais/Shemais/zawolf_hr/test/manager_approval_chain_test.dart: Unified HR capabilities normal HR can manage privileged accounts and access reports                             00:40 +94: /Users/seg/Shemais/Shemais/zawolf_hr/test/manager_approval_chain_test.dart: Unified HR capabilities normal HR can manage privileged accounts and access reports                             00:40 +94: /Users/seg/Shemais/Shemais/zawolf_hr/test/manager_approval_chain_test.dart: Unified HR capabilities legacy HR Manager is normalized to normal HR                                            00:40 +95: /Users/seg/Shemais/Shemais/zawolf_hr/test/manager_approval_chain_test.dart: Unified HR capabilities legacy HR Manager is normalized to normal HR                                            00:40 +95: /Users/seg/Shemais/Shemais/zawolf_hr/test/manager_approval_chain_test.dart: Unified HR capabilities HR-stage reviewers exclude super admin                                                  00:40 +96: /Users/seg/Shemais/Shemais/zawolf_hr/test/manager_approval_chain_test.dart: Unified HR capabilities HR-stage reviewers exclude super admin                                                  00:41 +96: /Users/seg/Shemais/Shemais/zawolf_hr/test/manager_approval_chain_test.dart: Unified HR capabilities HR-stage reviewers exclude super admin                                                  00:42 +96: /Users/seg/Shemais/Shemais/zawolf_hr/test/manager_approval_chain_test.dart: Unified HR capabilities HR-stage reviewers exclude super admin                                                  00:43 +96: /Users/seg/Shemais/Shemais/zawolf_hr/test/manager_approval_chain_test.dart: Unified HR capabilities HR-stage reviewers exclude super admin                                                  00:44 +96: /Users/seg/Shemais/Shemais/zawolf_hr/test/manager_approval_chain_test.dart: Unified HR capabilities HR-stage reviewers exclude super admin                                                  00:44 +96: loading /Users/seg/Shemais/Shemais/zawolf_hr/test/design_system/tokens_test.dart                                                                                                            00:44 +96: /Users/seg/Shemais/Shemais/zawolf_hr/test/design_system/tokens_test.dart: DsStatusColor mapping present and approved map to wolfGreen                                                       00:44 +97: /Users/seg/Shemais/Shemais/zawolf_hr/test/design_system/tokens_test.dart: DsStatusColor mapping present and approved map to wolfGreen                                                       00:44 +97: /Users/seg/Shemais/Shemais/zawolf_hr/test/design_system/tokens_test.dart: DsStatusColor mapping late maps to warning family, absent/rejected to error family                                00:44 +98: /Users/seg/Shemais/Shemais/zawolf_hr/test/design_system/tokens_test.dart: DsStatusColor mapping late maps to warning family, absent/rejected to error family                                00:44 +98: /Users/seg/Shemais/Shemais/zawolf_hr/test/design_system/tokens_test.dart: DsStatusColor mapping pendingAction maps to the primary cyan accent                                               00:44 +99: /Users/seg/Shemais/Shemais/zawolf_hr/test/design_system/tokens_test.dart: DsStatusColor mapping pendingAction maps to the primary cyan accent                                               00:44 +99: /Users/seg/Shemais/Shemais/zawolf_hr/test/design_system/tokens_test.dart: Design tokens spacing scale is strictly increasing                                                                00:44 +100: /Users/seg/Shemais/Shemais/zawolf_hr/test/design_system/tokens_test.dart: Design tokens spacing scale is strictly increasing                                                               00:44 +100: /Users/seg/Shemais/Shemais/zawolf_hr/test/design_system/tokens_test.dart: Design tokens motion durations stay within the 150-250ms contract                                                00:44 +101: /Users/seg/Shemais/Shemais/zawolf_hr/test/design_system/tokens_test.dart: Design tokens motion durations stay within the 150-250ms contract                                                00:44 +101: loading /Users/seg/Shemais/Shemais/zawolf_hr/test/design_system/wolf_button_test.dart                                                                                                      00:44 +101: /Users/seg/Shemais/Shemais/zawolf_hr/test/design_system/wolf_button_test.dart: WolfButton primary fires tap when enabled                                                                   00:45 +101: /Users/seg/Shemais/Shemais/zawolf_hr/test/design_system/wolf_button_test.dart: WolfButton primary fires tap when enabled                                                                   00:46 +101: /Users/seg/Shemais/Shemais/zawolf_hr/test/design_system/wolf_button_test.dart: WolfButton primary fires tap when enabled                                                                   00:47 +101: /Users/seg/Shemais/Shemais/zawolf_hr/test/design_system/wolf_button_test.dart: WolfButton primary fires tap when enabled                                                                   00:48 +101: /Users/seg/Shemais/Shemais/zawolf_hr/test/design_system/wolf_button_test.dart: WolfButton primary fires tap when enabled                                                                   00:49 +101: /Users/seg/Shemais/Shemais/zawolf_hr/test/design_system/wolf_button_test.dart: WolfButton primary fires tap when enabled                                                                   00:50 +101: /Users/seg/Shemais/Shemais/zawolf_hr/test/design_system/wolf_button_test.dart: WolfButton primary fires tap when enabled                                                                   00:51 +101: /Users/seg/Shemais/Shemais/zawolf_hr/test/design_system/wolf_button_test.dart: WolfButton primary fires tap when enabled                                                                   00:52 +101: /Users/seg/Shemais/Shemais/zawolf_hr/test/design_system/wolf_button_test.dart: WolfButton primary fires tap when enabled                                                                   00:53 +101: /Users/seg/Shemais/Shemais/zawolf_hr/test/design_system/wolf_button_test.dart: WolfButton primary fires tap when enabled                                                                   00:53 +102: /Users/seg/Shemais/Shemais/zawolf_hr/test/design_system/wolf_button_test.dart: WolfButton primary fires tap when enabled                                                                   00:53 +103: /Users/seg/Shemais/Shemais/zawolf_hr/test/design_system/wolf_button_test.dart: WolfButton primary fires tap when enabled                                                                   00:53 +104: /Users/seg/Shemais/Shemais/zawolf_hr/test/design_system/wolf_button_test.dart: WolfButton primary fires tap when enabled                                                                   00:54 +104: /Users/seg/Shemais/Shemais/zawolf_hr/test/design_system/wolf_button_test.dart: WolfButton primary fires tap when enabled                                                                   00:54 +105: /Users/seg/Shemais/Shemais/zawolf_hr/test/design_system/wolf_button_test.dart: WolfButton primary fires tap when enabled                                                                   00:54 +105: /Users/seg/Shemais/Shemais/zawolf_hr/test/design_system/wolf_button_test.dart: WolfButton loading blocks taps                                                                              00:55 +105: /Users/seg/Shemais/Shemais/zawolf_hr/test/design_system/wolf_button_test.dart: WolfButton loading blocks taps                                                                              00:55 +106: /Users/seg/Shemais/Shemais/zawolf_hr/test/design_system/wolf_button_test.dart: WolfButton loading blocks taps                                                                              00:55 +106: /Users/seg/Shemais/Shemais/zawolf_hr/test/design_system/wolf_button_test.dart: WolfButton disabled renders dimmed and inert                                                                00:55 +107: /Users/seg/Shemais/Shemais/zawolf_hr/test/design_system/wolf_button_test.dart: WolfButton disabled renders dimmed and inert                                                                00:55 +108: /Users/seg/Shemais/Shemais/zawolf_hr/test/design_system/wolf_button_test.dart: WolfButton disabled renders dimmed and inert                                                                00:55 +109: /Users/seg/Shemais/Shemais/zawolf_hr/test/design_system/wolf_button_test.dart: WolfButton disabled renders dimmed and inert                                                                00:55 +110: /Users/seg/Shemais/Shemais/zawolf_hr/test/design_system/wolf_button_test.dart: WolfButton disabled renders dimmed and inert                                                                00:55 +111: /Users/seg/Shemais/Shemais/zawolf_hr/test/design_system/wolf_button_test.dart: WolfButton disabled renders dimmed and inert                                                                00:55 +111: /Users/seg/Shemais/Shemais/zawolf_hr/test/design_system/wolf_button_test.dart: WolfButton ghost variant has no fill decoration                                                             00:55 +112: /Users/seg/Shemais/Shemais/zawolf_hr/test/design_system/wolf_button_test.dart: WolfButton ghost variant has no fill decoration                                                             00:56 +112: /Users/seg/Shemais/Shemais/zawolf_hr/test/design_system/wolf_button_test.dart: WolfButton ghost variant has no fill decoration                                                             00:57 +112: /Users/seg/Shemais/Shemais/zawolf_hr/test/design_system/wolf_button_test.dart: WolfButton ghost variant has no fill decoration                                                             00:58 +112: /Users/seg/Shemais/Shemais/zawolf_hr/test/design_system/wolf_button_test.dart: WolfButton ghost variant has no fill decoration                                                             00:58 +112: loading /Users/seg/Shemais/Shemais/zawolf_hr/test/design_system/components_test.dart                                                                                                       00:58 +112: /Users/seg/Shemais/Shemais/zawolf_hr/test/design_system/components_test.dart: StatusPill renders label and dot with mapped color                                                           00:59 +112: /Users/seg/Shemais/Shemais/zawolf_hr/test/design_system/components_test.dart: StatusPill renders label and dot with mapped color                                                           00:59 +113: /Users/seg/Shemais/Shemais/zawolf_hr/test/design_system/components_test.dart: StatusPill renders label and dot with mapped color                                                           00:59 +113: /Users/seg/Shemais/Shemais/zawolf_hr/test/design_system/components_test.dart: DsBadge hidden at zero, shows count otherwise                                                                00:59 +114: /Users/seg/Shemais/Shemais/zawolf_hr/test/design_system/components_test.dart: DsBadge hidden at zero, shows count otherwise                                                                00:59 +114: /Users/seg/Shemais/Shemais/zawolf_hr/test/design_system/components_test.dart: DsBadge caps display at 99+                                                                                  00:59 +115: /Users/seg/Shemais/Shemais/zawolf_hr/test/design_system/components_test.dart: DsBadge caps display at 99+                                                                                  00:59 +115: /Users/seg/Shemais/Shemais/zawolf_hr/test/design_system/components_test.dart: PriorityStrip hidden when no item qualifies                                                                  00:59 +116: /Users/seg/Shemais/Shemais/zawolf_hr/test/design_system/components_test.dart: PriorityStrip hidden when no item qualifies                                                                  00:59 +116: /Users/seg/Shemais/Shemais/zawolf_hr/test/design_system/components_test.dart: PriorityStrip shows qualifying items and fires tap                                                           00:59 +117: /Users/seg/Shemais/Shemais/zawolf_hr/test/design_system/components_test.dart: PriorityStrip shows qualifying items and fires tap                                                           00:59 +117: /Users/seg/Shemais/Shemais/zawolf_hr/test/design_system/components_test.dart: FilterBar reports selected chip id                                                                           01:00 +117: /Users/seg/Shemais/Shemais/zawolf_hr/test/design_system/components_test.dart: FilterBar reports selected chip id                                                                           01:00 +118: /Users/seg/Shemais/Shemais/zawolf_hr/test/design_system/components_test.dart: FilterBar reports selected chip id                                                                           01:00 +118: /Users/seg/Shemais/Shemais/zawolf_hr/test/design_system/components_test.dart: Feedback states ErrorState retry callback fires                                                              01:00 +119: /Users/seg/Shemais/Shemais/zawolf_hr/test/design_system/components_test.dart: Feedback states ErrorState retry callback fires                                                              01:00 +119: /Users/seg/Shemais/Shemais/zawolf_hr/test/design_system/components_test.dart: Feedback states SkeletonList renders requested item count                                                    01:00 +120: /Users/seg/Shemais/Shemais/zawolf_hr/test/design_system/components_test.dart: Feedback states SkeletonList renders requested item count                                                    01:00 +120: /Users/seg/Shemais/Shemais/zawolf_hr/test/design_system/components_test.dart: StatCard tap fires navigation callback                                                                       01:00 +121: /Users/seg/Shemais/Shemais/zawolf_hr/test/design_system/components_test.dart: StatCard tap fires navigation callback                                                                       01:00 +121: /Users/seg/Shemais/Shemais/zawolf_hr/test/design_system/components_test.dart: StatCard without onTap renders inert card                                                                    01:00 +122: /Users/seg/Shemais/Shemais/zawolf_hr/test/design_system/components_test.dart: StatCard without onTap renders inert card                                                                    01:00 +122: /Users/seg/Shemais/Shemais/zawolf_hr/test/design_system/components_test.dart: SectionHeader عرض الكل action fires callback when provided                                                   01:00 +123: /Users/seg/Shemais/Shemais/zawolf_hr/test/design_system/components_test.dart: SectionHeader عرض الكل action fires callback when provided                                                   01:00 +123: /Users/seg/Shemais/Shemais/zawolf_hr/test/design_system/components_test.dart: SectionHeader hides action when onAction missing                                                             01:00 +124: /Users/seg/Shemais/Shemais/zawolf_hr/test/design_system/components_test.dart: SectionHeader hides action when onAction missing                                                             01:00 +124: loading /Users/seg/Shemais/Shemais/zawolf_hr/test/design_system/master_detail_test.dart                                                                                                    01:00 +124: /Users/seg/Shemais/Shemais/zawolf_hr/test/design_system/master_detail_test.dart: wide layout shows table with side detail panel                                                            01:01 +124: /Users/seg/Shemais/Shemais/zawolf_hr/test/design_system/master_detail_test.dart: wide layout shows table with side detail panel                                                            01:01 +125: /Users/seg/Shemais/Shemais/zawolf_hr/test/design_system/master_detail_test.dart: wide layout shows table with side detail panel                                                            01:01 +126: /Users/seg/Shemais/Shemais/zawolf_hr/test/design_system/master_detail_test.dart: wide layout shows table with side detail panel                                                            01:02 +126: /Users/seg/Shemais/Shemais/zawolf_hr/test/design_system/master_detail_test.dart: wide layout shows table with side detail panel                                                            01:02 +127: /Users/seg/Shemais/Shemais/zawolf_hr/test/design_system/master_detail_test.dart: wide layout shows table with side detail panel                                                            01:02 +128: /Users/seg/Shemais/Shemais/zawolf_hr/test/design_system/master_detail_test.dart: wide layout shows table with side detail panel                                                            01:02 +128: /Users/seg/Shemais/Shemais/zawolf_hr/test/design_system/master_detail_test.dart: wide layout shows empty hint when nothing is selected                                                     01:02 +129: /Users/seg/Shemais/Shemais/zawolf_hr/test/design_system/master_detail_test.dart: wide layout shows empty hint when nothing is selected                                                     01:02 +129: /Users/seg/Shemais/Shemais/zawolf_hr/test/design_system/master_detail_test.dart: narrow layout renders list tiles instead of the grid                                                      01:02 +130: /Users/seg/Shemais/Shemais/zawolf_hr/test/design_system/master_detail_test.dart: narrow layout renders list tiles instead of the grid                                                      01:02 +130: /Users/seg/Shemais/Shemais/zawolf_hr/test/design_system/master_detail_test.dart: selection clears when its row disappears                                                                  01:02 +131: /Users/seg/Shemais/Shemais/zawolf_hr/test/design_system/master_detail_test.dart: selection clears when its row disappears                                                                  01:03 +131: /Users/seg/Shemais/Shemais/zawolf_hr/test/design_system/master_detail_test.dart: selection clears when its row disappears                                                                  01:04 +131: /Users/seg/Shemais/Shemais/zawolf_hr/test/design_system/master_detail_test.dart: selection clears when its row disappears                                                                  01:04 +131: loading /Users/seg/Shemais/Shemais/zawolf_hr/test/features/sales_indicators/sales_indicators_repository_impl_test.dart                                                                     01:04 +131: /Users/seg/Shemais/Shemais/zawolf_hr/test/features/sales_indicators/sales_indicators_repository_impl_test.dart: preserves provider totals for visible but safely unmapped rows             01:04 +132: /Users/seg/Shemais/Shemais/zawolf_hr/test/features/sales_indicators/sales_indicators_repository_impl_test.dart: preserves provider totals for visible but safely unmapped rows             01:04 +132: /Users/seg/Shemais/Shemais/zawolf_hr/test/features/sales_indicators/sales_indicators_repository_impl_test.dart: syncs a missing filtered snapshot and retries the read once                01:04 +133: /Users/seg/Shemais/Shemais/zawolf_hr/test/features/sales_indicators/sales_indicators_repository_impl_test.dart: syncs a missing filtered snapshot and retries the read once                01:05 +133: /Users/seg/Shemais/Shemais/zawolf_hr/test/features/sales_indicators/sales_indicators_repository_impl_test.dart: syncs a missing filtered snapshot and retries the read once                01:06 +133: /Users/seg/Shemais/Shemais/zawolf_hr/test/features/sales_indicators/sales_indicators_repository_impl_test.dart: syncs a missing filtered snapshot and retries the read once                01:07 +133: /Users/seg/Shemais/Shemais/zawolf_hr/test/features/sales_indicators/sales_indicators_repository_impl_test.dart: syncs a missing filtered snapshot and retries the read once                01:07 +133: loading /Users/seg/Shemais/Shemais/zawolf_hr/test/features/sales_indicators/sales_indicators_filter_test.dart                                                                              01:07 +133: /Users/seg/Shemais/Shemais/zawolf_hr/test/features/sales_indicators/sales_indicators_filter_test.dart: uses one filter contract and filters roles without another read                     01:07 +134: /Users/seg/Shemais/Shemais/zawolf_hr/test/features/sales_indicators/sales_indicators_filter_test.dart: uses one filter contract and filters roles without another read                     01:08 +134: /Users/seg/Shemais/Shemais/zawolf_hr/test/features/sales_indicators/sales_indicators_filter_test.dart: uses one filter contract and filters roles without another read                     01:08 +135: /Users/seg/Shemais/Shemais/zawolf_hr/test/features/sales_indicators/sales_indicators_filter_test.dart: uses one filter contract and filters roles without another read                     01:08 +135: /Users/seg/Shemais/Shemais/zawolf_hr/test/features/sales_indicators/sales_indicators_filter_test.dart: reloads the provider snapshot when the saved filter changes                         01:09 +135: /Users/seg/Shemais/Shemais/zawolf_hr/test/features/sales_indicators/sales_indicators_filter_test.dart: reloads the provider snapshot when the saved filter changes                         01:09 +136: /Users/seg/Shemais/Shemais/zawolf_hr/test/features/sales_indicators/sales_indicators_filter_test.dart: reloads the provider snapshot when the saved filter changes                         01:09 +136: loading /Users/seg/Shemais/Shemais/zawolf_hr/test/features/company_workspace/data/workspace_operation_outbox_test.dart                                                                     01:09 +136: /Users/seg/Shemais/Shemais/zawolf_hr/test/features/company_workspace/data/workspace_operation_outbox_test.dart: persists a pending mutation and restores its original operation ID         01:09 +137: /Users/seg/Shemais/Shemais/zawolf_hr/test/features/company_workspace/data/workspace_operation_outbox_test.dart: persists a pending mutation and restores its original operation ID         01:09 +137: /Users/seg/Shemais/Shemais/zawolf_hr/test/features/company_workspace/data/workspace_operation_outbox_test.dart: never replays or removes another employee operation                        01:09 +138: /Users/seg/Shemais/Shemais/zawolf_hr/test/features/company_workspace/data/workspace_operation_outbox_test.dart: never replays or removes another employee operation                        01:10 +138: /Users/seg/Shemais/Shemais/zawolf_hr/test/features/company_workspace/data/workspace_operation_outbox_test.dart: never replays or removes another employee operation                        01:11 +138: /Users/seg/Shemais/Shemais/zawolf_hr/test/features/company_workspace/data/workspace_operation_outbox_test.dart: never replays or removes another employee operation                        01:11 +138: loading /Users/seg/Shemais/Shemais/zawolf_hr/test/features/company_workspace/data/company_workspace_repository_test.dart                                                                   01:11 +138: /Users/seg/Shemais/Shemais/zawolf_hr/test/features/company_workspace/data/company_workspace_repository_test.dart: gateway refreshes identity and sends only the stable operation ID        01:11 +139: /Users/seg/Shemais/Shemais/zawolf_hr/test/features/company_workspace/data/company_workspace_repository_test.dart: gateway refreshes identity and sends only the stable operation ID        01:11 +139: /Users/seg/Shemais/Shemais/zawolf_hr/test/features/company_workspace/data/company_workspace_repository_test.dart: gateway converts a provider denial into a safe structured failure        01:11 +140: /Users/seg/Shemais/Shemais/zawolf_hr/test/features/company_workspace/data/company_workspace_repository_test.dart: gateway converts a provider denial into a safe structured failure        01:11 +140: /Users/seg/Shemais/Shemais/zawolf_hr/test/features/company_workspace/data/company_workspace_repository_test.dart: unconfirmed write remains in outbox and reuses its ID                    01:11 +141: /Users/seg/Shemais/Shemais/zawolf_hr/test/features/company_workspace/data/company_workspace_repository_test.dart: unconfirmed write remains in outbox and reuses its ID                    01:11 +141: /Users/seg/Shemais/Shemais/zawolf_hr/test/features/company_workspace/data/company_workspace_repository_test.dart: resource page mapper accepts only safe resource metadata                 01:11 +142: /Users/seg/Shemais/Shemais/zawolf_hr/test/features/company_workspace/data/company_workspace_repository_test.dart: resource page mapper accepts only safe resource metadata                 01:11 +142: loading /Users/seg/Shemais/Shemais/zawolf_hr/test/features/company_workspace/domain/workspace_access_policy_test.dart                                                                      01:11 +142: /Users/seg/Shemais/Shemais/zawolf_hr/test/features/company_workspace/domain/workspace_access_policy_test.dart: department and team grants are inherited                                    01:11 +143: /Users/seg/Shemais/Shemais/zawolf_hr/test/features/company_workspace/domain/workspace_access_policy_test.dart: department and team grants are inherited                                    01:11 +143: /Users/seg/Shemais/Shemais/zawolf_hr/test/features/company_workspace/domain/workspace_access_policy_test.dart: resource-specific grant applies only to its named actor                     01:11 +144: /Users/seg/Shemais/Shemais/zawolf_hr/test/features/company_workspace/domain/workspace_access_policy_test.dart: resource-specific grant applies only to its named actor                     01:11 +144: /Users/seg/Shemais/Shemais/zawolf_hr/test/features/company_workspace/domain/workspace_access_policy_test.dart: revoked and stale grants do not create access                               01:11 +145: /Users/seg/Shemais/Shemais/zawolf_hr/test/features/company_workspace/domain/workspace_access_policy_test.dart: revoked and stale grants do not create access                               01:12 +145: /Users/seg/Shemais/Shemais/zawolf_hr/test/features/company_workspace/domain/workspace_access_policy_test.dart: revoked and stale grants do not create access                               01:13 +145: /Users/seg/Shemais/Shemais/zawolf_hr/test/features/company_workspace/domain/workspace_access_policy_test.dart: revoked and stale grants do not create access                               01:13 +145: loading /Users/seg/Shemais/Shemais/zawolf_hr/test/features/company_workspace/domain/workspace_domain_test.dart                                                                             01:13 +145: /Users/seg/Shemais/Shemais/zawolf_hr/test/features/company_workspace/domain/workspace_domain_test.dart: edit access includes normal view, download and comment actions                     01:13 +146: /Users/seg/Shemais/Shemais/zawolf_hr/test/features/company_workspace/domain/workspace_domain_test.dart: edit access includes normal view, download and comment actions                     01:13 +146: /Users/seg/Shemais/Shemais/zawolf_hr/test/features/company_workspace/domain/workspace_domain_test.dart: revoked grants never provide access                                                01:13 +147: /Users/seg/Shemais/Shemais/zawolf_hr/test/features/company_workspace/domain/workspace_domain_test.dart: revoked grants never provide access                                                01:13 +147: /Users/seg/Shemais/Shemais/zawolf_hr/test/features/company_workspace/domain/workspace_domain_test.dart: an explicit matching deny overrides inherited access                               01:13 +148: /Users/seg/Shemais/Shemais/zawolf_hr/test/features/company_workspace/domain/workspace_domain_test.dart: an explicit matching deny overrides inherited access                               01:13 +148: /Users/seg/Shemais/Shemais/zawolf_hr/test/features/company_workspace/domain/workspace_domain_test.dart: current IT manager is a controller without a fixed employee code                   01:13 +149: /Users/seg/Shemais/Shemais/zawolf_hr/test/features/company_workspace/domain/workspace_domain_test.dart: current IT manager is a controller without a fixed employee code                   01:13 +149: /Users/seg/Shemais/Shemais/zawolf_hr/test/features/company_workspace/domain/workspace_domain_test.dart: workspace operation has explicit terminal states                                   01:13 +150: /Users/seg/Shemais/Shemais/zawolf_hr/test/features/company_workspace/domain/workspace_domain_test.dart: workspace operation has explicit terminal states                                   01:13 +150: /Users/seg/Shemais/Shemais/zawolf_hr/test/features/company_workspace/domain/workspace_domain_test.dart: report key is stable for an identical business period and scope                    01:13 +151: /Users/seg/Shemais/Shemais/zawolf_hr/test/features/company_workspace/domain/workspace_domain_test.dart: report key is stable for an identical business period and scope                    01:14 +151: /Users/seg/Shemais/Shemais/zawolf_hr/test/features/company_workspace/domain/workspace_domain_test.dart: report key is stable for an identical business period and scope                    01:14 +151: loading /Users/seg/Shemais/Shemais/zawolf_hr/test/features/company_workspace/domain/workspace_report_test.dart                                                                             01:14 +151: /Users/seg/Shemais/Shemais/zawolf_hr/test/features/company_workspace/domain/workspace_report_test.dart: report use cases preserve the requested period and scope                           01:14 +152: /Users/seg/Shemais/Shemais/zawolf_hr/test/features/company_workspace/domain/workspace_report_test.dart: report use cases preserve the requested period and scope                           01:15 +152: /Users/seg/Shemais/Shemais/zawolf_hr/test/features/company_workspace/domain/workspace_report_test.dart: report use cases preserve the requested period and scope                           01:16 +152: /Users/seg/Shemais/Shemais/zawolf_hr/test/features/company_workspace/domain/workspace_report_test.dart: report use cases preserve the requested period and scope                           01:17 +152: /Users/seg/Shemais/Shemais/zawolf_hr/test/features/company_workspace/domain/workspace_report_test.dart: report use cases preserve the requested period and scope                           01:18 +152: /Users/seg/Shemais/Shemais/zawolf_hr/test/features/company_workspace/domain/workspace_report_test.dart: report use cases preserve the requested period and scope                           01:19 +152: /Users/seg/Shemais/Shemais/zawolf_hr/test/features/company_workspace/domain/workspace_report_test.dart: report use cases preserve the requested period and scope                           01:20 +152: /Users/seg/Shemais/Shemais/zawolf_hr/test/features/company_workspace/domain/workspace_report_test.dart: report use cases preserve the requested period and scope                           01:20 +152: loading /Users/seg/Shemais/Shemais/zawolf_hr/test/features/company_workspace/domain/manage_workspace_access_test.dart                                                                      01:20 +152: /Users/seg/Shemais/Shemais/zawolf_hr/test/features/company_workspace/domain/manage_workspace_access_test.dart: access use-cases delegate without knowing persistence details               01:20 +153: /Users/seg/Shemais/Shemais/zawolf_hr/test/features/company_workspace/domain/manage_workspace_access_test.dart: access use-cases delegate without knowing persistence details               01:21 +153: /Users/seg/Shemais/Shemais/zawolf_hr/test/features/company_workspace/domain/manage_workspace_access_test.dart: access use-cases delegate without knowing persistence details               01:21 +153: loading /Users/seg/Shemais/Shemais/zawolf_hr/test/features/company_workspace/domain/spreadsheet_operation_test.dart                                                                        01:21 +153: /Users/seg/Shemais/Shemais/zawolf_hr/test/features/company_workspace/domain/spreadsheet_operation_test.dart: a bounded rectangular range is valid                                          01:21 +154: /Users/seg/Shemais/Shemais/zawolf_hr/test/features/company_workspace/domain/spreadsheet_operation_test.dart: a bounded rectangular range is valid                                          01:21 +154: /Users/seg/Shemais/Shemais/zawolf_hr/test/features/company_workspace/domain/spreadsheet_operation_test.dart: invalid range dimensions and unbounded columns are rejected                   01:21 +155: /Users/seg/Shemais/Shemais/zawolf_hr/test/features/company_workspace/domain/spreadsheet_operation_test.dart: invalid range dimensions and unbounded columns are rejected                   01:21 +155: /Users/seg/Shemais/Shemais/zawolf_hr/test/features/company_workspace/domain/spreadsheet_operation_test.dart: only fully editable Sheets can be mutated                                     01:21 +156: /Users/seg/Shemais/Shemais/zawolf_hr/test/features/company_workspace/domain/spreadsheet_operation_test.dart: only fully editable Sheets can be mutated                                     01:21 +156: /Users/seg/Shemais/Shemais/zawolf_hr/test/features/company_workspace/domain/spreadsheet_operation_test.dart: expected versions are explicit and bounded                                    01:21 +157: /Users/seg/Shemais/Shemais/zawolf_hr/test/features/company_workspace/domain/spreadsheet_operation_test.dart: expected versions are explicit and bounded                                    01:22 +157: /Users/seg/Shemais/Shemais/zawolf_hr/test/features/company_workspace/domain/spreadsheet_operation_test.dart: expected versions are explicit and bounded                                    01:23 +157: /Users/seg/Shemais/Shemais/zawolf_hr/test/features/company_workspace/domain/spreadsheet_operation_test.dart: expected versions are explicit and bounded                                    01:24 +157: /Users/seg/Shemais/Shemais/zawolf_hr/test/features/company_workspace/domain/spreadsheet_operation_test.dart: expected versions are explicit and bounded                                    01:25 +157: /Users/seg/Shemais/Shemais/zawolf_hr/test/features/company_workspace/domain/spreadsheet_operation_test.dart: expected versions are explicit and bounded                                    01:26 +157: /Users/seg/Shemais/Shemais/zawolf_hr/test/features/company_workspace/domain/spreadsheet_operation_test.dart: expected versions are explicit and bounded                                    01:26 +157: loading /Users/seg/Shemais/Shemais/zawolf_hr/test/features/company_workspace/presentation/company_files_page_test.dart                                                                     01:26 +157: /Users/seg/Shemais/Shemais/zawolf_hr/test/features/company_workspace/presentation/company_files_page_test.dart: shows allowed resources in RTL                                             01:27 +157: /Users/seg/Shemais/Shemais/zawolf_hr/test/features/company_workspace/presentation/company_files_page_test.dart: shows allowed resources in RTL                                             01:28 +157: /Users/seg/Shemais/Shemais/zawolf_hr/test/features/company_workspace/presentation/company_files_page_test.dart: shows allowed resources in RTL                                             01:28 +158: /Users/seg/Shemais/Shemais/zawolf_hr/test/features/company_workspace/presentation/company_files_page_test.dart: shows allowed resources in RTL                                             01:28 +158: /Users/seg/Shemais/Shemais/zawolf_hr/test/features/company_workspace/presentation/company_files_page_test.dart: shows loading before the first resource response                           01:28 +159: /Users/seg/Shemais/Shemais/zawolf_hr/test/features/company_workspace/presentation/company_files_page_test.dart: shows loading before the first resource response                           01:28 +159: /Users/seg/Shemais/Shemais/zawolf_hr/test/features/company_workspace/presentation/company_files_page_test.dart: shows an Arabic empty state                                                01:28 +160: /Users/seg/Shemais/Shemais/zawolf_hr/test/features/company_workspace/presentation/company_files_page_test.dart: shows an Arabic empty state                                                01:28 +160: /Users/seg/Shemais/Shemais/zawolf_hr/test/features/company_workspace/presentation/company_files_page_test.dart: shows a clear denial state                                                 01:28 +161: /Users/seg/Shemais/Shemais/zawolf_hr/test/features/company_workspace/presentation/company_files_page_test.dart: shows a clear denial state                                                 01:28 +161: /Users/seg/Shemais/Shemais/zawolf_hr/test/features/company_workspace/presentation/company_files_page_test.dart: opens a spreadsheet through the composition callback                       01:28 +162: /Users/seg/Shemais/Shemais/zawolf_hr/test/features/company_workspace/presentation/company_files_page_test.dart: opens a spreadsheet through the composition callback                       01:28 +162: /Users/seg/Shemais/Shemais/zawolf_hr/test/features/company_workspace/presentation/company_files_page_test.dart: shows a retry action after load failure                                    01:28 +163: /Users/seg/Shemais/Shemais/zawolf_hr/test/features/company_workspace/presentation/company_files_page_test.dart: shows a retry action after load failure                                    01:28 +163: /Users/seg/Shemais/Shemais/zawolf_hr/test/features/company_workspace/presentation/company_files_page_test.dart: shows only safe management actions for an editable resource                01:28 +164: /Users/seg/Shemais/Shemais/zawolf_hr/test/features/company_workspace/presentation/company_files_page_test.dart: shows only safe management actions for an editable resource                01:28 +164: /Users/seg/Shemais/Shemais/zawolf_hr/test/features/company_workspace/presentation/company_files_page_test.dart: offers a secure download only when the grant permits it                    01:29 +164: /Users/seg/Shemais/Shemais/zawolf_hr/test/features/company_workspace/presentation/company_files_page_test.dart: offers a secure download only when the grant permits it                    01:29 +165: /Users/seg/Shemais/Shemais/zawolf_hr/test/features/company_workspace/presentation/company_files_page_test.dart: offers a secure download only when the grant permits it                    01:30 +165: /Users/seg/Shemais/Shemais/zawolf_hr/test/features/company_workspace/presentation/company_files_page_test.dart: offers a secure download only when the grant permits it                    01:31 +165: /Users/seg/Shemais/Shemais/zawolf_hr/test/features/company_workspace/presentation/company_files_page_test.dart: offers a secure download only when the grant permits it                    01:32 +165: /Users/seg/Shemais/Shemais/zawolf_hr/test/features/company_workspace/presentation/company_files_page_test.dart: offers a secure download only when the grant permits it                    01:33 +165: /Users/seg/Shemais/Shemais/zawolf_hr/test/features/company_workspace/presentation/company_files_page_test.dart: offers a secure download only when the grant permits it                    01:34 +165: /Users/seg/Shemais/Shemais/zawolf_hr/test/features/company_workspace/presentation/company_files_page_test.dart: offers a secure download only when the grant permits it                    01:35 +165: /Users/seg/Shemais/Shemais/zawolf_hr/test/features/company_workspace/presentation/company_files_page_test.dart: offers a secure download only when the grant permits it                    01:36 +165: /Users/seg/Shemais/Shemais/zawolf_hr/test/features/company_workspace/presentation/company_files_page_test.dart: offers a secure download only when the grant permits it                    01:37 +165: /Users/seg/Shemais/Shemais/zawolf_hr/test/features/company_workspace/presentation/company_files_page_test.dart: offers a secure download only when the grant permits it                    01:37 +165: loading /Users/seg/Shemais/Shemais/zawolf_hr/test/features/company_workspace/presentation/workspace_accessibility_test.dart                                                                01:37 +165: /Users/seg/Shemais/Shemais/zawolf_hr/test/features/company_workspace/presentation/workspace_accessibility_test.dart: workspace status surfaces are selectable, RTL-safe and accessible     01:38 +165: /Users/seg/Shemais/Shemais/zawolf_hr/test/features/company_workspace/presentation/workspace_accessibility_test.dart: workspace status surfaces are selectable, RTL-safe and accessible     01:38 +166: /Users/seg/Shemais/Shemais/zawolf_hr/test/features/company_workspace/presentation/workspace_accessibility_test.dart: workspace status surfaces are selectable, RTL-safe and accessible     01:39 +166: /Users/seg/Shemais/Shemais/zawolf_hr/test/features/company_workspace/presentation/workspace_accessibility_test.dart: workspace status surfaces are selectable, RTL-safe and accessible     01:40 +166: /Users/seg/Shemais/Shemais/zawolf_hr/test/features/company_workspace/presentation/workspace_accessibility_test.dart: workspace status surfaces are selectable, RTL-safe and accessible     01:41 +166: /Users/seg/Shemais/Shemais/zawolf_hr/test/features/company_workspace/presentation/workspace_accessibility_test.dart: workspace status surfaces are selectable, RTL-safe and accessible     01:42 +166: /Users/seg/Shemais/Shemais/zawolf_hr/test/features/company_workspace/presentation/workspace_accessibility_test.dart: workspace status surfaces are selectable, RTL-safe and accessible     01:43 +166: /Users/seg/Shemais/Shemais/zawolf_hr/test/features/company_workspace/presentation/workspace_accessibility_test.dart: workspace status surfaces are selectable, RTL-safe and accessible     01:44 +166: /Users/seg/Shemais/Shemais/zawolf_hr/test/features/company_workspace/presentation/workspace_accessibility_test.dart: workspace status surfaces are selectable, RTL-safe and accessible     01:45 +166: /Users/seg/Shemais/Shemais/zawolf_hr/test/features/company_workspace/presentation/workspace_accessibility_test.dart: workspace status surfaces are selectable, RTL-safe and accessible     01:46 +166: /Users/seg/Shemais/Shemais/zawolf_hr/test/features/company_workspace/presentation/workspace_accessibility_test.dart: workspace status surfaces are selectable, RTL-safe and accessible     01:47 +166: /Users/seg/Shemais/Shemais/zawolf_hr/test/features/company_workspace/presentation/workspace_accessibility_test.dart: workspace status surfaces are selectable, RTL-safe and accessible     01:48 +166: /Users/seg/Shemais/Shemais/zawolf_hr/test/features/company_workspace/presentation/workspace_accessibility_test.dart: workspace status surfaces are selectable, RTL-safe and accessible     01:49 +166: /Users/seg/Shemais/Shemais/zawolf_hr/test/features/company_workspace/presentation/workspace_accessibility_test.dart: workspace status surfaces are selectable, RTL-safe and accessible     01:50 +166: /Users/seg/Shemais/Shemais/zawolf_hr/test/features/company_workspace/presentation/workspace_accessibility_test.dart: workspace status surfaces are selectable, RTL-safe and accessible     01:51 +166: /Users/seg/Shemais/Shemais/zawolf_hr/test/features/company_workspace/presentation/workspace_accessibility_test.dart: workspace status surfaces are selectable, RTL-safe and accessible     01:52 +166: /Users/seg/Shemais/Shemais/zawolf_hr/test/features/company_workspace/presentation/workspace_accessibility_test.dart: workspace status surfaces are selectable, RTL-safe and accessible     01:53 +166: /Users/seg/Shemais/Shemais/zawolf_hr/test/features/company_workspace/presentation/workspace_accessibility_test.dart: workspace status surfaces are selectable, RTL-safe and accessible     01:54 +166: /Users/seg/Shemais/Shemais/zawolf_hr/test/features/company_workspace/presentation/workspace_accessibility_test.dart: workspace status surfaces are selectable, RTL-safe and accessible     01:55 +166: /Users/seg/Shemais/Shemais/zawolf_hr/test/features/company_workspace/presentation/workspace_accessibility_test.dart: workspace status surfaces are selectable, RTL-safe and accessible     01:56 +166: /Users/seg/Shemais/Shemais/zawolf_hr/test/features/company_workspace/presentation/workspace_accessibility_test.dart: workspace status surfaces are selectable, RTL-safe and accessible     01:56 +166: loading /Users/seg/Shemais/Shemais/zawolf_hr/test/features/company_workspace/presentation/workspace_sync_cubit_test.dart                                                                   01:56 +166: /Users/seg/Shemais/Shemais/zawolf_hr/test/features/company_workspace/presentation/workspace_sync_cubit_test.dart: temporary failure remains Arabic pending, with no provider text          01:56 +167: /Users/seg/Shemais/Shemais/zawolf_hr/test/features/company_workspace/presentation/workspace_sync_cubit_test.dart: temporary failure remains Arabic pending, with no provider text          01:56 +167: /Users/seg/Shemais/Shemais/zawolf_hr/test/features/company_workspace/presentation/workspace_sync_cubit_test.dart: conflict and denial remain clear Arabic outcomes                         01:57 +167: /Users/seg/Shemais/Shemais/zawolf_hr/test/features/company_workspace/presentation/workspace_sync_cubit_test.dart: conflict and denial remain clear Arabic outcomes                         01:57 +168: /Users/seg/Shemais/Shemais/zawolf_hr/test/features/company_workspace/presentation/workspace_sync_cubit_test.dart: conflict and denial remain clear Arabic outcomes                         01:57 +168: /Users/seg/Shemais/Shemais/zawolf_hr/test/features/company_workspace/presentation/workspace_sync_cubit_test.dart: a replayed duplicate acknowledgement recovers as saved                   01:58 +168: /Users/seg/Shemais/Shemais/zawolf_hr/test/features/company_workspace/presentation/workspace_sync_cubit_test.dart: a replayed duplicate acknowledgement recovers as saved                   01:58 +169: /Users/seg/Shemais/Shemais/zawolf_hr/test/features/company_workspace/presentation/workspace_sync_cubit_test.dart: a replayed duplicate acknowledgement recovers as saved                   01:59 +169: /Users/seg/Shemais/Shemais/zawolf_hr/test/features/company_workspace/presentation/workspace_sync_cubit_test.dart: a replayed duplicate acknowledgement recovers as saved                   02:00 +169: /Users/seg/Shemais/Shemais/zawolf_hr/test/features/company_workspace/presentation/workspace_sync_cubit_test.dart: a replayed duplicate acknowledgement recovers as saved                   02:01 +169: /Users/seg/Shemais/Shemais/zawolf_hr/test/features/company_workspace/presentation/workspace_sync_cubit_test.dart: a replayed duplicate acknowledgement recovers as saved                   02:02 +169: /Users/seg/Shemais/Shemais/zawolf_hr/test/features/company_workspace/presentation/workspace_sync_cubit_test.dart: a replayed duplicate acknowledgement recovers as saved                   02:03 +169: /Users/seg/Shemais/Shemais/zawolf_hr/test/features/company_workspace/presentation/workspace_sync_cubit_test.dart: a replayed duplicate acknowledgement recovers as saved                   02:04 +169: /Users/seg/Shemais/Shemais/zawolf_hr/test/features/company_workspace/presentation/workspace_sync_cubit_test.dart: a replayed duplicate acknowledgement recovers as saved                   02:05 +169: /Users/seg/Shemais/Shemais/zawolf_hr/test/features/company_workspace/presentation/workspace_sync_cubit_test.dart: a replayed duplicate acknowledgement recovers as saved                   02:06 +169: /Users/seg/Shemais/Shemais/zawolf_hr/test/features/company_workspace/presentation/workspace_sync_cubit_test.dart: a replayed duplicate acknowledgement recovers as saved                   02:07 +169: /Users/seg/Shemais/Shemais/zawolf_hr/test/features/company_workspace/presentation/workspace_sync_cubit_test.dart: a replayed duplicate acknowledgement recovers as saved                   02:08 +169: /Users/seg/Shemais/Shemais/zawolf_hr/test/features/company_workspace/presentation/workspace_sync_cubit_test.dart: a replayed duplicate acknowledgement recovers as saved                   02:08 +169: loading /Users/seg/Shemais/Shemais/zawolf_hr/test/features/company_workspace/presentation/workspace_reports_page_test.dart                                                                 02:08 +169: /Users/seg/Shemais/Shemais/zawolf_hr/test/features/company_workspace/presentation/workspace_reports_page_test.dart: shows RTL empty state and creates a protected HR report                02:09 +169: /Users/seg/Shemais/Shemais/zawolf_hr/test/features/company_workspace/presentation/workspace_reports_page_test.dart: shows RTL empty state and creates a protected HR report                02:10 +169: /Users/seg/Shemais/Shemais/zawolf_hr/test/features/company_workspace/presentation/workspace_reports_page_test.dart: shows RTL empty state and creates a protected HR report                02:11 +169: /Users/seg/Shemais/Shemais/zawolf_hr/test/features/company_workspace/presentation/workspace_reports_page_test.dart: shows RTL empty state and creates a protected HR report                02:12 +169: /Users/seg/Shemais/Shemais/zawolf_hr/test/features/company_workspace/presentation/workspace_reports_page_test.dart: shows RTL empty state and creates a protected HR report                02:13 +169: /Users/seg/Shemais/Shemais/zawolf_hr/test/features/company_workspace/presentation/workspace_reports_page_test.dart: shows RTL empty state and creates a protected HR report                02:14 +169: /Users/seg/Shemais/Shemais/zawolf_hr/test/features/company_workspace/presentation/workspace_reports_page_test.dart: shows RTL empty state and creates a protected HR report                02:15 +169: /Users/seg/Shemais/Shemais/zawolf_hr/test/features/company_workspace/presentation/workspace_reports_page_test.dart: shows RTL empty state and creates a protected HR report                02:16 +169: /Users/seg/Shemais/Shemais/zawolf_hr/test/features/company_workspace/presentation/workspace_reports_page_test.dart: shows RTL empty state and creates a protected HR report                02:17 +169: /Users/seg/Shemais/Shemais/zawolf_hr/test/features/company_workspace/presentation/workspace_reports_page_test.dart: shows RTL empty state and creates a protected HR report                02:18 +169: /Users/seg/Shemais/Shemais/zawolf_hr/test/features/company_workspace/presentation/workspace_reports_page_test.dart: shows RTL empty state and creates a protected HR report                02:19 +169: /Users/seg/Shemais/Shemais/zawolf_hr/test/features/company_workspace/presentation/workspace_reports_page_test.dart: shows RTL empty state and creates a protected HR report                02:19 +170: /Users/seg/Shemais/Shemais/zawolf_hr/test/features/company_workspace/presentation/workspace_reports_page_test.dart: shows RTL empty state and creates a protected HR report                02:20 +170: /Users/seg/Shemais/Shemais/zawolf_hr/test/features/company_workspace/presentation/workspace_reports_page_test.dart: shows RTL empty state and creates a protected HR report                02:21 +170: /Users/seg/Shemais/Shemais/zawolf_hr/test/features/company_workspace/presentation/workspace_reports_page_test.dart: shows RTL empty state and creates a protected HR report                02:22 +170: /Users/seg/Shemais/Shemais/zawolf_hr/test/features/company_workspace/presentation/workspace_reports_page_test.dart: shows RTL empty state and creates a protected HR report                02:23 +170: /Users/seg/Shemais/Shemais/zawolf_hr/test/features/company_workspace/presentation/workspace_reports_page_test.dart: shows RTL empty state and creates a protected HR report                02:24 +170: /Users/seg/Shemais/Shemais/zawolf_hr/test/features/company_workspace/presentation/workspace_reports_page_test.dart: shows RTL empty state and creates a protected HR report                02:25 +170: /Users/seg/Shemais/Shemais/zawolf_hr/test/features/company_workspace/presentation/workspace_reports_page_test.dart: shows RTL empty state and creates a protected HR report                02:26 +170: /Users/seg/Shemais/Shemais/zawolf_hr/test/features/company_workspace/presentation/workspace_reports_page_test.dart: shows RTL empty state and creates a protected HR report                02:27 +170: /Users/seg/Shemais/Shemais/zawolf_hr/test/features/company_workspace/presentation/workspace_reports_page_test.dart: shows RTL empty state and creates a protected HR report                02:28 +170: /Users/seg/Shemais/Shemais/zawolf_hr/test/features/company_workspace/presentation/workspace_reports_page_test.dart: shows RTL empty state and creates a protected HR report                02:29 +170: /Users/seg/Shemais/Shemais/zawolf_hr/test/features/company_workspace/presentation/workspace_reports_page_test.dart: shows RTL empty state and creates a protected HR report                02:29 +170: loading /Users/seg/Shemais/Shemais/zawolf_hr/test/features/company_workspace/presentation/workspace_sheet_editor_page_test.dart                                                            02:29 +170: /Users/seg/Shemais/Shemais/zawolf_hr/test/features/company_workspace/presentation/workspace_sheet_editor_page_test.dart: ... RTL full-page grid, tabs, formula bar, and direct-cell editor 02:30 +170: /Users/seg/Shemais/Shemais/zawolf_hr/test/features/company_workspace/presentation/workspace_sheet_editor_page_test.dart: ... RTL full-page grid, tabs, formula bar, and direct-cell editor 02:31 +170: /Users/seg/Shemais/Shemais/zawolf_hr/test/features/company_workspace/presentation/workspace_sheet_editor_page_test.dart: ... RTL full-page grid, tabs, formula bar, and direct-cell editor 02:32 +170: /Users/seg/Shemais/Shemais/zawolf_hr/test/features/company_workspace/presentation/workspace_sheet_editor_page_test.dart: ... RTL full-page grid, tabs, formula bar, and direct-cell editor 02:33 +170: /Users/seg/Shemais/Shemais/zawolf_hr/test/features/company_workspace/presentation/workspace_sheet_editor_page_test.dart: ... RTL full-page grid, tabs, formula bar, and direct-cell editor 02:34 +170: /Users/seg/Shemais/Shemais/zawolf_hr/test/features/company_workspace/presentation/workspace_sheet_editor_page_test.dart: ... RTL full-page grid, tabs, formula bar, and direct-cell editor 02:35 +170: /Users/seg/Shemais/Shemais/zawolf_hr/test/features/company_workspace/presentation/workspace_sheet_editor_page_test.dart: ... RTL full-page grid, tabs, formula bar, and direct-cell editor 02:35 +171: /Users/seg/Shemais/Shemais/zawolf_hr/test/features/company_workspace/presentation/workspace_access_admin_page_test.dart: creates, lists, and revokes a grant from the controller page      02:36 +171: /Users/seg/Shemais/Shemais/zawolf_hr/test/features/company_workspace/presentation/workspace_access_admin_page_test.dart: creates, lists, and revokes a grant from the controller page      02:36 +171: /Users/seg/Shemais/Shemais/zawolf_hr/test/features/company_workspace/presentation/workspace_access_admin_page_test.dart: creates, lists, and revokes a grant from the controller page      
══╡ EXCEPTION CAUGHT BY FLUTTER TEST FRAMEWORK ╞════════════════════════════════════════════════════
The following TestFailure was thrown running a test:
Expected: exactly one matching candidate
  Actual: _TextContainingWidgetFinder:<Found 4 widgets with text containing عرض: [
            Text("موظف: عرض فقط", dependencies: [DefaultSelectionStyle, DefaultTextStyle,
MediaQuery]),
            Text("عرض", overflow: ellipsis, dependencies: [DefaultSelectionStyle, DefaultTextStyle,
MediaQuery]),
            Text("عرض الصلاحيات", dependencies: [DefaultSelectionStyle, DefaultTextStyle,
--

To run this test again: /Users/seg/dev/flutter/bin/cache/dart-sdk/bin/dart test /Users/seg/Shemais/Shemais/zawolf_hr/test/features/company_workspace/presentation/workspace_access_admin_page_test.dart -p vm --plain-name 'creates, lists, and revokes a grant from the controller page'
02:36 +171 -1: /Users/seg/Shemais/Shemais/zawolf_hr/test/features/company_workspace/presentation/workspace_access_admin_page_test.dart: reports a protected-access failure safely in Arabic            02:36 +172 -1: /Users/seg/Shemais/Shemais/zawolf_hr/test/features/company_workspace/presentation/workspace_access_admin_page_test.dart: reports a protected-access failure safely in Arabic            02:36 +172 -1: /Users/seg/Shemais/Shemais/zawolf_hr/test/features/company_workspace/presentation/workspace_access_admin_page_test.dart: starts the controller-only source synchronization              02:37 +172 -1: /Users/seg/Shemais/Shemais/zawolf_hr/test/features/company_workspace/presentation/workspace_access_admin_page_test.dart: starts the controller-only source synchronization              02:37 +173 -1: /Users/seg/Shemais/Shemais/zawolf_hr/test/features/company_workspace/presentation/workspace_access_admin_page_test.dart: starts the controller-only source synchronization              02:37 +173 -1: /Users/seg/Shemais/Shemais/zawolf_hr/test/features/company_workspace/presentation/workspace_access_admin_page_test.dart: prefills a department-scoped grant from an employee folder     02:37 +174 -1: /Users/seg/Shemais/Shemais/zawolf_hr/test/features/company_workspace/presentation/workspace_access_admin_page_test.dart: prefills a department-scoped grant from an employee folder     02:37 +174 -1: /Users/seg/Shemais/Shemais/zawolf_hr/test/features/company_workspace/presentation/workspace_access_admin_page_test.dart: offers a controller an audited pilot rollback control          02:37 +175 -1: /Users/seg/Shemais/Shemais/zawolf_hr/test/features/company_workspace/presentation/workspace_access_admin_page_test.dart: offers a controller an audited pilot rollback control          02:38 +175 -1: /Users/seg/Shemais/Shemais/zawolf_hr/test/features/company_workspace/presentation/workspace_access_admin_page_test.dart: offers a controller an audited pilot rollback control          02:39 +175 -1: /Users/seg/Shemais/Shemais/zawolf_hr/test/features/company_workspace/presentation/workspace_access_admin_page_test.dart: offers a controller an audited pilot rollback control          02:40 +175 -1: /Users/seg/Shemais/Shemais/zawolf_hr/test/features/company_workspace/presentation/workspace_access_admin_page_test.dart: offers a controller an audited pilot rollback control          02:40 +175 -1: loading /Users/seg/Shemais/Shemais/zawolf_hr/test/features/company_os/existing_identity_characterization_test.dart                                                                      02:40 +175 -1: /Users/seg/Shemais/Shemais/zawolf_hr/test/features/company_os/existing_identity_characterization_test.dart: legacy HR Manager is normalized to ordinary HR                              02:40 +176 -1: /Users/seg/Shemais/Shemais/zawolf_hr/test/features/company_os/existing_identity_characterization_test.dart: legacy HR Manager is normalized to ordinary HR                              02:40 +176 -1: /Users/seg/Shemais/Shemais/zawolf_hr/test/features/company_os/existing_identity_characterization_test.dart: existing active employee identity retains manager relationship              02:40 +177 -1: /Users/seg/Shemais/Shemais/zawolf_hr/test/features/company_os/existing_identity_characterization_test.dart: existing active employee identity retains manager relationship              02:40 +177 -1: /Users/seg/Shemais/Shemais/zawolf_hr/test/features/company_os/existing_identity_characterization_test.dart: inactive employment remains explicit in the authoritative profile           02:40 +178 -1: /Users/seg/Shemais/Shemais/zawolf_hr/test/features/company_os/existing_identity_characterization_test.dart: inactive employment remains explicit in the authoritative profile           02:41 +178 -1: /Users/seg/Shemais/Shemais/zawolf_hr/test/features/company_os/existing_identity_characterization_test.dart: inactive employment remains explicit in the authoritative profile           02:42 +178 -1: /Users/seg/Shemais/Shemais/zawolf_hr/test/features/company_os/existing_identity_characterization_test.dart: inactive employment remains explicit in the authoritative profile           02:43 +178 -1: /Users/seg/Shemais/Shemais/zawolf_hr/test/features/company_os/existing_identity_characterization_test.dart: inactive employment remains explicit in the authoritative profile           02:44 +178 -1: /Users/seg/Shemais/Shemais/zawolf_hr/test/features/company_os/existing_identity_characterization_test.dart: inactive employment remains explicit in the authoritative profile           02:45 +178 -1: /Users/seg/Shemais/Shemais/zawolf_hr/test/features/company_os/existing_identity_characterization_test.dart: inactive employment remains explicit in the authoritative profile           02:46 +178 -1: /Users/seg/Shemais/Shemais/zawolf_hr/test/features/company_os/existing_identity_characterization_test.dart: inactive employment remains explicit in the authoritative profile           02:47 +178 -1: /Users/seg/Shemais/Shemais/zawolf_hr/test/features/company_os/existing_identity_characterization_test.dart: inactive employment remains explicit in the authoritative profile           02:48 +178 -1: /Users/seg/Shemais/Shemais/zawolf_hr/test/features/company_os/existing_identity_characterization_test.dart: inactive employment remains explicit in the authoritative profile           02:49 +178 -1: /Users/seg/Shemais/Shemais/zawolf_hr/test/features/company_os/existing_identity_characterization_test.dart: inactive employment remains explicit in the authoritative profile           02:50 +178 -1: /Users/seg/Shemais/Shemais/zawolf_hr/test/features/company_os/existing_identity_characterization_test.dart: inactive employment remains explicit in the authoritative profile           02:51 +178 -1: /Users/seg/Shemais/Shemais/zawolf_hr/test/features/company_os/existing_identity_characterization_test.dart: inactive employment remains explicit in the authoritative profile           02:52 +178 -1: /Users/seg/Shemais/Shemais/zawolf_hr/test/features/company_os/existing_identity_characterization_test.dart: inactive employment remains explicit in the authoritative profile           02:53 +178 -1: /Users/seg/Shemais/Shemais/zawolf_hr/test/features/company_os/existing_identity_characterization_test.dart: inactive employment remains explicit in the authoritative profile           02:54 +178 -1: /Users/seg/Shemais/Shemais/zawolf_hr/test/features/company_os/existing_identity_characterization_test.dart: inactive employment remains explicit in the authoritative profile           02:55 +178 -1: /Users/seg/Shemais/Shemais/zawolf_hr/test/features/company_os/existing_identity_characterization_test.dart: inactive employment remains explicit in the authoritative profile           02:55 +178 -1: loading /Users/seg/Shemais/Shemais/zawolf_hr/test/features/company_os/data/company_os_api_client_test.dart                                                                              02:55 +178 -1: /Users/seg/Shemais/Shemais/zawolf_hr/test/features/company_os/data/company_os_api_client_test.dart: validates a saved mutation receipt                                                  02:55 +179 -1: /Users/seg/Shemais/Shemais/zawolf_hr/test/features/company_os/data/company_os_api_client_test.dart: validates a saved mutation receipt                                                  02:55 +179 -1: /Users/seg/Shemais/Shemais/zawolf_hr/test/features/company_os/data/company_os_api_client_test.dart: maps raw or malformed server failures to safe Arabic errors                         02:55 +180 -1: /Users/seg/Shemais/Shemais/zawolf_hr/test/features/company_os/data/company_os_api_client_test.dart: maps raw or malformed server failures to safe Arabic errors                         02:55 +180 -1: /Users/seg/Shemais/Shemais/zawolf_hr/test/features/company_os/data/company_os_api_client_test.dart: rejects unbounded list page sizes before transport                                  02:55 +181 -1: /Users/seg/Shemais/Shemais/zawolf_hr/test/features/company_os/data/company_os_api_client_test.dart: rejects unbounded list page sizes before transport                                  02:55 +181 -1: /Users/seg/Shemais/Shemais/zawolf_hr/test/features/company_os/data/company_os_api_client_test.dart: validates a bounded object envelope and safeCode failures                           02:55 +182 -1: /Users/seg/Shemais/Shemais/zawolf_hr/test/features/company_os/data/company_os_api_client_test.dart: validates a bounded object envelope and safeCode failures                           02:55 +182 -1: loading /Users/seg/Shemais/Shemais/zawolf_hr/test/features/company_os/data/company_os_outbox_test.dart                                                                                  02:55 +182 -1: /Users/seg/Shemais/Shemais/zawolf_hr/test/features/company_os/data/company_os_outbox_test.dart: restores pending operations after database-backed restart                               02:56 +182 -1: /Users/seg/Shemais/Shemais/zawolf_hr/test/features/company_os/data/company_os_outbox_test.dart: restores pending operations after database-backed restart                               02:56 +183 -1: /Users/seg/Shemais/Shemais/zawolf_hr/test/features/company_os/data/company_os_outbox_test.dart: restores pending operations after database-backed restart                               02:56 +183 -1: /Users/seg/Shemais/Shemais/zawolf_hr/test/features/company_os/data/company_os_outbox_test.dart: isolates actors, bounds replay, and reconciles conflict                                 02:56 +184 -1: /Users/seg/Shemais/Shemais/zawolf_hr/test/features/company_os/data/company_os_outbox_test.dart: isolates actors, bounds replay, and reconciles conflict                                 02:57 +184 -1: /Users/seg/Shemais/Shemais/zawolf_hr/test/features/company_os/data/company_os_outbox_test.dart: isolates actors, bounds replay, and reconciles conflict                                 02:58 +184 -1: /Users/seg/Shemais/Shemais/zawolf_hr/test/features/company_os/data/company_os_outbox_test.dart: isolates actors, bounds replay, and reconciles conflict                                 02:59 +184 -1: /Users/seg/Shemais/Shemais/zawolf_hr/test/features/company_os/data/company_os_outbox_test.dart: isolates actors, bounds replay, and reconciles conflict                                 03:00 +184 -1: /Users/seg/Shemais/Shemais/zawolf_hr/test/features/company_os/data/company_os_outbox_test.dart: isolates actors, bounds replay, and reconciles conflict                                 03:01 +184 -1: /Users/seg/Shemais/Shemais/zawolf_hr/test/features/company_os/data/company_os_outbox_test.dart: isolates actors, bounds replay, and reconciles conflict                                 03:02 +184 -1: /Users/seg/Shemais/Shemais/zawolf_hr/test/features/company_os/data/company_os_outbox_test.dart: isolates actors, bounds replay, and reconciles conflict                                 03:02 +184 -1: loading /Users/seg/Shemais/Shemais/zawolf_hr/test/features/company_os/domain/it_ticket_test.dart                                                                                        03:02 +184 -1: /Users/seg/Shemais/Shemais/zawolf_hr/test/features/company_os/domain/it_ticket_test.dart: ticket lifecycle accepts only explicit transitions                                            03:02 +185 -1: /Users/seg/Shemais/Shemais/zawolf_hr/test/features/company_os/domain/it_ticket_test.dart: ticket lifecycle accepts only explicit transitions                                            03:03 +185 -1: /Users/seg/Shemais/Shemais/zawolf_hr/test/features/company_os/domain/it_ticket_test.dart: ticket lifecycle accepts only explicit transitions                                            03:03 +185 -1: loading /Users/seg/Shemais/Shemais/zawolf_hr/test/features/company_os/domain/software_license_test.dart                                                                                 03:03 +185 -1: /Users/seg/Shemais/Shemais/zawolf_hr/test/features/company_os/domain/software_license_test.dart: seat capacity is derived without allowing over allocation                              03:03 +186 -1: /Users/seg/Shemais/Shemais/zawolf_hr/test/features/company_os/domain/software_license_test.dart: seat capacity is derived without allowing over allocation                              03:03 +186 -1: /Users/seg/Shemais/Shemais/zawolf_hr/test/features/company_os/domain/software_license_test.dart: revoked assignment is no longer active                                                 03:03 +187 -1: /Users/seg/Shemais/Shemais/zawolf_hr/test/features/company_os/domain/software_license_test.dart: revoked assignment is no longer active                                                 03:04 +187 -1: /Users/seg/Shemais/Shemais/zawolf_hr/test/features/company_os/domain/software_license_test.dart: revoked assignment is no longer active                                                 03:05 +187 -1: /Users/seg/Shemais/Shemais/zawolf_hr/test/features/company_os/domain/software_license_test.dart: revoked assignment is no longer active                                                 03:06 +187 -1: /Users/seg/Shemais/Shemais/zawolf_hr/test/features/company_os/domain/software_license_test.dart: revoked assignment is no longer active                                                 03:07 +187 -1: /Users/seg/Shemais/Shemais/zawolf_hr/test/features/company_os/domain/software_license_test.dart: revoked assignment is no longer active                                                 03:08 +187 -1: /Users/seg/Shemais/Shemais/zawolf_hr/test/features/company_os/domain/software_license_test.dart: revoked assignment is no longer active                                                 03:09 +187 -1: /Users/seg/Shemais/Shemais/zawolf_hr/test/features/company_os/domain/software_license_test.dart: revoked assignment is no longer active                                                 03:10 +187 -1: /Users/seg/Shemais/Shemais/zawolf_hr/test/features/company_os/domain/software_license_test.dart: revoked assignment is no longer active                                                 03:11 +187 -1: /Users/seg/Shemais/Shemais/zawolf_hr/test/features/company_os/domain/software_license_test.dart: revoked assignment is no longer active                                                 03:12 +187 -1: /Users/seg/Shemais/Shemais/zawolf_hr/test/features/company_os/domain/software_license_test.dart: revoked assignment is no longer active                                                 03:13 +187 -1: /Users/seg/Shemais/Shemais/zawolf_hr/test/features/company_os/domain/software_license_test.dart: revoked assignment is no longer active                                                 03:14 +187 -1: /Users/seg/Shemais/Shemais/zawolf_hr/test/features/company_os/domain/software_license_test.dart: revoked assignment is no longer active                                                 03:15 +187 -1: /Users/seg/Shemais/Shemais/zawolf_hr/test/features/company_os/domain/software_license_test.dart: revoked assignment is no longer active                                                 03:16 +187 -1: /Users/seg/Shemais/Shemais/zawolf_hr/test/features/company_os/domain/software_license_test.dart: revoked assignment is no longer active                                                 03:17 +187 -1: /Users/seg/Shemais/Shemais/zawolf_hr/test/features/company_os/domain/software_license_test.dart: revoked assignment is no longer active                                                 03:18 +187 -1: /Users/seg/Shemais/Shemais/zawolf_hr/test/features/company_os/domain/software_license_test.dart: revoked assignment is no longer active                                                 03:19 +187 -1: /Users/seg/Shemais/Shemais/zawolf_hr/test/features/company_os/domain/software_license_test.dart: revoked assignment is no longer active                                                 03:20 +187 -1: /Users/seg/Shemais/Shemais/zawolf_hr/test/features/company_os/domain/software_license_test.dart: revoked assignment is no longer active                                                 03:21 +187 -1: /Users/seg/Shemais/Shemais/zawolf_hr/test/features/company_os/domain/software_license_test.dart: revoked assignment is no longer active                                                 03:22 +187 -1: /Users/seg/Shemais/Shemais/zawolf_hr/test/features/company_os/domain/software_license_test.dart: revoked assignment is no longer active                                                 03:23 +187 -1: /Users/seg/Shemais/Shemais/zawolf_hr/test/features/company_os/domain/software_license_test.dart: revoked assignment is no longer active                                                 03:24 +187 -1: /Users/seg/Shemais/Shemais/zawolf_hr/test/features/company_os/domain/software_license_test.dart: revoked assignment is no longer active                                                 03:24 +187 -1: loading /Users/seg/Shemais/Shemais/zawolf_hr/test/features/company_os/domain/asset_test.dart                                                                                            03:24 +187 -1: /Users/seg/Shemais/Shemais/zawolf_hr/test/features/company_os/domain/asset_test.dart: retired and assigned assets cannot be assigned                                                    03:24 +188 -1: /Users/seg/Shemais/Shemais/zawolf_hr/test/features/company_os/domain/asset_test.dart: retired and assigned assets cannot be assigned                                                    03:24 +188 -1: /Users/seg/Shemais/Shemais/zawolf_hr/test/features/company_os/domain/asset_test.dart: paid maintenance requires a cost request                                                          03:24 +189 -1: /Users/seg/Shemais/Shemais/zawolf_hr/test/features/company_os/domain/asset_test.dart: paid maintenance requires a cost request                                                          03:24 +189 -1: loading /Users/seg/Shemais/Shemais/zawolf_hr/test/features/company_os/domain/unified_operational_request_test.dart                                                                      03:24 +189 -1: /Users/seg/Shemais/Shemais/zawolf_hr/test/features/company_os/domain/unified_operational_request_test.dart: cost approval plan explicitly requires Finance and owner                    03:24 +190 -1: /Users/seg/Shemais/Shemais/zawolf_hr/test/features/company_os/domain/unified_operational_request_test.dart: cost approval plan explicitly requires Finance and owner                    03:24 +190 -1: /Users/seg/Shemais/Shemais/zawolf_hr/test/features/company_os/domain/unified_operational_request_test.dart: request execution date remains independent from approval date               03:24 +191 -1: /Users/seg/Shemais/Shemais/zawolf_hr/test/features/company_os/domain/unified_operational_request_test.dart: request execution date remains independent from approval date               03:24 +191 -1: /Users/seg/Shemais/Shemais/zawolf_hr/test/features/company_os/domain/unified_operational_request_test.dart: specialist stays before Finance and policy version is retained              03:24 +192 -1: /Users/seg/Shemais/Shemais/zawolf_hr/test/features/company_os/domain/unified_operational_request_test.dart: specialist stays before Finance and policy version is retained              03:25 +192 -1: /Users/seg/Shemais/Shemais/zawolf_hr/test/features/company_os/domain/unified_operational_request_test.dart: specialist stays before Finance and policy version is retained              03:26 +192 -1: /Users/seg/Shemais/Shemais/zawolf_hr/test/features/company_os/domain/unified_operational_request_test.dart: specialist stays before Finance and policy version is retained              03:27 +192 -1: /Users/seg/Shemais/Shemais/zawolf_hr/test/features/company_os/domain/unified_operational_request_test.dart: specialist stays before Finance and policy version is retained              03:28 +192 -1: /Users/seg/Shemais/Shemais/zawolf_hr/test/features/company_os/domain/unified_operational_request_test.dart: specialist stays before Finance and policy version is retained              03:29 +192 -1: /Users/seg/Shemais/Shemais/zawolf_hr/test/features/company_os/domain/unified_operational_request_test.dart: specialist stays before Finance and policy version is retained              03:30 +192 -1: /Users/seg/Shemais/Shemais/zawolf_hr/test/features/company_os/domain/unified_operational_request_test.dart: specialist stays before Finance and policy version is retained              03:31 +192 -1: /Users/seg/Shemais/Shemais/zawolf_hr/test/features/company_os/domain/unified_operational_request_test.dart: specialist stays before Finance and policy version is retained              03:32 +192 -1: /Users/seg/Shemais/Shemais/zawolf_hr/test/features/company_os/domain/unified_operational_request_test.dart: specialist stays before Finance and policy version is retained              03:33 +192 -1: /Users/seg/Shemais/Shemais/zawolf_hr/test/features/company_os/domain/unified_operational_request_test.dart: specialist stays before Finance and policy version is retained              03:34 +192 -1: /Users/seg/Shemais/Shemais/zawolf_hr/test/features/company_os/domain/unified_operational_request_test.dart: specialist stays before Finance and policy version is retained              03:34 +192 -1: loading /Users/seg/Shemais/Shemais/zawolf_hr/test/features/company_os/domain/employee_portal_test.dart                                                                                  03:34 +192 -1: /Users/seg/Shemais/Shemais/zawolf_hr/test/features/company_os/domain/employee_portal_test.dart: employee ticket is strictly self-scoped                                                 03:34 +193 -1: /Users/seg/Shemais/Shemais/zawolf_hr/test/features/company_os/domain/employee_portal_test.dart: employee ticket is strictly self-scoped                                                 03:34 +193 -1: loading /Users/seg/Shemais/Shemais/zawolf_hr/test/features/company_os/domain/financial_ledger_test.dart                                                                                 03:34 +193 -1: /Users/seg/Shemais/Shemais/zawolf_hr/test/features/company_os/domain/financial_ledger_test.dart: ledger entry points to a source and effective period without payroll mutation          03:34 +194 -1: /Users/seg/Shemais/Shemais/zawolf_hr/test/features/company_os/domain/financial_ledger_test.dart: ledger entry points to a source and effective period without payroll mutation          03:35 +194 -1: /Users/seg/Shemais/Shemais/zawolf_hr/test/features/company_os/domain/financial_ledger_test.dart: ledger entry points to a source and effective period without payroll mutation          03:36 +194 -1: /Users/seg/Shemais/Shemais/zawolf_hr/test/features/company_os/domain/financial_ledger_test.dart: ledger entry points to a source and effective period without payroll mutation          03:37 +194 -1: /Users/seg/Shemais/Shemais/zawolf_hr/test/features/company_os/domain/financial_ledger_test.dart: ledger entry points to a source and effective period without payroll mutation          03:38 +194 -1: /Users/seg/Shemais/Shemais/zawolf_hr/test/features/company_os/domain/financial_ledger_test.dart: ledger entry points to a source and effective period without payroll mutation          03:39 +194 -1: /Users/seg/Shemais/Shemais/zawolf_hr/test/features/company_os/domain/financial_ledger_test.dart: ledger entry points to a source and effective period without payroll mutation          03:40 +194 -1: /Users/seg/Shemais/Shemais/zawolf_hr/test/features/company_os/domain/financial_ledger_test.dart: ledger entry points to a source and effective period without payroll mutation          03:41 +194 -1: /Users/seg/Shemais/Shemais/zawolf_hr/test/features/company_os/domain/financial_ledger_test.dart: ledger entry points to a source and effective period without payroll mutation          03:42 +194 -1: /Users/seg/Shemais/Shemais/zawolf_hr/test/features/company_os/domain/financial_ledger_test.dart: ledger entry points to a source and effective period without payroll mutation          03:43 +194 -1: /Users/seg/Shemais/Shemais/zawolf_hr/test/features/company_os/domain/financial_ledger_test.dart: ledger entry points to a source and effective period without payroll mutation          03:44 +194 -1: /Users/seg/Shemais/Shemais/zawolf_hr/test/features/company_os/domain/financial_ledger_test.dart: ledger entry points to a source and effective period without payroll mutation          03:45 +194 -1: /Users/seg/Shemais/Shemais/zawolf_hr/test/features/company_os/domain/financial_ledger_test.dart: ledger entry points to a source and effective period without payroll mutation          03:46 +194 -1: /Users/seg/Shemais/Shemais/zawolf_hr/test/features/company_os/domain/financial_ledger_test.dart: ledger entry points to a source and effective period without payroll mutation          03:47 +194 -1: /Users/seg/Shemais/Shemais/zawolf_hr/test/features/company_os/domain/financial_ledger_test.dart: ledger entry points to a source and effective period without payroll mutation          03:48 +194 -1: /Users/seg/Shemais/Shemais/zawolf_hr/test/features/company_os/domain/financial_ledger_test.dart: ledger entry points to a source and effective period without payroll mutation          03:49 +194 -1: /Users/seg/Shemais/Shemais/zawolf_hr/test/features/company_os/domain/financial_ledger_test.dart: ledger entry points to a source and effective period without payroll mutation          03:50 +194 -1: /Users/seg/Shemais/Shemais/zawolf_hr/test/features/company_os/domain/financial_ledger_test.dart: ledger entry points to a source and effective period without payroll mutation          03:51 +194 -1: /Users/seg/Shemais/Shemais/zawolf_hr/test/features/company_os/domain/financial_ledger_test.dart: ledger entry points to a source and effective period without payroll mutation          03:52 +194 -1: /Users/seg/Shemais/Shemais/zawolf_hr/test/features/company_os/domain/financial_ledger_test.dart: ledger entry points to a source and effective period without payroll mutation          03:53 +194 -1: /Users/seg/Shemais/Shemais/zawolf_hr/test/features/company_os/domain/financial_ledger_test.dart: ledger entry points to a source and effective period without payroll mutation          03:54 +194 -1: /Users/seg/Shemais/Shemais/zawolf_hr/test/features/company_os/domain/financial_ledger_test.dart: ledger entry points to a source and effective period without payroll mutation          03:54 +194 -1: loading /Users/seg/Shemais/Shemais/zawolf_hr/test/features/company_os/domain/company_operations_query_test.dart                                                                         03:54 +194 -1: /Users/seg/Shemais/Shemais/zawolf_hr/test/features/company_os/domain/company_operations_query_test.dart: page size is always bounded                                                    03:54 +195 -1: /Users/seg/Shemais/Shemais/zawolf_hr/test/features/company_os/domain/company_operations_query_test.dart: page size is always bounded                                                    03:54 +195 -1: /Users/seg/Shemais/Shemais/zawolf_hr/test/features/company_os/domain/company_operations_query_test.dart: dashboard keeps its server-derived scope                                       03:54 +196 -1: /Users/seg/Shemais/Shemais/zawolf_hr/test/features/company_os/domain/company_operations_query_test.dart: dashboard keeps its server-derived scope                                       03:54 +196 -1: loading /Users/seg/Shemais/Shemais/zawolf_hr/test/features/company_os/legacy_request_center_characterization_test.dart                                                                  03:54 +196 -1: /Users/seg/Shemais/Shemais/zawolf_hr/test/features/company_os/legacy_request_center_characterization_test.dart: existing request center keeps employee manager and HR routes            03:54 +197 -1: /Users/seg/Shemais/Shemais/zawolf_hr/test/features/company_os/legacy_request_center_characterization_test.dart: existing request center keeps employee manager and HR routes            03:54 +197 -1: /Users/seg/Shemais/Shemais/zawolf_hr/test/features/company_os/legacy_request_center_characterization_test.dart: existing manager approval order deduplicates and preserves order        03:54 +198 -1: /Users/seg/Shemais/Shemais/zawolf_hr/test/features/company_os/legacy_request_center_characterization_test.dart: existing manager approval order deduplicates and preserves order        03:54 +198 -1: /Users/seg/Shemais/Shemais/zawolf_hr/test/features/company_os/legacy_request_center_characterization_test.dart: existing employee request history still exposes approval stages         03:54 +199 -1: /Users/seg/Shemais/Shemais/zawolf_hr/test/features/company_os/legacy_request_center_characterization_test.dart: existing employee request history still exposes approval stages         03:55 +199 -1: /Users/seg/Shemais/Shemais/zawolf_hr/test/features/company_os/legacy_request_center_characterization_test.dart: existing employee request history still exposes approval stages         03:56 +199 -1: /Users/seg/Shemais/Shemais/zawolf_hr/test/features/company_os/legacy_request_center_characterization_test.dart: existing employee request history still exposes approval stages         03:57 +199 -1: /Users/seg/Shemais/Shemais/zawolf_hr/test/features/company_os/legacy_request_center_characterization_test.dart: existing employee request history still exposes approval stages         03:58 +199 -1: /Users/seg/Shemais/Shemais/zawolf_hr/test/features/company_os/legacy_request_center_characterization_test.dart: existing employee request history still exposes approval stages         03:59 +199 -1: /Users/seg/Shemais/Shemais/zawolf_hr/test/features/company_os/legacy_request_center_characterization_test.dart: existing employee request history still exposes approval stages         04:00 +199 -1: /Users/seg/Shemais/Shemais/zawolf_hr/test/features/company_os/legacy_request_center_characterization_test.dart: existing employee request history still exposes approval stages         04:01 +199 -1: /Users/seg/Shemais/Shemais/zawolf_hr/test/features/company_os/legacy_request_center_characterization_test.dart: existing employee request history still exposes approval stages         04:01 +199 -1: loading /Users/seg/Shemais/Shemais/zawolf_hr/test/features/company_os/presentation/company_os_portal_page_test.dart                                                                     04:01 +199 -1: /Users/seg/Shemais/Shemais/zawolf_hr/test/features/company_os/presentation/company_os_portal_page_test.dart: portal is Arabic RTL and exposes loading then empty state                  04:02 +199 -1: /Users/seg/Shemais/Shemais/zawolf_hr/test/features/company_os/presentation/company_os_portal_page_test.dart: portal is Arabic RTL and exposes loading then empty state                  04:03 +199 -1: /Users/seg/Shemais/Shemais/zawolf_hr/test/features/company_os/presentation/company_os_portal_page_test.dart: portal is Arabic RTL and exposes loading then empty state                  04:03 +200 -1: /Users/seg/Shemais/Shemais/zawolf_hr/test/features/company_os/presentation/it_operations_pages_test.dart: IT queue and assets render safe Arabic empty states                           04:03 +201 -1: /Users/seg/Shemais/Shemais/zawolf_hr/test/features/company_os/presentation/it_operations_pages_test.dart: IT queue and assets render safe Arabic empty states                           04:04 +201 -1: /Users/seg/Shemais/Shemais/zawolf_hr/test/features/company_os/presentation/it_operations_pages_test.dart: IT queue and assets render safe Arabic empty states                           04:04 +202 -1: /Users/seg/Shemais/Shemais/zawolf_hr/test/features/company_os/presentation/company_os_portal_page_test.dart: ticket submit shows safe pending state                                     04:04 +203 -1: /Users/seg/Shemais/Shemais/zawolf_hr/test/features/company_os/presentation/it_operations_pages_test.dart: license capacity is shown without exposing technical errors                   04:04 +204 -1: /Users/seg/Shemais/Shemais/zawolf_hr/test/features/company_os/presentation/company_os_portal_page_test.dart: ticket submit shows safe saved state                                       04:04 +205 -1: /Users/seg/Shemais/Shemais/zawolf_hr/test/features/company_os/presentation/it_operations_pages_test.dart: asset detail exposes lifecycle actions and retained history                   04:04 +206 -1: /Users/seg/Shemais/Shemais/zawolf_hr/test/features/company_os/presentation/company_os_portal_page_test.dart: ticket submit shows safe conflict state                                    04:04 +207 -1: /Users/seg/Shemais/Shemais/zawolf_hr/test/features/company_os/presentation/it_operations_pages_test.dart: license detail supports seat assignment and renewal                           04:05 +207 -1: /Users/seg/Shemais/Shemais/zawolf_hr/test/features/company_os/presentation/it_operations_pages_test.dart: license detail supports seat assignment and renewal                           04:05 +208 -1: /Users/seg/Shemais/Shemais/zawolf_hr/test/features/company_os/presentation/it_operations_pages_test.dart: license detail supports seat assignment and renewal                           04:05 +209 -1: /Users/seg/Shemais/Shemais/zawolf_hr/test/features/company_os/presentation/it_operations_pages_test.dart: license detail supports seat assignment and renewal                           04:05 +209 -1: /Users/seg/Shemais/Shemais/zawolf_hr/test/features/company_os/presentation/it_operations_pages_test.dart: workflow conflict displays only a safe Arabic message                         04:05 +210 -1: /Users/seg/Shemais/Shemais/zawolf_hr/test/features/company_os/presentation/it_operations_pages_test.dart: workflow conflict displays only a safe Arabic message                         04:06 +210 -1: /Users/seg/Shemais/Shemais/zawolf_hr/test/features/company_os/presentation/it_operations_pages_test.dart: workflow conflict displays only a safe Arabic message                         04:07 +210 -1: /Users/seg/Shemais/Shemais/zawolf_hr/test/features/company_os/presentation/it_operations_pages_test.dart: workflow conflict displays only a safe Arabic message                         04:08 +210 -1: /Users/seg/Shemais/Shemais/zawolf_hr/test/features/company_os/presentation/it_operations_pages_test.dart: workflow conflict displays only a safe Arabic message                         04:09 +210 -1: /Users/seg/Shemais/Shemais/zawolf_hr/test/features/company_os/presentation/it_operations_pages_test.dart: workflow conflict displays only a safe Arabic message                         04:10 +210 -1: /Users/seg/Shemais/Shemais/zawolf_hr/test/features/company_os/presentation/it_operations_pages_test.dart: workflow conflict displays only a safe Arabic message                         04:11 +210 -1: /Users/seg/Shemais/Shemais/zawolf_hr/test/features/company_os/presentation/it_operations_pages_test.dart: workflow conflict displays only a safe Arabic message                         04:12 +210 -1: /Users/seg/Shemais/Shemais/zawolf_hr/test/features/company_os/presentation/it_operations_pages_test.dart: workflow conflict displays only a safe Arabic message                         04:13 +210 -1: /Users/seg/Shemais/Shemais/zawolf_hr/test/features/company_os/presentation/it_operations_pages_test.dart: workflow conflict displays only a safe Arabic message                         04:14 +210 -1: /Users/seg/Shemais/Shemais/zawolf_hr/test/features/company_os/presentation/it_operations_pages_test.dart: workflow conflict displays only a safe Arabic message                         04:15 +210 -1: /Users/seg/Shemais/Shemais/zawolf_hr/test/features/company_os/presentation/it_operations_pages_test.dart: workflow conflict displays only a safe Arabic message                         04:16 +210 -1: /Users/seg/Shemais/Shemais/zawolf_hr/test/features/company_os/presentation/it_operations_pages_test.dart: workflow conflict displays only a safe Arabic message                         04:17 +210 -1: /Users/seg/Shemais/Shemais/zawolf_hr/test/features/company_os/presentation/it_operations_pages_test.dart: workflow conflict displays only a safe Arabic message                         04:18 +210 -1: /Users/seg/Shemais/Shemais/zawolf_hr/test/features/company_os/presentation/it_operations_pages_test.dart: workflow conflict displays only a safe Arabic message                         04:19 +210 -1: /Users/seg/Shemais/Shemais/zawolf_hr/test/features/company_os/presentation/it_operations_pages_test.dart: workflow conflict displays only a safe Arabic message                         04:20 +210 -1: /Users/seg/Shemais/Shemais/zawolf_hr/test/features/company_os/presentation/it_operations_pages_test.dart: workflow conflict displays only a safe Arabic message                         04:20 +210 -1: loading /Users/seg/Shemais/Shemais/zawolf_hr/test/features/company_os/presentation/company_os_operations_test.dart                                                                      04:20 +210 -1: /Users/seg/Shemais/Shemais/zawolf_hr/test/features/company_os/presentation/company_os_operations_test.dart: dashboard is Arabic RTL and responsive                                      04:21 +210 -1: /Users/seg/Shemais/Shemais/zawolf_hr/test/features/company_os/presentation/company_os_operations_test.dart: dashboard is Arabic RTL and responsive                                      04:22 +210 -1: /Users/seg/Shemais/Shemais/zawolf_hr/test/features/company_os/presentation/company_os_operations_test.dart: dashboard is Arabic RTL and responsive                                      04:22 +211 -1: /Users/seg/Shemais/Shemais/zawolf_hr/test/features/company_os/presentation/company_os_requests_test.dart: Arabic request form contains access and cost categories                       04:22 +212 -1: /Users/seg/Shemais/Shemais/zawolf_hr/test/features/company_os/presentation/company_os_requests_test.dart: Arabic request form contains access and cost categories                       04:22 +212 -1: /Users/seg/Shemais/Shemais/zawolf_hr/test/features/company_os/presentation/company_os_requests_test.dart: Arabic request form contains access and cost categories                       
══╡ EXCEPTION CAUGHT BY FLUTTER TEST FRAMEWORK ╞════════════════════════════════════════════════════
The following TestFailure was thrown running a test:
Expected: exactly one matching candidate
  Actual: _TextWidgetFinder:<Found 0 widgets with text "طلب تشغيلي جديد": []>
   Which: means none were found but one was expected

When the exception was thrown, this was the stack:
#4      main.<anonymous closure> (file:///Users/seg/Shemais/Shemais/zawolf_hr/test/features/company_os/presentation/company_os_requests_test.dart:23:5)
<asynchronous suspension>
--
  The test description was: Arabic request form contains access and cost categories
  

To run this test again: /Users/seg/dev/flutter/bin/cache/dart-sdk/bin/dart test /Users/seg/Shemais/Shemais/zawolf_hr/test/features/company_os/presentation/company_os_requests_test.dart -p vm --plain-name 'Arabic request form contains access and cost categories'
04:23 +213 -2: /Users/seg/Shemais/Shemais/zawolf_hr/test/features/company_os/presentation/company_os_requests_test.dart: approval journey renders Finance owner payment and closure                    04:23 +214 -2: /Users/seg/Shemais/Shemais/zawolf_hr/test/features/company_os/presentation/company_os_requests_test.dart: approval journey renders Finance owner payment and closure                    04:23 +215 -2: /Users/seg/Shemais/Shemais/zawolf_hr/test/features/company_os/presentation/company_os_requests_test.dart: approval journey renders Finance owner payment and closure                    04:23 +215 -2: /Users/seg/Shemais/Shemais/zawolf_hr/test/features/company_os/presentation/company_os_requests_test.dart: finance page exposes Arabic empty state safely                                04:23 +216 -2: /Users/seg/Shemais/Shemais/zawolf_hr/test/features/company_os/presentation/company_os_requests_test.dart: finance page exposes Arabic empty state safely                                04:23 +216 -2: /Users/seg/Shemais/Shemais/zawolf_hr/test/features/company_os/presentation/company_os_requests_test.dart: payment stage exposes dedicated payment completion action                     04:23 +217 -2: /Users/seg/Shemais/Shemais/zawolf_hr/test/features/company_os/presentation/company_os_requests_test.dart: payment stage exposes dedicated payment completion action                     04:24 +217 -2: /Users/seg/Shemais/Shemais/zawolf_hr/test/features/company_os/presentation/company_os_requests_test.dart: payment stage exposes dedicated payment completion action                     04:25 +217 -2: /Users/seg/Shemais/Shemais/zawolf_hr/test/features/company_os/presentation/company_os_requests_test.dart: payment stage exposes dedicated payment completion action                     04:26 +217 -2: /Users/seg/Shemais/Shemais/zawolf_hr/test/features/company_os/presentation/company_os_requests_test.dart: payment stage exposes dedicated payment completion action                     04:27 +217 -2: /Users/seg/Shemais/Shemais/zawolf_hr/test/features/company_os/presentation/company_os_requests_test.dart: payment stage exposes dedicated payment completion action                     04:28 +217 -2: /Users/seg/Shemais/Shemais/zawolf_hr/test/features/company_os/presentation/company_os_requests_test.dart: payment stage exposes dedicated payment completion action                     04:29 +217 -2: /Users/seg/Shemais/Shemais/zawolf_hr/test/features/company_os/presentation/company_os_requests_test.dart: payment stage exposes dedicated payment completion action                     04:29 +217 -2: loading /Users/seg/Shemais/Shemais/zawolf_hr/test/features/company_os/legacy_request_center_parity_test.dart                                                                            04:29 +217 -2: /Users/seg/Shemais/Shemais/zawolf_hr/test/features/company_os/legacy_request_center_parity_test.dart: Company OS keeps the canonical administrative request aggregate                   04:29 +218 -2: /Users/seg/Shemais/Shemais/zawolf_hr/test/features/company_os/legacy_request_center_parity_test.dart: Company OS keeps the canonical administrative request aggregate                   04:29 +218 -2: /Users/seg/Shemais/Shemais/zawolf_hr/test/features/company_os/legacy_request_center_parity_test.dart: employee and management screens retain the shared approval journey                04:29 +219 -2: /Users/seg/Shemais/Shemais/zawolf_hr/test/features/company_os/legacy_request_center_parity_test.dart: employee and management screens retain the shared approval journey                04:29 +219 -2: /Users/seg/Shemais/Shemais/zawolf_hr/test/features/company_os/legacy_request_center_parity_test.dart: request notifications deep-link to the canonical request center                   04:29 +220 -2: /Users/seg/Shemais/Shemais/zawolf_hr/test/features/company_os/legacy_request_center_parity_test.dart: request notifications deep-link to the canonical request center                   04:30 +220 -2: /Users/seg/Shemais/Shemais/zawolf_hr/test/features/company_os/legacy_request_center_parity_test.dart: request notifications deep-link to the canonical request center                   04:31 +220 -2: /Users/seg/Shemais/Shemais/zawolf_hr/test/features/company_os/legacy_request_center_parity_test.dart: request notifications deep-link to the canonical request center                   04:32 +220 -2: /Users/seg/Shemais/Shemais/zawolf_hr/test/features/company_os/legacy_request_center_parity_test.dart: request notifications deep-link to the canonical request center                   04:33 +220 -2: /Users/seg/Shemais/Shemais/zawolf_hr/test/features/company_os/legacy_request_center_parity_test.dart: request notifications deep-link to the canonical request center                   04:34 +220 -2: /Users/seg/Shemais/Shemais/zawolf_hr/test/features/company_os/legacy_request_center_parity_test.dart: request notifications deep-link to the canonical request center                   04:35 +220 -2: /Users/seg/Shemais/Shemais/zawolf_hr/test/features/company_os/legacy_request_center_parity_test.dart: request notifications deep-link to the canonical request center                   04:36 +220 -2: /Users/seg/Shemais/Shemais/zawolf_hr/test/features/company_os/legacy_request_center_parity_test.dart: request notifications deep-link to the canonical request center                   04:36 +220 -2: loading /Users/seg/Shemais/Shemais/zawolf_hr/test/features/attendance_checkin/data/attendance_checkin_repository_contract_test.dart                                                     04:36 +220 -2: /Users/seg/Shemais/Shemais/zawolf_hr/test/features/attendance_checkin/data/attendance_checkin_repository_contract_test.dart: ... contract works with a non-Firebase service adapter     04:36 +221 -2: /Users/seg/Shemais/Shemais/zawolf_hr/test/features/attendance_checkin/data/attendance_checkin_repository_contract_test.dart: ... contract works with a non-Firebase service adapter     04:37 +221 -2: /Users/seg/Shemais/Shemais/zawolf_hr/test/features/attendance_checkin/data/attendance_checkin_repository_contract_test.dart: ... contract works with a non-Firebase service adapter     04:38 +221 -2: /Users/seg/Shemais/Shemais/zawolf_hr/test/features/attendance_checkin/data/attendance_checkin_repository_contract_test.dart: ... contract works with a non-Firebase service adapter     04:39 +221 -2: /Users/seg/Shemais/Shemais/zawolf_hr/test/features/attendance_checkin/data/attendance_checkin_repository_contract_test.dart: ... contract works with a non-Firebase service adapter     04:40 +221 -2: /Users/seg/Shemais/Shemais/zawolf_hr/test/features/attendance_checkin/data/attendance_checkin_repository_contract_test.dart: ... contract works with a non-Firebase service adapter     04:41 +221 -2: /Users/seg/Shemais/Shemais/zawolf_hr/test/features/attendance_checkin/data/attendance_checkin_repository_contract_test.dart: ... contract works with a non-Firebase service adapter     04:42 +221 -2: /Users/seg/Shemais/Shemais/zawolf_hr/test/features/attendance_checkin/data/attendance_checkin_repository_contract_test.dart: ... contract works with a non-Firebase service adapter     04:43 +221 -2: /Users/seg/Shemais/Shemais/zawolf_hr/test/features/attendance_checkin/data/attendance_checkin_repository_contract_test.dart: ... contract works with a non-Firebase service adapter     04:44 +221 -2: /Users/seg/Shemais/Shemais/zawolf_hr/test/features/attendance_checkin/data/attendance_checkin_repository_contract_test.dart: ... contract works with a non-Firebase service adapter     04:45 +221 -2: /Users/seg/Shemais/Shemais/zawolf_hr/test/features/attendance_checkin/data/attendance_checkin_repository_contract_test.dart: ... contract works with a non-Firebase service adapter     04:46 +221 -2: /Users/seg/Shemais/Shemais/zawolf_hr/test/features/attendance_checkin/data/attendance_checkin_repository_contract_test.dart: ... contract works with a non-Firebase service adapter     04:46 +221 -2: loading /Users/seg/Shemais/Shemais/zawolf_hr/test/features/attendance_checkin/data/attendance_gateway_checkin_client_test.dart                                                          04:46 +221 -2: /Users/seg/Shemais/Shemais/zawolf_hr/test/features/attendance_checkin/data/attendance_gateway_checkin_client_test.dart: maps a gateway recorded receipt into the domain                 04:46 +222 -2: /Users/seg/Shemais/Shemais/zawolf_hr/test/features/attendance_checkin/data/attendance_gateway_checkin_client_test.dart: maps a gateway recorded receipt into the domain                 04:46 +222 -2: /Users/seg/Shemais/Shemais/zawolf_hr/test/features/attendance_checkin/data/attendance_gateway_checkin_client_test.dart: maps an idempotent gateway receipt into saved state             04:46 +223 -2: /Users/seg/Shemais/Shemais/zawolf_hr/test/features/attendance_checkin/data/attendance_gateway_checkin_client_test.dart: maps an idempotent gateway receipt into saved state             04:46 +223 -2: loading /Users/seg/Shemais/Shemais/zawolf_hr/test/features/attendance_checkin/data/attendance_checkin_failure_mapper_test.dart                                                          04:46 +223 -2: /Users/seg/Shemais/Shemais/zawolf_hr/test/features/attendance_checkin/data/attendance_checkin_failure_mapper_test.dart: ... and authentication failures to confirmed safe categories    04:47 +224 -2: /Users/seg/Shemais/Shemais/zawolf_hr/test/features/attendance_checkin/data/attendance_checkin_failure_mapper_test.dart: ... and authentication failures to confirmed safe categories    04:47 +224 -2: /Users/seg/Shemais/Shemais/zawolf_hr/test/features/attendance_checkin/data/attendance_checkin_failure_mapper_test.dart: maps validation failures without retrying them                  04:47 +225 -2: /Users/seg/Shemais/Shemais/zawolf_hr/test/features/attendance_checkin/data/attendance_checkin_failure_mapper_test.dart: maps validation failures without retrying them                  04:47 +225 -2: /Users/seg/Shemais/Shemais/zawolf_hr/test/features/attendance_checkin/data/attendance_checkin_failure_mapper_test.dart: maps connectivity separately from temporary service outages     04:47 +226 -2: /Users/seg/Shemais/Shemais/zawolf_hr/test/features/attendance_checkin/data/attendance_checkin_failure_mapper_test.dart: maps connectivity separately from temporary service outages     04:47 +226 -2: /Users/seg/Shemais/Shemais/zawolf_hr/test/features/attendance_checkin/data/attendance_checkin_failure_mapper_test.dart: maps uncertain and unknown outcomes to status check             04:47 +227 -2: /Users/seg/Shemais/Shemais/zawolf_hr/test/features/attendance_checkin/data/attendance_checkin_failure_mapper_test.dart: maps uncertain and unknown outcomes to status check             04:48 +227 -2: /Users/seg/Shemais/Shemais/zawolf_hr/test/features/attendance_checkin/data/attendance_checkin_failure_mapper_test.dart: maps uncertain and unknown outcomes to status check             04:49 +227 -2: /Users/seg/Shemais/Shemais/zawolf_hr/test/features/attendance_checkin/data/attendance_checkin_failure_mapper_test.dart: maps uncertain and unknown outcomes to status check             04:50 +227 -2: /Users/seg/Shemais/Shemais/zawolf_hr/test/features/attendance_checkin/data/attendance_checkin_failure_mapper_test.dart: maps uncertain and unknown outcomes to status check             04:51 +227 -2: /Users/seg/Shemais/Shemais/zawolf_hr/test/features/attendance_checkin/data/attendance_checkin_failure_mapper_test.dart: maps uncertain and unknown outcomes to status check             04:52 +227 -2: /Users/seg/Shemais/Shemais/zawolf_hr/test/features/attendance_checkin/data/attendance_checkin_failure_mapper_test.dart: maps uncertain and unknown outcomes to status check             04:53 +227 -2: /Users/seg/Shemais/Shemais/zawolf_hr/test/features/attendance_checkin/data/attendance_checkin_failure_mapper_test.dart: maps uncertain and unknown outcomes to status check             04:54 +227 -2: /Users/seg/Shemais/Shemais/zawolf_hr/test/features/attendance_checkin/data/attendance_checkin_failure_mapper_test.dart: maps uncertain and unknown outcomes to status check             04:55 +227 -2: /Users/seg/Shemais/Shemais/zawolf_hr/test/features/attendance_checkin/data/attendance_checkin_failure_mapper_test.dart: maps uncertain and unknown outcomes to status check             04:56 +227 -2: /Users/seg/Shemais/Shemais/zawolf_hr/test/features/attendance_checkin/data/attendance_checkin_failure_mapper_test.dart: maps uncertain and unknown outcomes to status check             04:57 +227 -2: /Users/seg/Shemais/Shemais/zawolf_hr/test/features/attendance_checkin/data/attendance_checkin_failure_mapper_test.dart: maps uncertain and unknown outcomes to status check             04:58 +227 -2: /Users/seg/Shemais/Shemais/zawolf_hr/test/features/attendance_checkin/data/attendance_checkin_failure_mapper_test.dart: maps uncertain and unknown outcomes to status check             04:59 +227 -2: /Users/seg/Shemais/Shemais/zawolf_hr/test/features/attendance_checkin/data/attendance_checkin_failure_mapper_test.dart: maps uncertain and unknown outcomes to status check             05:00 +227 -2: /Users/seg/Shemais/Shemais/zawolf_hr/test/features/attendance_checkin/data/attendance_checkin_failure_mapper_test.dart: maps uncertain and unknown outcomes to status check             05:01 +227 -2: /Users/seg/Shemais/Shemais/zawolf_hr/test/features/attendance_checkin/data/attendance_checkin_failure_mapper_test.dart: maps uncertain and unknown outcomes to status check             05:01 +227 -2: loading /Users/seg/Shemais/Shemais/zawolf_hr/test/features/attendance_checkin/data/attendance_checkin_repository_test.dart                                                              05:01 +227 -2: /Users/seg/Shemais/Shemais/zawolf_hr/test/features/attendance_checkin/data/attendance_checkin_repository_test.dart: retries a temporary failure twice then retains the original action  05:01 +228 -2: /Users/seg/Shemais/Shemais/zawolf_hr/test/features/attendance_checkin/data/attendance_checkin_repository_test.dart: retries a temporary failure twice then retains the original action  05:01 +228 -2: /Users/seg/Shemais/Shemais/zawolf_hr/test/features/attendance_checkin/data/attendance_checkin_repository_test.dart: does not retry or queue a confirmed access failure                  05:01 +229 -2: /Users/seg/Shemais/Shemais/zawolf_hr/test/features/attendance_checkin/data/attendance_checkin_repository_test.dart: does not retry or queue a confirmed access failure                  05:01 +229 -2: /Users/seg/Shemais/Shemais/zawolf_hr/test/features/attendance_checkin/data/attendance_checkin_repository_test.dart: turns an interrupted result into status-check state                 05:01 +230 -2: /Users/seg/Shemais/Shemais/zawolf_hr/test/features/attendance_checkin/data/attendance_checkin_repository_test.dart: turns an interrupted result into status-check state                 05:01 +230 -2: /Users/seg/Shemais/Shemais/zawolf_hr/test/features/attendance_checkin/data/attendance_checkin_repository_test.dart: records aggregate-only pilot outcomes without employee diagnostics  05:01 +231 -2: /Users/seg/Shemais/Shemais/zawolf_hr/test/features/attendance_checkin/data/attendance_checkin_repository_test.dart: records aggregate-only pilot outcomes without employee diagnostics  05:02 +231 -2: /Users/seg/Shemais/Shemais/zawolf_hr/test/features/attendance_checkin/data/attendance_checkin_repository_test.dart: records aggregate-only pilot outcomes without employee diagnostics  05:03 +231 -2: /Users/seg/Shemais/Shemais/zawolf_hr/test/features/attendance_checkin/data/attendance_checkin_repository_test.dart: records aggregate-only pilot outcomes without employee diagnostics  05:04 +231 -2: /Users/seg/Shemais/Shemais/zawolf_hr/test/features/attendance_checkin/data/attendance_checkin_repository_test.dart: records aggregate-only pilot outcomes without employee diagnostics  05:05 +231 -2: /Users/seg/Shemais/Shemais/zawolf_hr/test/features/attendance_checkin/data/attendance_checkin_repository_test.dart: records aggregate-only pilot outcomes without employee diagnostics  05:06 +231 -2: /Users/seg/Shemais/Shemais/zawolf_hr/test/features/attendance_checkin/data/attendance_checkin_repository_test.dart: records aggregate-only pilot outcomes without employee diagnostics  05:07 +231 -2: /Users/seg/Shemais/Shemais/zawolf_hr/test/features/attendance_checkin/data/attendance_checkin_repository_test.dart: records aggregate-only pilot outcomes without employee diagnostics  05:08 +231 -2: /Users/seg/Shemais/Shemais/zawolf_hr/test/features/attendance_checkin/data/attendance_checkin_repository_test.dart: records aggregate-only pilot outcomes without employee diagnostics  05:09 +231 -2: /Users/seg/Shemais/Shemais/zawolf_hr/test/features/attendance_checkin/data/attendance_checkin_repository_test.dart: records aggregate-only pilot outcomes without employee diagnostics  05:09 +231 -2: loading /Users/seg/Shemais/Shemais/zawolf_hr/test/features/attendance_checkin/data/checkin_outbox_test.dart                                                                             05:09 +231 -2: /Users/seg/Shemais/Shemais/zawolf_hr/test/features/attendance_checkin/data/checkin_outbox_test.dart: persists a pending action with its original immutable evidence                     05:10 +231 -2: /Users/seg/Shemais/Shemais/zawolf_hr/test/features/attendance_checkin/data/checkin_outbox_test.dart: persists a pending action with its original immutable evidence                     05:10 +232 -2: /Users/seg/Shemais/Shemais/zawolf_hr/test/features/attendance_checkin/data/checkin_outbox_test.dart: persists a pending action with its original immutable evidence                     05:10 +232 -2: /Users/seg/Shemais/Shemais/zawolf_hr/test/features/attendance_checkin/data/checkin_outbox_test.dart: never exposes or removes another employee pending action                           05:10 +233 -2: /Users/seg/Shemais/Shemais/zawolf_hr/test/features/attendance_checkin/data/checkin_outbox_test.dart: never exposes or removes another employee pending action                           05:11 +233 -2: /Users/seg/Shemais/Shemais/zawolf_hr/test/features/attendance_checkin/data/checkin_outbox_test.dart: never exposes or removes another employee pending action                           05:12 +233 -2: /Users/seg/Shemais/Shemais/zawolf_hr/test/features/attendance_checkin/data/checkin_outbox_test.dart: never exposes or removes another employee pending action                           05:13 +233 -2: /Users/seg/Shemais/Shemais/zawolf_hr/test/features/attendance_checkin/data/checkin_outbox_test.dart: never exposes or removes another employee pending action                           05:14 +233 -2: /Users/seg/Shemais/Shemais/zawolf_hr/test/features/attendance_checkin/data/checkin_outbox_test.dart: never exposes or removes another employee pending action                           05:15 +233 -2: /Users/seg/Shemais/Shemais/zawolf_hr/test/features/attendance_checkin/data/checkin_outbox_test.dart: never exposes or removes another employee pending action                           05:16 +233 -2: /Users/seg/Shemais/Shemais/zawolf_hr/test/features/attendance_checkin/data/checkin_outbox_test.dart: never exposes or removes another employee pending action                           05:17 +233 -2: /Users/seg/Shemais/Shemais/zawolf_hr/test/features/attendance_checkin/data/checkin_outbox_test.dart: never exposes or removes another employee pending action                           05:18 +233 -2: /Users/seg/Shemais/Shemais/zawolf_hr/test/features/attendance_checkin/data/checkin_outbox_test.dart: never exposes or removes another employee pending action                           05:19 +233 -2: /Users/seg/Shemais/Shemais/zawolf_hr/test/features/attendance_checkin/data/checkin_outbox_test.dart: never exposes or removes another employee pending action                           05:20 +233 -2: /Users/seg/Shemais/Shemais/zawolf_hr/test/features/attendance_checkin/data/checkin_outbox_test.dart: never exposes or removes another employee pending action                           05:20 +233 -2: loading /Users/seg/Shemais/Shemais/zawolf_hr/test/features/attendance_checkin/domain/checkin_action_test.dart                                                                           05:20 +233 -2: /Users/seg/Shemais/Shemais/zawolf_hr/test/features/attendance_checkin/domain/checkin_action_test.dart: keeps the canonical action identity across retries                               05:20 +234 -2: /Users/seg/Shemais/Shemais/zawolf_hr/test/features/attendance_checkin/domain/checkin_action_test.dart: keeps the canonical action identity across retries                               05:20 +234 -2: /Users/seg/Shemais/Shemais/zawolf_hr/test/features/attendance_checkin/domain/checkin_action_test.dart: receipt expresses new and idempotent saved check-ins                             05:20 +235 -2: /Users/seg/Shemais/Shemais/zawolf_hr/test/features/attendance_checkin/domain/checkin_action_test.dart: receipt expresses new and idempotent saved check-ins                             05:21 +235 -2: /Users/seg/Shemais/Shemais/zawolf_hr/test/features/attendance_checkin/domain/checkin_action_test.dart: receipt expresses new and idempotent saved check-ins                             05:21 +235 -2: loading /Users/seg/Shemais/Shemais/zawolf_hr/test/features/attendance_checkin/presentation/checkin_cubit_test.dart                                                                      05:21 +235 -2: /Users/seg/Shemais/Shemais/zawolf_hr/test/features/attendance_checkin/presentation/checkin_cubit_test.dart: shows saved for a recorded or duplicate check-in                            05:21 +236 -2: /Users/seg/Shemais/Shemais/zawolf_hr/test/features/attendance_checkin/presentation/checkin_cubit_test.dart: shows saved for a recorded or duplicate check-in                            05:21 +236 -2: /Users/seg/Shemais/Shemais/zawolf_hr/test/features/attendance_checkin/presentation/checkin_cubit_test.dart: shows pending sync after a safely retryable temporary failure               05:21 +237 -2: /Users/seg/Shemais/Shemais/zawolf_hr/test/features/attendance_checkin/presentation/checkin_cubit_test.dart: shows pending sync after a safely retryable temporary failure               05:21 +237 -2: /Users/seg/Shemais/Shemais/zawolf_hr/test/features/attendance_checkin/presentation/checkin_cubit_test.dart: synchronizes a pending action on explicit screen entry                      05:21 +238 -2: /Users/seg/Shemais/Shemais/zawolf_hr/test/features/attendance_checkin/presentation/checkin_cubit_test.dart: synchronizes a pending action on explicit screen entry                      05:21 +238 -2: /Users/seg/Shemais/Shemais/zawolf_hr/test/features/attendance_checkin/presentation/checkin_cubit_test.dart: requires a status check after an uncertain result                           05:21 +239 -2: /Users/seg/Shemais/Shemais/zawolf_hr/test/features/attendance_checkin/presentation/checkin_cubit_test.dart: requires a status check after an uncertain result                           05:21 +239 -2: /Users/seg/Shemais/Shemais/zawolf_hr/test/features/attendance_checkin/presentation/checkin_cubit_test.dart: does not submit a second action while status check is required              05:21 +240 -2: /Users/seg/Shemais/Shemais/zawolf_hr/test/features/attendance_checkin/presentation/checkin_cubit_test.dart: does not submit a second action while status check is required              05:22 +240 -2: /Users/seg/Shemais/Shemais/zawolf_hr/test/features/attendance_checkin/presentation/checkin_cubit_test.dart: does not submit a second action while status check is required              05:23 +240 -2: /Users/seg/Shemais/Shemais/zawolf_hr/test/features/attendance_checkin/presentation/checkin_cubit_test.dart: does not submit a second action while status check is required              05:24 +240 -2: /Users/seg/Shemais/Shemais/zawolf_hr/test/features/attendance_checkin/presentation/checkin_cubit_test.dart: does not submit a second action while status check is required              05:25 +240 -2: /Users/seg/Shemais/Shemais/zawolf_hr/test/features/attendance_checkin/presentation/checkin_cubit_test.dart: does not submit a second action while status check is required              05:26 +240 -2: /Users/seg/Shemais/Shemais/zawolf_hr/test/features/attendance_checkin/presentation/checkin_cubit_test.dart: does not submit a second action while status check is required              05:27 +240 -2: /Users/seg/Shemais/Shemais/zawolf_hr/test/features/attendance_checkin/presentation/checkin_cubit_test.dart: does not submit a second action while status check is required              05:28 +240 -2: /Users/seg/Shemais/Shemais/zawolf_hr/test/features/attendance_checkin/presentation/checkin_cubit_test.dart: does not submit a second action while status check is required              05:29 +240 -2: /Users/seg/Shemais/Shemais/zawolf_hr/test/features/attendance_checkin/presentation/checkin_cubit_test.dart: does not submit a second action while status check is required              05:30 +240 -2: /Users/seg/Shemais/Shemais/zawolf_hr/test/features/attendance_checkin/presentation/checkin_cubit_test.dart: does not submit a second action while status check is required              05:31 +240 -2: /Users/seg/Shemais/Shemais/zawolf_hr/test/features/attendance_checkin/presentation/checkin_cubit_test.dart: does not submit a second action while status check is required              05:32 +240 -2: /Users/seg/Shemais/Shemais/zawolf_hr/test/features/attendance_checkin/presentation/checkin_cubit_test.dart: does not submit a second action while status check is required              05:33 +240 -2: /Users/seg/Shemais/Shemais/zawolf_hr/test/features/attendance_checkin/presentation/checkin_cubit_test.dart: does not submit a second action while status check is required              05:34 +240 -2: /Users/seg/Shemais/Shemais/zawolf_hr/test/features/attendance_checkin/presentation/checkin_cubit_test.dart: does not submit a second action while status check is required              05:35 +240 -2: /Users/seg/Shemais/Shemais/zawolf_hr/test/features/attendance_checkin/presentation/checkin_cubit_test.dart: does not submit a second action while status check is required              05:36 +240 -2: /Users/seg/Shemais/Shemais/zawolf_hr/test/features/attendance_checkin/presentation/checkin_cubit_test.dart: does not submit a second action while status check is required              05:37 +240 -2: /Users/seg/Shemais/Shemais/zawolf_hr/test/features/attendance_checkin/presentation/checkin_cubit_test.dart: does not submit a second action while status check is required              05:38 +240 -2: /Users/seg/Shemais/Shemais/zawolf_hr/test/features/attendance_checkin/presentation/checkin_cubit_test.dart: does not submit a second action while status check is required              05:39 +240 -2: /Users/seg/Shemais/Shemais/zawolf_hr/test/features/attendance_checkin/presentation/checkin_cubit_test.dart: does not submit a second action while status check is required              05:40 +240 -2: /Users/seg/Shemais/Shemais/zawolf_hr/test/features/attendance_checkin/presentation/checkin_cubit_test.dart: does not submit a second action while status check is required              05:40 +240 -2: loading /Users/seg/Shemais/Shemais/zawolf_hr/test/features/attendance_checkin/presentation/attendance_outcome_mapper_test.dart                                                          05:40 +240 -2: /Users/seg/Shemais/Shemais/zawolf_hr/test/features/attendance_checkin/presentation/attendance_outcome_mapper_test.dart: checkout disabled receives a clear Arabic business outcome      05:40 +241 -2: /Users/seg/Shemais/Shemais/zawolf_hr/test/features/attendance_checkin/presentation/attendance_outcome_mapper_test.dart: checkout disabled receives a clear Arabic business outcome      05:40 +241 -2: /Users/seg/Shemais/Shemais/zawolf_hr/test/features/attendance_checkin/presentation/attendance_outcome_mapper_test.dart: gateway and Firebase technical details cannot be rendered       05:40 +242 -2: /Users/seg/Shemais/Shemais/zawolf_hr/test/features/attendance_checkin/presentation/attendance_outcome_mapper_test.dart: gateway and Firebase technical details cannot be rendered       05:40 +242 -2: /Users/seg/Shemais/Shemais/zawolf_hr/test/features/attendance_checkin/presentation/attendance_outcome_mapper_test.dart: gateway exception renders only safe Arabic status               05:40 +243 -2: /Users/seg/Shemais/Shemais/zawolf_hr/test/features/attendance_checkin/presentation/attendance_outcome_mapper_test.dart: gateway exception renders only safe Arabic status               05:40 +243 -2: /Users/seg/Shemais/Shemais/zawolf_hr/test/features/attendance_checkin/presentation/attendance_outcome_mapper_test.dart: ... dashboard does not use raw errors as its attendance message 05:41 +243 -3: /Users/seg/Shemais/Shemais/zawolf_hr/test/features/attendance_checkin/presentation/attendance_outcome_mapper_test.dart: employee dashboard does not use raw errors as its attendance message [E]
  Expected: not contains 'return raw;'
    Actual: 'import \'dart:async\';\n'
              '\n'
              'import \'package:flutter/foundation.dart\';\n'
              'import \'package:flutter/material.dart\';\n'
              'import \'package:flutter_bloc/flutter_bloc.dart\';\n'
              'import \'package:provider/provider.dart\';\n'
--

To run this test again: /Users/seg/dev/flutter/bin/cache/dart-sdk/bin/dart test /Users/seg/Shemais/Shemais/zawolf_hr/test/features/attendance_checkin/presentation/attendance_outcome_mapper_test.dart -p vm --plain-name 'employee dashboard does not use raw errors as its attendance message'
05:41 +243 -3: loading /Users/seg/Shemais/Shemais/zawolf_hr/test/features/attendance_checkin/presentation/checkin_status_feedback_test.dart                                                            05:41 +243 -3: /Users/seg/Shemais/Shemais/zawolf_hr/test/features/attendance_checkin/presentation/checkin_status_feedback_test.dart: renders distinct safe Arabic feedback for saved and pending       05:42 +243 -3: /Users/seg/Shemais/Shemais/zawolf_hr/test/features/attendance_checkin/presentation/checkin_status_feedback_test.dart: renders distinct safe Arabic feedback for saved and pending       05:42 +244 -3: /Users/seg/Shemais/Shemais/zawolf_hr/test/features/attendance_checkin/presentation/checkin_status_feedback_test.dart: renders distinct safe Arabic feedback for saved and pending       05:42 +244 -3: /Users/seg/Shemais/Shemais/zawolf_hr/test/features/attendance_checkin/presentation/checkin_status_feedback_test.dart: never renders raw infrastructure details in failure feedback      05:42 +245 -3: /Users/seg/Shemais/Shemais/zawolf_hr/test/features/attendance_checkin/presentation/checkin_status_feedback_test.dart: never renders raw infrastructure details in failure feedback      05:42 +245 -3: /Users/seg/Shemais/Shemais/zawolf_hr/test/features/attendance_checkin/presentation/checkin_status_feedback_test.dart: offers an explicit safe status check when a retry is supplied     05:42 +246 -3: /Users/seg/Shemais/Shemais/zawolf_hr/test/features/attendance_checkin/presentation/checkin_status_feedback_test.dart: offers an explicit safe status check when a retry is supplied     05:43 +246 -3: /Users/seg/Shemais/Shemais/zawolf_hr/test/features/attendance_checkin/presentation/checkin_status_feedback_test.dart: offers an explicit safe status check when a retry is supplied     05:44 +246 -3: /Users/seg/Shemais/Shemais/zawolf_hr/test/features/attendance_checkin/presentation/checkin_status_feedback_test.dart: offers an explicit safe status check when a retry is supplied     05:45 +246 -3: /Users/seg/Shemais/Shemais/zawolf_hr/test/features/attendance_checkin/presentation/checkin_status_feedback_test.dart: offers an explicit safe status check when a retry is supplied     05:46 +246 -3: /Users/seg/Shemais/Shemais/zawolf_hr/test/features/attendance_checkin/presentation/checkin_status_feedback_test.dart: offers an explicit safe status check when a retry is supplied     05:47 +246 -3: /Users/seg/Shemais/Shemais/zawolf_hr/test/features/attendance_checkin/presentation/checkin_status_feedback_test.dart: offers an explicit safe status check when a retry is supplied     05:47 +246 -3: loading /Users/seg/Shemais/Shemais/zawolf_hr/test/features/checkout_policy/data/checkout_policy_controller_test.dart                                                                    05:47 +246 -3: /Users/seg/Shemais/Shemais/zawolf_hr/test/features/checkout_policy/data/checkout_policy_controller_test.dart: controller reloads the current policy after a revision conflict           05:47 +247 -3: /Users/seg/Shemais/Shemais/zawolf_hr/test/features/checkout_policy/data/checkout_policy_controller_test.dart: controller reloads the current policy after a revision conflict           05:48 +247 -3: /Users/seg/Shemais/Shemais/zawolf_hr/test/features/checkout_policy/data/checkout_policy_controller_test.dart: controller reloads the current policy after a revision conflict           05:49 +247 -3: /Users/seg/Shemais/Shemais/zawolf_hr/test/features/checkout_policy/data/checkout_policy_controller_test.dart: controller reloads the current policy after a revision conflict           05:50 +247 -3: /Users/seg/Shemais/Shemais/zawolf_hr/test/features/checkout_policy/data/checkout_policy_controller_test.dart: controller reloads the current policy after a revision conflict           05:51 +247 -3: /Users/seg/Shemais/Shemais/zawolf_hr/test/features/checkout_policy/data/checkout_policy_controller_test.dart: controller reloads the current policy after a revision conflict           05:52 +247 -3: /Users/seg/Shemais/Shemais/zawolf_hr/test/features/checkout_policy/data/checkout_policy_controller_test.dart: controller reloads the current policy after a revision conflict           05:53 +247 -3: /Users/seg/Shemais/Shemais/zawolf_hr/test/features/checkout_policy/data/checkout_policy_controller_test.dart: controller reloads the current policy after a revision conflict           05:54 +247 -3: /Users/seg/Shemais/Shemais/zawolf_hr/test/features/checkout_policy/data/checkout_policy_controller_test.dart: controller reloads the current policy after a revision conflict           05:55 +247 -3: /Users/seg/Shemais/Shemais/zawolf_hr/test/features/checkout_policy/data/checkout_policy_controller_test.dart: controller reloads the current policy after a revision conflict           05:56 +247 -3: /Users/seg/Shemais/Shemais/zawolf_hr/test/features/checkout_policy/data/checkout_policy_controller_test.dart: controller reloads the current policy after a revision conflict           05:57 +247 -3: /Users/seg/Shemais/Shemais/zawolf_hr/test/features/checkout_policy/data/checkout_policy_controller_test.dart: controller reloads the current policy after a revision conflict           05:57 +247 -3: loading /Users/seg/Shemais/Shemais/zawolf_hr/test/features/checkout_policy/domain/checkout_policy_test.dart                                                                             05:57 +247 -3: /Users/seg/Shemais/Shemais/zawolf_hr/test/features/checkout_policy/domain/checkout_policy_test.dart: missing and malformed checkout policy is disabled by default                       05:57 +248 -3: /Users/seg/Shemais/Shemais/zawolf_hr/test/features/checkout_policy/domain/checkout_policy_test.dart: missing and malformed checkout policy is disabled by default                       05:57 +248 -3: /Users/seg/Shemais/Shemais/zawolf_hr/test/features/checkout_policy/domain/checkout_policy_test.dart: policy retains a valid revision and ISO effective-time snapshot                    05:57 +249 -3: /Users/seg/Shemais/Shemais/zawolf_hr/test/features/checkout_policy/domain/checkout_policy_test.dart: policy retains a valid revision and ISO effective-time snapshot                    05:58 +249 -3: /Users/seg/Shemais/Shemais/zawolf_hr/test/features/checkout_policy/domain/checkout_policy_test.dart: policy retains a valid revision and ISO effective-time snapshot                    05:59 +249 -3: /Users/seg/Shemais/Shemais/zawolf_hr/test/features/checkout_policy/domain/checkout_policy_test.dart: policy retains a valid revision and ISO effective-time snapshot                    06:00 +249 -3: /Users/seg/Shemais/Shemais/zawolf_hr/test/features/checkout_policy/domain/checkout_policy_test.dart: policy retains a valid revision and ISO effective-time snapshot                    06:01 +249 -3: /Users/seg/Shemais/Shemais/zawolf_hr/test/features/checkout_policy/domain/checkout_policy_test.dart: policy retains a valid revision and ISO effective-time snapshot                    06:02 +249 -3: /Users/seg/Shemais/Shemais/zawolf_hr/test/features/checkout_policy/domain/checkout_policy_test.dart: policy retains a valid revision and ISO effective-time snapshot                    06:03 +249 -3: /Users/seg/Shemais/Shemais/zawolf_hr/test/features/checkout_policy/domain/checkout_policy_test.dart: policy retains a valid revision and ISO effective-time snapshot                    06:04 +249 -3: /Users/seg/Shemais/Shemais/zawolf_hr/test/features/checkout_policy/domain/checkout_policy_test.dart: policy retains a valid revision and ISO effective-time snapshot                    06:05 +249 -3: /Users/seg/Shemais/Shemais/zawolf_hr/test/features/checkout_policy/domain/checkout_policy_test.dart: policy retains a valid revision and ISO effective-time snapshot                    06:06 +249 -3: /Users/seg/Shemais/Shemais/zawolf_hr/test/features/checkout_policy/domain/checkout_policy_test.dart: policy retains a valid revision and ISO effective-time snapshot                    06:07 +249 -3: /Users/seg/Shemais/Shemais/zawolf_hr/test/features/checkout_policy/domain/checkout_policy_test.dart: policy retains a valid revision and ISO effective-time snapshot                    06:07 +249 -3: loading /Users/seg/Shemais/Shemais/zawolf_hr/test/features/attendance_locations/platform_multi_location_contract_test.dart                                                              06:07 +249 -3: /Users/seg/Shemais/Shemais/zawolf_hr/test/features/attendance_locations/platform_multi_location_contract_test.dart: ... Android bounds, replaces, and registers entry and exit geofences06:07 +250 -3: /Users/seg/Shemais/Shemais/zawolf_hr/test/features/attendance_locations/platform_multi_location_contract_test.dart: ... Android bounds, replaces, and registers entry and exit geofences06:07 +250 -3: /Users/seg/Shemais/Shemais/zawolf_hr/test/features/attendance_locations/platform_multi_location_contract_test.dart: ... iOS bounds, replaces, and registers entry and exit regions      06:07 +251 -3: /Users/seg/Shemais/Shemais/zawolf_hr/test/features/attendance_locations/platform_multi_location_contract_test.dart: ... iOS bounds, replaces, and registers entry and exit regions      06:07 +251 -3: /Users/seg/Shemais/Shemais/zawolf_hr/test/features/attendance_locations/platform_multi_location_contract_test.dart: ... both adapters retain assignment metadata for restart recovery   06:07 +252 -3: /Users/seg/Shemais/Shemais/zawolf_hr/test/features/attendance_locations/platform_multi_location_contract_test.dart: ... both adapters retain assignment metadata for restart recovery   06:08 +252 -3: /Users/seg/Shemais/Shemais/zawolf_hr/test/features/attendance_locations/platform_multi_location_contract_test.dart: ... both adapters retain assignment metadata for restart recovery   06:09 +252 -3: /Users/seg/Shemais/Shemais/zawolf_hr/test/features/attendance_locations/platform_multi_location_contract_test.dart: ... both adapters retain assignment metadata for restart recovery   06:09 +252 -3: loading /Users/seg/Shemais/Shemais/zawolf_hr/test/features/attendance_locations/data/attendance_location_assignment_repository_impl_test.dart                                           06:09 +252 -3: /Users/seg/Shemais/Shemais/zawolf_hr/test/features/attendance_locations/data/attendance_location_assignment_repository_impl_test.dart: stores a fresh bounded assignment response       06:10 +252 -3: /Users/seg/Shemais/Shemais/zawolf_hr/test/features/attendance_locations/data/attendance_location_assignment_repository_impl_test.dart: stores a fresh bounded assignment response       06:10 +253 -3: /Users/seg/Shemais/Shemais/zawolf_hr/test/features/attendance_locations/data/attendance_location_assignment_repository_impl_test.dart: stores a fresh bounded assignment response       06:10 +253 -3: /Users/seg/Shemais/Shemais/zawolf_hr/test/features/attendance_locations/data/attendance_location_assignment_repository_impl_test.dart: ... assignments when the network is interrupted  06:10 +254 -3: /Users/seg/Shemais/Shemais/zawolf_hr/test/features/attendance_locations/data/attendance_location_assignment_repository_impl_test.dart: ... assignments when the network is interrupted  06:10 +254 -3: /Users/seg/Shemais/Shemais/zawolf_hr/test/features/attendance_locations/data/attendance_location_assignment_repository_impl_test.dart: ... stale so check-in can require status check   06:10 +255 -3: /Users/seg/Shemais/Shemais/zawolf_hr/test/features/attendance_locations/data/attendance_location_assignment_repository_impl_test.dart: ... stale so check-in can require status check   06:11 +255 -3: /Users/seg/Shemais/Shemais/zawolf_hr/test/features/attendance_locations/data/attendance_location_assignment_repository_impl_test.dart: ... stale so check-in can require status check   06:12 +255 -3: /Users/seg/Shemais/Shemais/zawolf_hr/test/features/attendance_locations/data/attendance_location_assignment_repository_impl_test.dart: ... stale so check-in can require status check   06:12 +255 -3: loading /Users/seg/Shemais/Shemais/zawolf_hr/test/features/attendance_locations/domain/attendance_region_plan_test.dart                                                                 06:12 +255 -3: /Users/seg/Shemais/Shemais/zawolf_hr/test/features/attendance_locations/domain/attendance_region_plan_test.dart: prioritizes default then priority then stable location id              06:12 +256 -3: /Users/seg/Shemais/Shemais/zawolf_hr/test/features/attendance_locations/domain/attendance_region_plan_test.dart: prioritizes default then priority then stable location id              06:12 +256 -3: /Users/seg/Shemais/Shemais/zawolf_hr/test/features/attendance_locations/domain/attendance_region_plan_test.dart: filters inactive assignments and caps native regions at twenty         06:12 +257 -3: /Users/seg/Shemais/Shemais/zawolf_hr/test/features/attendance_locations/domain/attendance_region_plan_test.dart: filters inactive assignments and caps native regions at twenty         06:13 +257 -3: /Users/seg/Shemais/Shemais/zawolf_hr/test/features/attendance_locations/domain/attendance_region_plan_test.dart: filters inactive assignments and caps native regions at twenty         06:14 +257 -3: /Users/seg/Shemais/Shemais/zawolf_hr/test/features/attendance_locations/domain/attendance_region_plan_test.dart: filters inactive assignments and caps native regions at twenty         06:15 +257 -3: /Users/seg/Shemais/Shemais/zawolf_hr/test/features/attendance_locations/domain/attendance_region_plan_test.dart: filters inactive assignments and caps native regions at twenty         06:16 +257 -3: /Users/seg/Shemais/Shemais/zawolf_hr/test/features/attendance_locations/domain/attendance_region_plan_test.dart: filters inactive assignments and caps native regions at twenty         06:16 +257 -3: loading /Users/seg/Shemais/Shemais/zawolf_hr/test/features/attendance_locations/domain/attendance_location_matcher_test.dart                                                            06:16 +257 -3: /Users/seg/Shemais/Shemais/zawolf_hr/test/features/attendance_locations/domain/attendance_location_matcher_test.dart: selects the nearest effective assigned location                   06:16 +258 -3: /Users/seg/Shemais/Shemais/zawolf_hr/test/features/attendance_locations/domain/attendance_location_matcher_test.dart: selects the nearest effective assigned location                   06:16 +258 -3: /Users/seg/Shemais/Shemais/zawolf_hr/test/features/attendance_locations/domain/attendance_location_matcher_test.dart: uses stable location id to break equal-distance overlaps          06:16 +259 -3: /Users/seg/Shemais/Shemais/zawolf_hr/test/features/attendance_locations/domain/attendance_location_matcher_test.dart: uses stable location id to break equal-distance overlaps          06:16 +259 -3: /Users/seg/Shemais/Shemais/zawolf_hr/test/features/attendance_locations/domain/attendance_location_matcher_test.dart: ignores inactive and not-yet-effective assignments                06:16 +260 -3: /Users/seg/Shemais/Shemais/zawolf_hr/test/features/attendance_locations/domain/attendance_location_matcher_test.dart: ignores inactive and not-yet-effective assignments                06:16 +260 -3: /Users/seg/Shemais/Shemais/zawolf_hr/test/features/attendance_locations/domain/attendance_location_matcher_test.dart: returns no match for an empty or outside assignment set           06:16 +261 -3: /Users/seg/Shemais/Shemais/zawolf_hr/test/features/attendance_locations/domain/attendance_location_matcher_test.dart: returns no match for an empty or outside assignment set           06:16 +261 -3: /Users/seg/Shemais/Shemais/zawolf_hr/test/features/attendance_locations/domain/attendance_location_matcher_test.dart: uses absolute instants across Cairo daylight-saving boundaries    06:16 +262 -3: /Users/seg/Shemais/Shemais/zawolf_hr/test/features/attendance_locations/domain/attendance_location_matcher_test.dart: uses absolute instants across Cairo daylight-saving boundaries    06:17 +262 -3: /Users/seg/Shemais/Shemais/zawolf_hr/test/features/attendance_locations/domain/attendance_location_matcher_test.dart: uses absolute instants across Cairo daylight-saving boundaries    06:18 +262 -3: /Users/seg/Shemais/Shemais/zawolf_hr/test/features/attendance_locations/domain/attendance_location_matcher_test.dart: uses absolute instants across Cairo daylight-saving boundaries    06:19 +262 -3: /Users/seg/Shemais/Shemais/zawolf_hr/test/features/attendance_locations/domain/attendance_location_matcher_test.dart: uses absolute instants across Cairo daylight-saving boundaries    06:20 +262 -3: /Users/seg/Shemais/Shemais/zawolf_hr/test/features/attendance_locations/domain/attendance_location_matcher_test.dart: uses absolute instants across Cairo daylight-saving boundaries    06:21 +262 -3: /Users/seg/Shemais/Shemais/zawolf_hr/test/features/attendance_locations/domain/attendance_location_matcher_test.dart: uses absolute instants across Cairo daylight-saving boundaries    06:22 +262 -3: /Users/seg/Shemais/Shemais/zawolf_hr/test/features/attendance_locations/domain/attendance_location_matcher_test.dart: uses absolute instants across Cairo daylight-saving boundaries    06:23 +262 -3: /Users/seg/Shemais/Shemais/zawolf_hr/test/features/attendance_locations/domain/attendance_location_matcher_test.dart: uses absolute instants across Cairo daylight-saving boundaries    06:24 +262 -3: /Users/seg/Shemais/Shemais/zawolf_hr/test/features/attendance_locations/domain/attendance_location_matcher_test.dart: uses absolute instants across Cairo daylight-saving boundaries    06:25 +262 -3: /Users/seg/Shemais/Shemais/zawolf_hr/test/features/attendance_locations/domain/attendance_location_matcher_test.dart: uses absolute instants across Cairo daylight-saving boundaries    06:26 +262 -3: /Users/seg/Shemais/Shemais/zawolf_hr/test/features/attendance_locations/domain/attendance_location_matcher_test.dart: uses absolute instants across Cairo daylight-saving boundaries    06:27 +262 -3: /Users/seg/Shemais/Shemais/zawolf_hr/test/features/attendance_locations/domain/attendance_location_matcher_test.dart: uses absolute instants across Cairo daylight-saving boundaries    06:28 +262 -3: /Users/seg/Shemais/Shemais/zawolf_hr/test/features/attendance_locations/domain/attendance_location_matcher_test.dart: uses absolute instants across Cairo daylight-saving boundaries    06:29 +262 -3: /Users/seg/Shemais/Shemais/zawolf_hr/test/features/attendance_locations/domain/attendance_location_matcher_test.dart: uses absolute instants across Cairo daylight-saving boundaries    06:30 +262 -3: /Users/seg/Shemais/Shemais/zawolf_hr/test/features/attendance_locations/domain/attendance_location_matcher_test.dart: uses absolute instants across Cairo daylight-saving boundaries    06:31 +262 -3: /Users/seg/Shemais/Shemais/zawolf_hr/test/features/attendance_locations/domain/attendance_location_matcher_test.dart: uses absolute instants across Cairo daylight-saving boundaries    06:32 +262 -3: /Users/seg/Shemais/Shemais/zawolf_hr/test/features/attendance_locations/domain/attendance_location_matcher_test.dart: uses absolute instants across Cairo daylight-saving boundaries    06:33 +262 -3: /Users/seg/Shemais/Shemais/zawolf_hr/test/features/attendance_locations/domain/attendance_location_matcher_test.dart: uses absolute instants across Cairo daylight-saving boundaries    06:34 +262 -3: /Users/seg/Shemais/Shemais/zawolf_hr/test/features/attendance_locations/domain/attendance_location_matcher_test.dart: uses absolute instants across Cairo daylight-saving boundaries    06:35 +262 -3: /Users/seg/Shemais/Shemais/zawolf_hr/test/features/attendance_locations/domain/attendance_location_matcher_test.dart: uses absolute instants across Cairo daylight-saving boundaries    06:36 +262 -3: /Users/seg/Shemais/Shemais/zawolf_hr/test/features/attendance_locations/domain/attendance_location_matcher_test.dart: uses absolute instants across Cairo daylight-saving boundaries    06:37 +262 -3: /Users/seg/Shemais/Shemais/zawolf_hr/test/features/attendance_locations/domain/attendance_location_matcher_test.dart: uses absolute instants across Cairo daylight-saving boundaries    06:37 +262 -3: loading /Users/seg/Shemais/Shemais/zawolf_hr/test/features/conversations/conversation_test.dart                                                                                         06:37 +262 -3: /Users/seg/Shemais/Shemais/zawolf_hr/test/features/conversations/conversation_test.dart: conversation membership is explicit and role claims are not inferred                           06:37 +263 -3: /Users/seg/Shemais/Shemais/zawolf_hr/test/features/conversations/conversation_test.dart: conversation membership is explicit and role claims are not inferred                           06:37 +263 -3: /Users/seg/Shemais/Shemais/zawolf_hr/test/features/conversations/conversation_test.dart: governed attachments expose opaque references only                                             06:37 +264 -3: /Users/seg/Shemais/Shemais/zawolf_hr/test/features/conversations/conversation_test.dart: governed attachments expose opaque references only                                             06:38 +264 -3: /Users/seg/Shemais/Shemais/zawolf_hr/test/features/conversations/conversation_test.dart: governed attachments expose opaque references only                                             06:39 +264 -3: /Users/seg/Shemais/Shemais/zawolf_hr/test/features/conversations/conversation_test.dart: governed attachments expose opaque references only                                             06:40 +264 -3: /Users/seg/Shemais/Shemais/zawolf_hr/test/features/conversations/conversation_test.dart: governed attachments expose opaque references only                                             06:41 +264 -3: /Users/seg/Shemais/Shemais/zawolf_hr/test/features/conversations/conversation_test.dart: governed attachments expose opaque references only                                             06:42 +264 -3: /Users/seg/Shemais/Shemais/zawolf_hr/test/features/conversations/conversation_test.dart: governed attachments expose opaque references only                                             06:42 +264 -3: loading /Users/seg/Shemais/Shemais/zawolf_hr/test/features/diagnostics/diagnostic_event_test.dart                                                                                       06:42 +264 -3: /Users/seg/Shemais/Shemais/zawolf_hr/test/features/diagnostics/diagnostic_event_test.dart: event strips identity and technical metadata before transport                                06:42 +265 -3: /Users/seg/Shemais/Shemais/zawolf_hr/test/features/diagnostics/diagnostic_event_test.dart: event strips identity and technical metadata before transport                                06:42 +265 -3: /Users/seg/Shemais/Shemais/zawolf_hr/test/features/diagnostics/diagnostic_event_test.dart: report parses only aggregate fields                                                          06:42 +266 -3: /Users/seg/Shemais/Shemais/zawolf_hr/test/features/diagnostics/diagnostic_event_test.dart: report parses only aggregate fields                                                          06:43 +266 -3: /Users/seg/Shemais/Shemais/zawolf_hr/test/features/diagnostics/diagnostic_event_test.dart: report parses only aggregate fields                                                          06:44 +266 -3: /Users/seg/Shemais/Shemais/zawolf_hr/test/features/diagnostics/diagnostic_event_test.dart: report parses only aggregate fields                                                          06:45 +266 -3: /Users/seg/Shemais/Shemais/zawolf_hr/test/features/diagnostics/diagnostic_event_test.dart: report parses only aggregate fields                                                          06:46 +266 -3: /Users/seg/Shemais/Shemais/zawolf_hr/test/features/diagnostics/diagnostic_event_test.dart: report parses only aggregate fields                                                          06:46 +266 -3: loading /Users/seg/Shemais/Shemais/zawolf_hr/test/features/diagnostics/developer_tools_directory_pagination_test.dart                                                                   06:46 +266 -3: /Users/seg/Shemais/Shemais/zawolf_hr/test/features/diagnostics/developer_tools_directory_pagination_test.dart: developer tools directory paginates instead of truncating employees      06:46 +267 -3: /Users/seg/Shemais/Shemais/zawolf_hr/test/features/diagnostics/developer_tools_directory_pagination_test.dart: developer tools directory paginates instead of truncating employees      06:47 +267 -3: /Users/seg/Shemais/Shemais/zawolf_hr/test/features/diagnostics/developer_tools_directory_pagination_test.dart: developer tools directory paginates instead of truncating employees      06:48 +267 -3: /Users/seg/Shemais/Shemais/zawolf_hr/test/features/diagnostics/developer_tools_directory_pagination_test.dart: developer tools directory paginates instead of truncating employees      06:49 +267 -3: /Users/seg/Shemais/Shemais/zawolf_hr/test/features/diagnostics/developer_tools_directory_pagination_test.dart: developer tools directory paginates instead of truncating employees      06:50 +267 -3: /Users/seg/Shemais/Shemais/zawolf_hr/test/features/diagnostics/developer_tools_directory_pagination_test.dart: developer tools directory paginates instead of truncating employees      06:51 +267 -3: /Users/seg/Shemais/Shemais/zawolf_hr/test/features/diagnostics/developer_tools_directory_pagination_test.dart: developer tools directory paginates instead of truncating employees      06:52 +267 -3: /Users/seg/Shemais/Shemais/zawolf_hr/test/features/diagnostics/developer_tools_directory_pagination_test.dart: developer tools directory paginates instead of truncating employees      06:52 +267 -3: loading /Users/seg/Shemais/Shemais/zawolf_hr/test/features/diagnostics/developer_tools_admin_cubit_test.dart                                                                            06:52 +267 -3: /Users/seg/Shemais/Shemais/zawolf_hr/test/features/diagnostics/developer_tools_admin_cubit_test.dart: grant uses the selected system employee rather than free-text input               06:53 +267 -3: /Users/seg/Shemais/Shemais/zawolf_hr/test/features/diagnostics/developer_tools_admin_cubit_test.dart: grant uses the selected system employee rather than free-text input               06:53 +268 -3: /Users/seg/Shemais/Shemais/zawolf_hr/test/features/diagnostics/developer_tools_admin_cubit_test.dart: grant uses the selected system employee rather than free-text input               06:53 +268 -3: /Users/seg/Shemais/Shemais/zawolf_hr/test/features/diagnostics/developer_tools_admin_cubit_test.dart: grant fails safely if no employee is selected                                     06:53 +269 -3: /Users/seg/Shemais/Shemais/zawolf_hr/test/features/diagnostics/developer_tools_admin_cubit_test.dart: grant fails safely if no employee is selected                                     06:54 +269 -3: /Users/seg/Shemais/Shemais/zawolf_hr/test/features/diagnostics/developer_tools_admin_cubit_test.dart: grant fails safely if no employee is selected                                     06:55 +269 -3: /Users/seg/Shemais/Shemais/zawolf_hr/test/features/diagnostics/developer_tools_admin_cubit_test.dart: grant fails safely if no employee is selected                                     06:56 +269 -3: /Users/seg/Shemais/Shemais/zawolf_hr/test/features/diagnostics/developer_tools_admin_cubit_test.dart: grant fails safely if no employee is selected                                     06:57 +269 -3: /Users/seg/Shemais/Shemais/zawolf_hr/test/features/diagnostics/developer_tools_admin_cubit_test.dart: grant fails safely if no employee is selected                                     06:58 +269 -3: /Users/seg/Shemais/Shemais/zawolf_hr/test/features/diagnostics/developer_tools_admin_cubit_test.dart: grant fails safely if no employee is selected                                     06:59 +269 -3: /Users/seg/Shemais/Shemais/zawolf_hr/test/features/diagnostics/developer_tools_admin_cubit_test.dart: grant fails safely if no employee is selected                                     07:00 +269 -3: /Users/seg/Shemais/Shemais/zawolf_hr/test/features/diagnostics/developer_tools_admin_cubit_test.dart: grant fails safely if no employee is selected                                     07:01 +269 -3: /Users/seg/Shemais/Shemais/zawolf_hr/test/features/diagnostics/developer_tools_admin_cubit_test.dart: grant fails safely if no employee is selected                                     07:02 +269 -3: /Users/seg/Shemais/Shemais/zawolf_hr/test/features/diagnostics/developer_tools_admin_cubit_test.dart: grant fails safely if no employee is selected                                     07:03 +269 -3: /Users/seg/Shemais/Shemais/zawolf_hr/test/features/diagnostics/developer_tools_admin_cubit_test.dart: grant fails safely if no employee is selected                                     07:04 +269 -3: /Users/seg/Shemais/Shemais/zawolf_hr/test/features/diagnostics/developer_tools_admin_cubit_test.dart: grant fails safely if no employee is selected                                     07:05 +269 -3: /Users/seg/Shemais/Shemais/zawolf_hr/test/features/diagnostics/developer_tools_admin_cubit_test.dart: grant fails safely if no employee is selected                                     07:06 +269 -3: /Users/seg/Shemais/Shemais/zawolf_hr/test/features/diagnostics/developer_tools_admin_cubit_test.dart: grant fails safely if no employee is selected                                     07:07 +269 -3: /Users/seg/Shemais/Shemais/zawolf_hr/test/features/diagnostics/developer_tools_admin_cubit_test.dart: grant fails safely if no employee is selected                                     07:08 +269 -3: /Users/seg/Shemais/Shemais/zawolf_hr/test/features/diagnostics/developer_tools_admin_cubit_test.dart: grant fails safely if no employee is selected                                     07:09 +269 -3: /Users/seg/Shemais/Shemais/zawolf_hr/test/features/diagnostics/developer_tools_admin_cubit_test.dart: grant fails safely if no employee is selected                                     07:09 +269 -3: loading /Users/seg/Shemais/Shemais/zawolf_hr/test/features/diagnostics/developer_tools_entitlement_test.dart                                                                            07:09 +269 -3: /Users/seg/Shemais/Shemais/zawolf_hr/test/features/diagnostics/developer_tools_entitlement_test.dart: an active entitlement permits only its explicit in-app scope                      07:09 +270 -3: /Users/seg/Shemais/Shemais/zawolf_hr/test/features/diagnostics/developer_tools_entitlement_test.dart: an active entitlement permits only its explicit in-app scope                      07:09 +270 -3: /Users/seg/Shemais/Shemais/zawolf_hr/test/features/diagnostics/developer_tools_entitlement_test.dart: expired or revoked entitlement is never active                                    07:09 +271 -3: /Users/seg/Shemais/Shemais/zawolf_hr/test/features/diagnostics/developer_tools_entitlement_test.dart: expired or revoked entitlement is never active                                    07:10 +271 -3: /Users/seg/Shemais/Shemais/zawolf_hr/test/features/diagnostics/developer_tools_entitlement_test.dart: expired or revoked entitlement is never active                                    07:10 +271 -3: loading /Users/seg/Shemais/Shemais/zawolf_hr/test/features/diagnostics/safe_error_message_mapper_test.dart                                                                              07:10 +271 -3: /Users/seg/Shemais/Shemais/zawolf_hr/test/features/diagnostics/safe_error_message_mapper_test.dart: safe operation messages are Arabic and provider-neutral                             07:10 +272 -3: /Users/seg/Shemais/Shemais/zawolf_hr/test/features/diagnostics/safe_error_message_mapper_test.dart: safe operation messages are Arabic and provider-neutral                             07:11 +272 -3: /Users/seg/Shemais/Shemais/zawolf_hr/test/features/diagnostics/safe_error_message_mapper_test.dart: safe operation messages are Arabic and provider-neutral                             07:11 +272 -3: loading /Users/seg/Shemais/Shemais/zawolf_hr/test/features/organization_structure/legacy_organization_structure_characterization_test.dart                                              07:11 +272 -3: /Users/seg/Shemais/Shemais/zawolf_hr/test/features/organization_structure/legacy_organization_structure_characterization_test.dart: legacy defaults remain available as rollback input  07:11 +273 -3: /Users/seg/Shemais/Shemais/zawolf_hr/test/features/organization_structure/legacy_organization_structure_characterization_test.dart: legacy defaults remain available as rollback input  07:11 +273 -3: ... legacy organization levels preserve approval-related ordering                                                                                                                       07:11 +274 -3: ... legacy organization levels preserve approval-related ordering                                                                                                                       07:11 +274 -3: loading /Users/seg/Shemais/Shemais/zawolf_hr/test/features/organization_structure/data/organization_structure_local_store_test.dart                                                     07:11 +274 -3: /Users/seg/Shemais/Shemais/zawolf_hr/test/features/organization_structure/data/organization_structure_local_store_test.dart: persists a tree-scoped snapshot across store recreation    07:11 +275 -3: /Users/seg/Shemais/Shemais/zawolf_hr/test/features/organization_structure/data/organization_structure_local_store_test.dart: persists a tree-scoped snapshot across store recreation    07:11 +275 -3: /Users/seg/Shemais/Shemais/zawolf_hr/test/features/organization_structure/data/organization_structure_local_store_test.dart: queues retryable mutations and reconciles status safely    07:11 +276 -3: /Users/seg/Shemais/Shemais/zawolf_hr/test/features/organization_structure/data/organization_structure_local_store_test.dart: queues retryable mutations and reconciles status safely    07:12 +276 -3: /Users/seg/Shemais/Shemais/zawolf_hr/test/features/organization_structure/data/organization_structure_local_store_test.dart: queues retryable mutations and reconciles status safely    07:12 +276 -3: loading /Users/seg/Shemais/Shemais/zawolf_hr/test/features/organization_structure/data/organization_structure_repository_impl_test.dart                                                 07:12 +276 -3: /Users/seg/Shemais/Shemais/zawolf_hr/test/features/organization_structure/data/organization_structure_repository_impl_test.dart: saved mutation returns a synced receipt                07:12 +277 -3: /Users/seg/Shemais/Shemais/zawolf_hr/test/features/organization_structure/data/organization_structure_repository_impl_test.dart: saved mutation returns a synced receipt                07:12 +277 -3: /Users/seg/Shemais/Shemais/zawolf_hr/test/features/organization_structure/data/organization_structure_repository_impl_test.dart: ... interruption queues exactly one pending mutation   07:12 +278 -3: /Users/seg/Shemais/Shemais/zawolf_hr/test/features/organization_structure/data/organization_structure_repository_impl_test.dart: ... interruption queues exactly one pending mutation   07:12 +278 -3: /Users/seg/Shemais/Shemais/zawolf_hr/test/features/organization_structure/data/organization_structure_repository_impl_test.dart: ... is surfaced and is never queued for blind retry    07:12 +279 -3: /Users/seg/Shemais/Shemais/zawolf_hr/test/features/organization_structure/data/organization_structure_repository_impl_test.dart: ... is surfaced and is never queued for blind retry    07:12 +279 -3: /Users/seg/Shemais/Shemais/zawolf_hr/test/features/organization_structure/data/organization_structure_repository_impl_test.dart: status check reconciles an interrupted operation       07:12 +280 -3: /Users/seg/Shemais/Shemais/zawolf_hr/test/features/organization_structure/data/organization_structure_repository_impl_test.dart: status check reconciles an interrupted operation       07:12 +280 -3: /Users/seg/Shemais/Shemais/zawolf_hr/test/features/organization_structure/data/organization_structure_repository_impl_test.dart: ... falls back to the durable stale tree snapshot      07:12 +281 -3: /Users/seg/Shemais/Shemais/zawolf_hr/test/features/organization_structure/domain/multi_tree_policy_test.dart: employee can have memberships in many trees with one primary              07:12 +282 -3: /Users/seg/Shemais/Shemais/zawolf_hr/test/features/organization_structure/domain/multi_tree_policy_test.dart: employee can have memberships in many trees with one primary              07:12 +282 -3: /Users/seg/Shemais/Shemais/zawolf_hr/test/features/organization_structure/domain/multi_tree_policy_test.dart: default active tree is unique                                             07:12 +283 -3: /Users/seg/Shemais/Shemais/zawolf_hr/test/features/organization_structure/domain/multi_tree_policy_test.dart: default active tree is unique                                             07:13 +283 -3: /Users/seg/Shemais/Shemais/zawolf_hr/test/features/organization_structure/domain/multi_tree_policy_test.dart: default active tree is unique                                             07:14 +283 -3: /Users/seg/Shemais/Shemais/zawolf_hr/test/features/organization_structure/domain/multi_tree_policy_test.dart: default active tree is unique                                             07:14 +283 -3: loading /Users/seg/Shemais/Shemais/zawolf_hr/test/features/organization_structure/domain/organization_hierarchy_test.dart                                                               07:14 +283 -3: /Users/seg/Shemais/Shemais/zawolf_hr/test/features/organization_structure/domain/organization_hierarchy_test.dart: stable IDs and containment survive display-name changes              07:14 +284 -3: /Users/seg/Shemais/Shemais/zawolf_hr/test/features/organization_structure/domain/organization_hierarchy_test.dart: stable IDs and containment survive display-name changes              07:14 +284 -3: /Users/seg/Shemais/Shemais/zawolf_hr/test/features/organization_structure/domain/organization_hierarchy_test.dart: snapshot order is deterministic and archived units are hidden        07:14 +285 -3: /Users/seg/Shemais/Shemais/zawolf_hr/test/features/organization_structure/domain/organization_hierarchy_test.dart: snapshot order is deterministic and archived units are hidden        07:14 +285 -3: /Users/seg/Shemais/Shemais/zawolf_hr/test/features/organization_structure/domain/organization_hierarchy_test.dart: manager vacancy is explicit and allowed                              07:14 +286 -3: /Users/seg/Shemais/Shemais/zawolf_hr/test/features/organization_structure/domain/organization_hierarchy_test.dart: manager vacancy is explicit and allowed                              07:14 +286 -3: /Users/seg/Shemais/Shemais/zawolf_hr/test/features/organization_structure/domain/organization_hierarchy_test.dart: normalized names are unique only within the same parent and type     07:14 +287 -3: /Users/seg/Shemais/Shemais/zawolf_hr/test/features/organization_structure/domain/organization_hierarchy_test.dart: normalized names are unique only within the same parent and type     07:14 +287 -3: /Users/seg/Shemais/Shemais/zawolf_hr/test/features/organization_structure/domain/organization_hierarchy_test.dart: two-level containment rejects invalid parents and self cycles        07:14 +288 -3: /Users/seg/Shemais/Shemais/zawolf_hr/test/features/organization_structure/domain/organization_hierarchy_test.dart: two-level containment rejects invalid parents and self cycles        07:14 +288 -3: /Users/seg/Shemais/Shemais/zawolf_hr/test/features/organization_structure/domain/organization_hierarchy_test.dart: archive requires no children, members, or assigned manager           07:14 +289 -3: /Users/seg/Shemais/Shemais/zawolf_hr/test/features/organization_structure/domain/organization_hierarchy_test.dart: archive requires no children, members, or assigned manager           07:14 +289 -3: loading /Users/seg/Shemais/Shemais/zawolf_hr/test/features/organization_structure/presentation/organization_editor_page_test.dart                                                       07:14 +289 -3: /Users/seg/Shemais/Shemais/zawolf_hr/test/features/organization_structure/presentation/organization_editor_page_test.dart: renders Arabic RTL full hierarchy and search                 07:15 +289 -3: /Users/seg/Shemais/Shemais/zawolf_hr/test/features/organization_structure/presentation/organization_editor_page_test.dart: renders Arabic RTL full hierarchy and search                 07:16 +289 -3: /Users/seg/Shemais/Shemais/zawolf_hr/test/features/organization_structure/presentation/organization_editor_page_test.dart: renders Arabic RTL full hierarchy and search                 07:16 +290 -3: /Users/seg/Shemais/Shemais/zawolf_hr/test/features/organization_structure/presentation/organization_editor_accessibility_test.dart: ... remains scrollable on mobile and desktop        07:17 +290 -3: /Users/seg/Shemais/Shemais/zawolf_hr/test/features/organization_structure/presentation/organization_editor_accessibility_test.dart: ... remains scrollable on mobile and desktop        07:17 +291 -3: /Users/seg/Shemais/Shemais/zawolf_hr/test/features/organization_structure/presentation/organization_editor_accessibility_test.dart: ... remains scrollable on mobile and desktop        07:17 +292 -3: /Users/seg/Shemais/Shemais/zawolf_hr/test/features/organization_structure/presentation/organization_editor_accessibility_test.dart: ... remains scrollable on mobile and desktop        07:17 +293 -3: /Users/seg/Shemais/Shemais/zawolf_hr/test/features/organization_structure/presentation/organization_editor_accessibility_test.dart: ... remains scrollable on mobile and desktop        07:17 +294 -3: /Users/seg/Shemais/Shemais/zawolf_hr/test/features/organization_structure/presentation/organization_editor_accessibility_test.dart: ... remains scrollable on mobile and desktop        07:18 +294 -3: /Users/seg/Shemais/Shemais/zawolf_hr/test/features/organization_structure/presentation/organization_editor_accessibility_test.dart: ... remains scrollable on mobile and desktop        07:18 +295 -3: /Users/seg/Shemais/Shemais/zawolf_hr/test/features/organization_structure/presentation/organization_editor_accessibility_test.dart: ... remains scrollable on mobile and desktop        07:19 +295 -3: /Users/seg/Shemais/Shemais/zawolf_hr/test/features/organization_structure/presentation/organization_editor_accessibility_test.dart: ... remains scrollable on mobile and desktop        07:19 +295 -3: /Users/seg/Shemais/Shemais/zawolf_hr/test/features/organization_structure/presentation/organization_editor_page_test.dart: multi-tree memberships show primary status and support removal
══╡ EXCEPTION CAUGHT BY FLUTTER TEST FRAMEWORK ╞════════════════════════════════════════════════════
The following TestFailure was thrown running a test:
Expected: exactly one matching candidate
  Actual: _TextWidgetFinder:<Found 0 widgets with text "العضوية الأساسية": []>
   Which: means none were found but one was expected

When the exception was thrown, this was the stack:
#4      main.<anonymous closure> (file:///Users/seg/Shemais/Shemais/zawolf_hr/test/features/organization_structure/presentation/organization_editor_page_test.dart:398:7)
<asynchronous suspension>
--

To run this test again: /Users/seg/dev/flutter/bin/cache/dart-sdk/bin/dart test /Users/seg/Shemais/Shemais/zawolf_hr/test/features/organization_structure/presentation/organization_editor_page_test.dart -p vm --plain-name 'multi-tree memberships show primary status and support removal'
07:19 +295 -4: /Users/seg/Shemais/Shemais/zawolf_hr/test/features/organization_structure/presentation/organization_editor_accessibility_test.dart: large hierarchy remains scrollable on mobile and desktop
══╡ EXCEPTION CAUGHT BY FLUTTER TEST FRAMEWORK ╞════════════════════════════════════════════════════
The following TestFailure was thrown running a test:
Expected: exactly one matching candidate
  Actual: _ElementPredicateWidgetFinder:<Found 0 widgets with element matching predicate: []>
   Which: means none were found but one was expected

When the exception was thrown, this was the stack:
#4      main.<anonymous closure> (file:///Users/seg/Shemais/Shemais/zawolf_hr/test/features/organization_structure/presentation/organization_editor_accessibility_test.dart:72:5)
<asynchronous suspension>
--
  The test description was: large hierarchy remains scrollable on mobile and desktop
  
07:19 +295 -5: loading /Users/seg/Shemais/Shemais/zawolf_hr/test/features/employee_operations/work_outcome_test.dart                                                                                   
To run this test again: /Users/seg/dev/flutter/bin/cache/dart-sdk/bin/dart test /Users/seg/Shemais/Shemais/zawolf_hr/test/features/organization_structure/presentation/organization_editor_accessibility_test.dart -p vm --plain-name 'large hierarchy remains scrollable on mobile and desktop'
07:20 +295 -5: loading /Users/seg/Shemais/Shemais/zawolf_hr/test/features/employee_operations/work_outcome_test.dart                                                                                   07:20 +295 -5: /Users/seg/Shemais/Shemais/zawolf_hr/test/features/employee_operations/work_outcome_test.dart: progress preserves legacy links and advances the version once                            07:20 +296 -5: /Users/seg/Shemais/Shemais/zawolf_hr/test/features/employee_operations/deduction_explanation_test.dart: late approval keeps the deduction in the execution-date cycle                   07:20 +297 -5: /Users/seg/Shemais/Shemais/zawolf_hr/test/features/employee_operations/deduction_explanation_test.dart: late approval keeps the deduction in the execution-date cycle                   07:20 +298 -5: /Users/seg/Shemais/Shemais/zawolf_hr/test/features/employee_operations/deduction_explanation_test.dart: late approval keeps the deduction in the execution-date cycle                   07:20 +299 -5: /Users/seg/Shemais/Shemais/zawolf_hr/test/features/employee_operations/deduction_explanation_test.dart: late approval keeps the deduction in the execution-date cycle                   07:21 +299 -5: /Users/seg/Shemais/Shemais/zawolf_hr/test/features/employee_operations/deduction_explanation_test.dart: late approval keeps the deduction in the execution-date cycle                   07:21 +300 -5: /Users/seg/Shemais/Shemais/zawolf_hr/test/features/employee_operations/deduction_explanation_test.dart: late approval keeps the deduction in the execution-date cycle                   07:21 +300 -5: /Users/seg/Shemais/Shemais/zawolf_hr/test/features/employee_operations/deduction_explanation_test.dart: cancelled deductions cannot create correction shortcuts                         07:21 +301 -5: /Users/seg/Shemais/Shemais/zawolf_hr/test/features/employee_operations/deduction_explanation_test.dart: cancelled deductions cannot create correction shortcuts                         07:22 +301 -5: /Users/seg/Shemais/Shemais/zawolf_hr/test/features/employee_operations/deduction_explanation_test.dart: cancelled deductions cannot create correction shortcuts                         07:22 +301 -5: loading /Users/seg/Shemais/Shemais/zawolf_hr/test/features/employee_operations/attendance_correction_shortcut_test.dart                                                                 07:22 +301 -5: /Users/seg/Shemais/Shemais/zawolf_hr/test/features/employee_operations/attendance_correction_shortcut_test.dart: correction draft retains a stable operation id for retry dedupe        07:22 +302 -5: /Users/seg/Shemais/Shemais/zawolf_hr/test/features/employee_operations/attendance_correction_shortcut_test.dart: correction draft retains a stable operation id for retry dedupe        07:22 +302 -5: /Users/seg/Shemais/Shemais/zawolf_hr/test/features/employee_operations/attendance_correction_shortcut_test.dart: correction cannot move an attendance record to a different day         07:22 +303 -5: /Users/seg/Shemais/Shemais/zawolf_hr/test/features/employee_operations/attendance_correction_shortcut_test.dart: correction cannot move an attendance record to a different day         07:23 +303 -5: /Users/seg/Shemais/Shemais/zawolf_hr/test/features/employee_operations/attendance_correction_shortcut_test.dart: correction cannot move an attendance record to a different day         07:24 +303 -5: /Users/seg/Shemais/Shemais/zawolf_hr/test/features/employee_operations/attendance_correction_shortcut_test.dart: correction cannot move an attendance record to a different day         07:24 +303 -5: loading /Users/seg/Shemais/Shemais/zawolf_hr/test/features/employee_operations/employee_deduction_details_page_test.dart                                                                07:24 +303 -5: /Users/seg/Shemais/Shemais/zawolf_hr/test/features/employee_operations/employee_deduction_details_page_test.dart: (setUpAll)                                                            07:24 +303 -5: /Users/seg/Shemais/Shemais/zawolf_hr/test/features/employee_operations/employee_deduction_details_page_test.dart: shows Arabic evidence and effective cycle for current employee        07:25 +303 -5: /Users/seg/Shemais/Shemais/zawolf_hr/test/features/employee_operations/employee_deduction_details_page_test.dart: shows Arabic evidence and effective cycle for current employee        07:26 +303 -5: /Users/seg/Shemais/Shemais/zawolf_hr/test/features/employee_operations/employee_deduction_details_page_test.dart: shows Arabic evidence and effective cycle for current employee        07:26 +304 -5: /Users/seg/Shemais/Shemais/zawolf_hr/test/features/employee_operations/employee_deduction_details_page_test.dart: shows Arabic evidence and effective cycle for current employee        07:26 +304 -5: /Users/seg/Shemais/Shemais/zawolf_hr/test/features/employee_operations/employee_deduction_details_page_test.dart: failure is Arabic and retry reloads the same employee only            07:26 +305 -5: /Users/seg/Shemais/Shemais/zawolf_hr/test/features/employee_operations/employee_deduction_details_page_test.dart: failure is Arabic and retry reloads the same employee only            07:26 +305 -5: /Users/seg/Shemais/Shemais/zawolf_hr/test/features/employee_operations/employee_deduction_details_page_test.dart: correction interruption becomes safe status without duplicate         07:27 +305 -5: /Users/seg/Shemais/Shemais/zawolf_hr/test/features/employee_operations/employee_deduction_details_page_test.dart: correction interruption becomes safe status without duplicate         07:27 +306 -5: /Users/seg/Shemais/Shemais/zawolf_hr/test/features/employee_operations/work_outcomes_page_test.dart: employee sees own outcome and updates progress once                                07:27 +307 -5: /Users/seg/Shemais/Shemais/zawolf_hr/test/features/employee_operations/work_outcomes_page_test.dart: employee sees own outcome and updates progress once                                07:28 +307 -5: /Users/seg/Shemais/Shemais/zawolf_hr/test/features/employee_operations/work_outcomes_page_test.dart: employee sees own outcome and updates progress once                                07:28 +308 -5: /Users/seg/Shemais/Shemais/zawolf_hr/test/features/employee_operations/work_outcomes_page_test.dart: employee sees own outcome and updates progress once                                07:28 +308 -5: /Users/seg/Shemais/Shemais/zawolf_hr/test/features/employee_operations/work_outcomes_page_test.dart: manager mode is scoped to owner and cannot edit employee result                    07:28 +309 -5: /Users/seg/Shemais/Shemais/zawolf_hr/test/features/employee_operations/work_outcomes_page_test.dart: manager mode is scoped to owner and cannot edit employee result                    07:28 +309 -5: /Users/seg/Shemais/Shemais/zawolf_hr/test/features/employee_operations/work_outcomes_page_test.dart: empty and interrupted states are Arabic and safe                                   07:28 +310 -5: /Users/seg/Shemais/Shemais/zawolf_hr/test/features/employee_operations/work_outcomes_page_test.dart: empty and interrupted states are Arabic and safe                                   07:28 +311 -5: /Users/seg/Shemais/Shemais/zawolf_hr/test/features/employee_operations/work_outcomes_page_test.dart: empty and interrupted states are Arabic and safe                                   07:28 +312 -5: /Users/seg/Shemais/Shemais/zawolf_hr/test/features/employee_operations/work_outcomes_page_test.dart: empty and interrupted states are Arabic and safe                                   07:28 +312 -5: /Users/seg/Shemais/Shemais/zawolf_hr/test/features/employee_operations/work_outcomes_page_test.dart: optimistic conflict shows safe Arabic message                                      07:28 +313 -5: /Users/seg/Shemais/Shemais/zawolf_hr/test/features/employee_operations/work_outcomes_page_test.dart: optimistic conflict shows safe Arabic message                                      07:29 +313 -5: /Users/seg/Shemais/Shemais/zawolf_hr/test/features/employee_operations/work_outcomes_page_test.dart: optimistic conflict shows safe Arabic message                                      07:29 +313 -5: loading /Users/seg/Shemais/Shemais/zawolf_hr/test/features/employee_operations/notification_read_state_test.dart                                                                        07:29 +313 -5: /Users/seg/Shemais/Shemais/zawolf_hr/test/features/employee_operations/notification_read_state_test.dart: mark all read clears badge optimistically and keeps operation identity        07:30 +313 -5: /Users/seg/Shemais/Shemais/zawolf_hr/test/features/employee_operations/notification_read_state_test.dart: mark all read clears badge optimistically and keeps operation identity        07:30 +314 -5: /Users/seg/Shemais/Shemais/zawolf_hr/test/features/employee_operations/notification_read_state_test.dart: mark all read clears badge optimistically and keeps operation identity        07:30 +314 -5: /Users/seg/Shemais/Shemais/zawolf_hr/test/features/employee_operations/notification_read_state_test.dart: canonical reconciliation never restores an older projection version           07:30 +315 -5: /Users/seg/Shemais/Shemais/zawolf_hr/test/features/employee_operations/notification_read_state_test.dart: canonical reconciliation never restores an older projection version           07:30 +315 -5: /Users/seg/Shemais/Shemais/zawolf_hr/test/features/employee_operations/notification_read_state_test.dart: route destination uses opaque focus id and rejects external paths             07:30 +316 -5: /Users/seg/Shemais/Shemais/zawolf_hr/test/features/employee_operations/notification_read_state_test.dart: route destination uses opaque focus id and rejects external paths             07:30 +316 -5: loading /Users/seg/Shemais/Shemais/zawolf_hr/test/features/operational_visibility/operational_visibility_test.dart                                                                      07:30 +316 -5: /Users/seg/Shemais/Shemais/zawolf_hr/test/features/operational_visibility/operational_visibility_test.dart: hidden operational account remains active and reversible                    07:30 +317 -5: /Users/seg/Shemais/Shemais/zawolf_hr/test/features/operational_visibility/operational_visibility_test.dart: hidden operational account remains active and reversible                    07:31 +317 -5: /Users/seg/Shemais/Shemais/zawolf_hr/test/features/operational_visibility/operational_visibility_test.dart: hidden operational account remains active and reversible                    07:31 +317 -5: loading /Users/seg/Shemais/Shemais/zawolf_hr/test/features/operational_visibility/employee_timeline_test.dart                                                                           07:31 +317 -5: /Users/seg/Shemais/Shemais/zawolf_hr/test/features/operational_visibility/employee_timeline_test.dart: timeline is bounded and uses the selected effective period                       07:31 +318 -5: /Users/seg/Shemais/Shemais/zawolf_hr/test/features/operational_visibility/employee_timeline_test.dart: timeline is bounded and uses the selected effective period                       07:31 +318 -5: /Users/seg/Shemais/Shemais/zawolf_hr/test/features/operational_visibility/employee_timeline_test.dart: timeline rejects unbounded page sizes and reversed periods                       07:31 +319 -5: /Users/seg/Shemais/Shemais/zawolf_hr/test/features/operational_visibility/employee_timeline_test.dart: timeline rejects unbounded page sizes and reversed periods                       07:32 +319 -5: /Users/seg/Shemais/Shemais/zawolf_hr/test/features/operational_visibility/employee_timeline_test.dart: timeline rejects unbounded page sizes and reversed periods                       07:32 +319 -5: loading /Users/seg/Shemais/Shemais/zawolf_hr/test/features/request_visibility/data/request_visibility_repository_test.dart                                                              07:32 +319 -5: /Users/seg/Shemais/Shemais/zawolf_hr/test/features/request_visibility/data/request_visibility_repository_test.dart: normalizes confirmed and historical deduction shapes without writes 07:32 +320 -5: /Users/seg/Shemais/Shemais/zawolf_hr/test/features/request_visibility/data/request_visibility_repository_test.dart: normalizes confirmed and historical deduction shapes without writes 07:32 +320 -5: /Users/seg/Shemais/Shemais/zawolf_hr/test/features/request_visibility/data/request_visibility_repository_test.dart: returns a safe retry state without leaking provider diagnostics     07:32 +321 -5: /Users/seg/Shemais/Shemais/zawolf_hr/test/features/request_visibility/data/request_visibility_repository_test.dart: returns a safe retry state without leaking provider diagnostics     07:32 +321 -5: /Users/seg/Shemais/Shemais/zawolf_hr/test/features/request_visibility/data/request_visibility_repository_test.dart: normalizes Firestore timestamp dates without losing historic records07:32 +322 -5: /Users/seg/Shemais/Shemais/zawolf_hr/test/features/request_visibility/data/request_visibility_repository_test.dart: normalizes Firestore timestamp dates without losing historic records07:32 +322 -5: /Users/seg/Shemais/Shemais/zawolf_hr/test/features/request_visibility/data/request_visibility_repository_test.dart: uses business date fallbacks and deterministic merged pagination    07:32 +323 -5: /Users/seg/Shemais/Shemais/zawolf_hr/test/features/request_visibility/data/request_visibility_repository_test.dart: uses business date fallbacks and deterministic merged pagination    07:32 +323 -5: /Users/seg/Shemais/Shemais/zawolf_hr/test/features/request_visibility/data/request_visibility_repository_test.dart: maps attendance salary approval status without legacy status        07:32 +324 -5: /Users/seg/Shemais/Shemais/zawolf_hr/test/features/request_visibility/data/request_visibility_repository_test.dart: maps attendance salary approval status without legacy status        07:32 +324 -5: /Users/seg/Shemais/Shemais/zawolf_hr/test/features/request_visibility/data/request_visibility_repository_test.dart: keeps legacy requester ids and updated timestamps visible           07:32 +325 -5: /Users/seg/Shemais/Shemais/zawolf_hr/test/features/request_visibility/data/request_visibility_repository_test.dart: keeps legacy requester ids and updated timestamps visible           07:32 +325 -5: /Users/seg/Shemais/Shemais/zawolf_hr/test/features/request_visibility/data/request_visibility_repository_test.dart: recognizes complaint resignation and account deletion sources       07:32 +326 -5: /Users/seg/Shemais/Shemais/zawolf_hr/test/features/request_visibility/data/request_visibility_repository_test.dart: recognizes complaint resignation and account deletion sources       07:32 +326 -5: loading /Users/seg/Shemais/Shemais/zawolf_hr/test/features/request_visibility/domain/request_visibility_record_test.dart                                                                07:32 +326 -5: /Users/seg/Shemais/Shemais/zawolf_hr/test/features/request_visibility/domain/request_visibility_record_test.dart: confirmed salary deductions remain visible in history and deductions  07:32 +327 -5: /Users/seg/Shemais/Shemais/zawolf_hr/test/features/request_visibility/domain/request_visibility_record_test.dart: confirmed salary deductions remain visible in history and deductions  07:33 +327 -5: /Users/seg/Shemais/Shemais/zawolf_hr/test/features/request_visibility/domain/request_visibility_record_test.dart: confirmed salary deductions remain visible in history and deductions  07:34 +327 -5: /Users/seg/Shemais/Shemais/zawolf_hr/test/features/request_visibility/domain/request_visibility_record_test.dart: confirmed salary deductions remain visible in history and deductions  07:35 +327 -5: /Users/seg/Shemais/Shemais/zawolf_hr/test/features/request_visibility/domain/request_visibility_record_test.dart: confirmed salary deductions remain visible in history and deductions  07:35 +327 -5: loading /Users/seg/Shemais/Shemais/zawolf_hr/test/features/request_visibility/presentation/request_visibility_cubit_test.dart                                                           07:35 +327 -5: /Users/seg/Shemais/Shemais/zawolf_hr/test/features/request_visibility/presentation/request_visibility_cubit_test.dart: exposes explicit loaded pagination and appends the next page     07:35 +328 -5: /Users/seg/Shemais/Shemais/zawolf_hr/test/navigation/company_os_route_parity_test.dart: Company OS rollout does not remove legacy operational routes                                    07:35 +329 -5: /Users/seg/Shemais/Shemais/zawolf_hr/test/navigation/company_os_route_parity_test.dart: Company OS rollout does not remove legacy operational routes                                    07:35 +330 -5: /Users/seg/Shemais/Shemais/zawolf_hr/test/navigation/company_os_route_parity_test.dart: Company OS rollout does not remove legacy operational routes                                    07:36 +330 -5: /Users/seg/Shemais/Shemais/zawolf_hr/test/navigation/company_os_route_parity_test.dart: Company OS rollout does not remove legacy operational routes                                    07:37 +330 -5: /Users/seg/Shemais/Shemais/zawolf_hr/test/navigation/company_os_route_parity_test.dart: Company OS rollout does not remove legacy operational routes                                    07:37 +330 -5: loading /Users/seg/Shemais/Shemais/zawolf_hr/test/navigation/guarded_back_navigation_test.dart                                                                                          07:37 +330 -5: /Users/seg/Shemais/Shemais/zawolf_hr/test/navigation/guarded_back_navigation_test.dart: shell back gesture returns to an in-app route before the OS exits                               07:37 +331 -5: /Users/seg/Shemais/Shemais/zawolf_hr/test/navigation/guarded_back_navigation_test.dart: shell back gesture returns to an in-app route before the OS exits                               07:37 +331 -5: /Users/seg/Shemais/Shemais/zawolf_hr/test/navigation/guarded_back_navigation_test.dart: route history is bounded and root routes do not unexpectedly exit                               07:37 +332 -5: /Users/seg/Shemais/Shemais/zawolf_hr/test/navigation/guarded_back_navigation_test.dart: route history is bounded and root routes do not unexpectedly exit                               07:37 +332 -5: /Users/seg/Shemais/Shemais/zawolf_hr/test/navigation/guarded_back_navigation_test.dart: attendance check-in has an explicit pending submission state                                    07:37 +333 -5: /Users/seg/Shemais/Shemais/zawolf_hr/test/navigation/guarded_back_navigation_test.dart: attendance check-in has an explicit pending submission state                                    07:37 +333 -5: /Users/seg/Shemais/Shemais/zawolf_hr/test/navigation/guarded_back_navigation_test.dart: directional arrows follow the Arabic text direction                                             07:37 +334 -5: /Users/seg/Shemais/Shemais/zawolf_hr/test/navigation/guarded_back_navigation_test.dart: directional arrows follow the Arabic text direction                                             07:37 +335 -5: /Users/seg/Shemais/Shemais/zawolf_hr/test/navigation/guarded_back_navigation_test.dart: directional arrows follow the Arabic text direction                                             07:37 +336 -5: /Users/seg/Shemais/Shemais/zawolf_hr/test/navigation/guarded_back_navigation_test.dart: directional arrows follow the Arabic text direction                                             07:37 +337 -5: /Users/seg/Shemais/Shemais/zawolf_hr/test/navigation/guarded_back_navigation_test.dart: directional arrows follow the Arabic text direction                                             07:37 +338 -5: /Users/seg/Shemais/Shemais/zawolf_hr/test/navigation/guarded_back_navigation_test.dart: directional arrows follow the Arabic text direction                                             07:37 +339 -5: /Users/seg/Shemais/Shemais/zawolf_hr/test/navigation/guarded_back_navigation_test.dart: directional arrows follow the Arabic text direction                                             07:38 +339 -5: /Users/seg/Shemais/Shemais/zawolf_hr/test/navigation/guarded_back_navigation_test.dart: directional arrows follow the Arabic text direction                                             07:38 +339 -5: loading /Users/seg/Shemais/Shemais/zawolf_hr/test/navigation/guarded_back_policy_test.dart                                                                                              07:38 +339 -5: /Users/seg/Shemais/Shemais/zawolf_hr/test/navigation/guarded_back_policy_test.dart: pending attendance submission takes precedence over route history                                   07:38 +340 -5: /Users/seg/Shemais/Shemais/zawolf_hr/test/navigation/guarded_back_policy_test.dart: pending attendance submission takes precedence over route history                                   07:38 +340 -5: /Users/seg/Shemais/Shemais/zawolf_hr/test/navigation/guarded_back_policy_test.dart: dirty forms require a discard confirmation before navigating                                        07:38 +341 -5: /Users/seg/Shemais/Shemais/zawolf_hr/test/navigation/guarded_back_policy_test.dart: dirty forms require a discard confirmation before navigating                                        07:38 +341 -5: /Users/seg/Shemais/Shemais/zawolf_hr/test/navigation/guarded_back_policy_test.dart: clean nested and root routes have deterministic back outcomes                                       07:38 +342 -5: /Users/seg/Shemais/Shemais/zawolf_hr/test/navigation/guarded_back_policy_test.dart: clean nested and root routes have deterministic back outcomes                                       07:38 +342 -5: loading /Users/seg/Shemais/Shemais/zawolf_hr/test/permission_cycle_accounting_test.dart                                                                                                 07:38 +342 -5: /Users/seg/Shemais/Shemais/zawolf_hr/test/permission_cycle_accounting_test.dart: permission is accounted by execution date, not approval date                                           07:38 +343 -5: /Users/seg/Shemais/Shemais/zawolf_hr/test/permission_cycle_accounting_test.dart: permission is accounted by execution date, not approval date                                           07:38 +343 -5: /Users/seg/Shemais/Shemais/zawolf_hr/test/permission_cycle_accounting_test.dart: permission on opening day belongs to the new payroll cycle                                             07:38 +344 -5: /Users/seg/Shemais/Shemais/zawolf_hr/test/permission_cycle_accounting_test.dart: permission on opening day belongs to the new payroll cycle                                             07:38 +344 -5: /Users/seg/Shemais/Shemais/zawolf_hr/test/permission_cycle_accounting_test.dart: late approval cannot move an early leave into a newer cycle                                            07:38 +345 -5: /Users/seg/Shemais/Shemais/zawolf_hr/test/permission_cycle_accounting_test.dart: late approval cannot move an early leave into a newer cycle                                            07:38 +345 -5: /Users/seg/Shemais/Shemais/zawolf_hr/test/permission_cycle_accounting_test.dart: invalid execution dates never affect an active balance                                                 07:38 +346 -5: /Users/seg/Shemais/Shemais/zawolf_hr/test/permission_cycle_accounting_test.dart: invalid execution dates never affect an active balance                                                 07:39 +346 -5: /Users/seg/Shemais/Shemais/zawolf_hr/test/permission_cycle_accounting_test.dart: invalid execution dates never affect an active balance                                                 07:40 +346 -5: /Users/seg/Shemais/Shemais/zawolf_hr/test/permission_cycle_accounting_test.dart: invalid execution dates never affect an active balance                                                 07:40 +346 -5: loading /Users/seg/Shemais/Shemais/zawolf_hr/test/attendance_policy_config_test.dart                                                                                                    07:40 +346 -5: /Users/seg/Shemais/Shemais/zawolf_hr/test/attendance_policy_config_test.dart: policy config keeps configurable reminder thresholds                                                      07:40 +347 -5: /Users/seg/Shemais/Shemais/zawolf_hr/test/attendance_policy_config_test.dart: policy config keeps configurable reminder thresholds                                                      07:40 +347 -5: /Users/seg/Shemais/Shemais/zawolf_hr/test/attendance_policy_config_test.dart: legacy policy retains the configured checkout boundary                                                    07:40 +348 -5: /Users/seg/Shemais/Shemais/zawolf_hr/test/attendance_policy_config_test.dart: legacy policy retains the configured checkout boundary                                                    07:40 +348 -5: /Users/seg/Shemais/Shemais/zawolf_hr/test/attendance_policy_config_test.dart: late permission uses the shifted effective start time                                                     07:40 +349 -5: /Users/seg/Shemais/Shemais/zawolf_hr/test/attendance_policy_config_test.dart: late permission uses the shifted effective start time                                                     07:40 +349 -5: /Users/seg/Shemais/Shemais/zawolf_hr/test/attendance_policy_config_test.dart: approved two-hour permission keeps 11:20 inside grace period                                              07:40 +350 -5: /Users/seg/Shemais/Shemais/zawolf_hr/test/attendance_policy_config_test.dart: approved two-hour permission keeps 11:20 inside grace period                                              07:40 +350 -5: /Users/seg/Shemais/Shemais/zawolf_hr/test/attendance_policy_config_test.dart: attendance alarm skips an approved leave date                                                             07:40 +351 -5: /Users/seg/Shemais/Shemais/zawolf_hr/test/attendance_policy_config_test.dart: attendance alarm skips an approved leave date                                                             07:40 +351 -5: /Users/seg/Shemais/Shemais/zawolf_hr/test/attendance_policy_config_test.dart: attendance alarm follows an approved late permission duration                                             07:40 +352 -5: /Users/seg/Shemais/Shemais/zawolf_hr/test/attendance_policy_config_test.dart: attendance alarm follows an approved late permission duration                                             07:40 +352 -5: loading /Users/seg/Shemais/Shemais/zawolf_hr/test/widget_test.dart                                                                                                                      07:40 +352 -5: /Users/seg/Shemais/Shemais/zawolf_hr/test/widget_test.dart: Employee work schedule preserves custom workdays and shift times                                                            07:40 +353 -5: /Users/seg/Shemais/Shemais/zawolf_hr/test/widget_test.dart: Employee work schedule preserves custom workdays and shift times                                                            07:40 +353 -5: /Users/seg/Shemais/Shemais/zawolf_hr/test/widget_test.dart: Employee roles team leader is team-scoped but not a manager or HR approver                                                  07:40 +354 -5: /Users/seg/Shemais/Shemais/zawolf_hr/test/widget_test.dart: Employee roles team leader is team-scoped but not a manager or HR approver                                                  07:40 +354 -5: /Users/seg/Shemais/Shemais/zawolf_hr/test/widget_test.dart: SheetsExportService CSV export escapes commas and quotes in attendance rows                                                 07:40 +355 -5: /Users/seg/Shemais/Shemais/zawolf_hr/test/widget_test.dart: SheetsExportService CSV export escapes commas and quotes in attendance rows                                                 07:40 +355 -5: /Users/seg/Shemais/Shemais/zawolf_hr/test/widget_test.dart: SheetsExportService CSV export includes leave status translations                                                           07:40 +356 -5: /Users/seg/Shemais/Shemais/zawolf_hr/test/widget_test.dart: SheetsExportService CSV export includes leave status translations                                                           07:40 +356 -5: /Users/seg/Shemais/Shemais/zawolf_hr/test/widget_test.dart: AttendancePolicy applies Zawolf late salary deduction windows                                                               07:40 +357 -5: /Users/seg/Shemais/Shemais/zawolf_hr/test/widget_test.dart: AttendancePolicy applies Zawolf late salary deduction windows                                                               07:40 +357 -5: /Users/seg/Shemais/Shemais/zawolf_hr/test/widget_test.dart: AttendancePolicy supports company-configured late deduction windows                                                         07:40 +358 -5: /Users/seg/Shemais/Shemais/zawolf_hr/test/widget_test.dart: AttendancePolicy supports company-configured late deduction windows                                                         07:40 +358 -5: /Users/seg/Shemais/Shemais/zawolf_hr/test/widget_test.dart: AttendancePolicy supports configurable attendance action time gates                                                         07:40 +359 -5: /Users/seg/Shemais/Shemais/zawolf_hr/test/widget_test.dart: AttendancePolicy supports configurable attendance action time gates                                                         07:40 +359 -5: /Users/seg/Shemais/Shemais/zawolf_hr/test/widget_test.dart: AttendancePolicy calculates deduction amount from monthly salary over 26 work days                                          07:40 +360 -5: /Users/seg/Shemais/Shemais/zawolf_hr/test/widget_test.dart: AttendancePolicy calculates deduction amount from monthly salary over 26 work days                                          07:40 +360 -5: /Users/seg/Shemais/Shemais/zawolf_hr/test/widget_test.dart: TaskModel helpers translates priorities and statuses for Arabic UI                                                          07:40 +361 -5: /Users/seg/Shemais/Shemais/zawolf_hr/test/widget_test.dart: TaskModel helpers translates priorities and statuses for Arabic UI                                                          07:40 +361 -5: /Users/seg/Shemais/Shemais/zawolf_hr/test/widget_test.dart: KPI progress supports higher, lower, and pass/fail directions                                                               07:40 +362 -5: /Users/seg/Shemais/Shemais/zawolf_hr/test/widget_test.dart: KPI progress supports higher, lower, and pass/fail directions                                                               07:40 +362 -5: /Users/seg/Shemais/Shemais/zawolf_hr/test/widget_test.dart: KPI progress calculates weighted monthly KPI progress                                                                       07:40 +363 -5: /Users/seg/Shemais/Shemais/zawolf_hr/test/widget_test.dart: KPI progress calculates weighted monthly KPI progress                                                                       07:40 +363 -5: /Users/seg/Shemais/Shemais/zawolf_hr/test/widget_test.dart: KPI progress caps KPI progress at 100 for overall score                                                                     07:40 +364 -5: /Users/seg/Shemais/Shemais/zawolf_hr/test/widget_test.dart: KPI progress caps KPI progress at 100 for overall score                                                                     07:40 +364 -5: /Users/seg/Shemais/Shemais/zawolf_hr/test/widget_test.dart: Productivity score uses available attendance and behavior scores when KPI data is missing                                   07:40 +365 -5: /Users/seg/Shemais/Shemais/zawolf_hr/test/widget_test.dart: Productivity score uses available attendance and behavior scores when KPI data is missing                                   07:40 +365 -5: /Users/seg/Shemais/Shemais/zawolf_hr/test/widget_test.dart: Productivity score calculates weighted productivity score                                                                   07:40 +366 -5: /Users/seg/Shemais/Shemais/zawolf_hr/test/widget_test.dart: Productivity score calculates weighted productivity score                                                                   07:40 +366 -5: /Users/seg/Shemais/Shemais/zawolf_hr/test/widget_test.dart: Productivity score clamps productivity score to 100                                                                         07:40 +367 -5: /Users/seg/Shemais/Shemais/zawolf_hr/test/widget_test.dart: Productivity score clamps productivity score to 100                                                                         07:40 +367 -5: /Users/seg/Shemais/Shemais/zawolf_hr/test/widget_test.dart: Warnings and rewards helpers translates record types and statuses                                                           07:40 +368 -5: /Users/seg/Shemais/Shemais/zawolf_hr/test/widget_test.dart: Warnings and rewards helpers translates record types and statuses                                                           07:40 +368 -5: /Users/seg/Shemais/Shemais/zawolf_hr/test/widget_test.dart: Payroll helpers calculates net salary from base deductions and rewards                                                      07:40 +369 -5: /Users/seg/Shemais/Shemais/zawolf_hr/test/widget_test.dart: Payroll helpers calculates net salary from base deductions and rewards                                                      07:40 +369 -5: /Users/seg/Shemais/Shemais/zawolf_hr/test/widget_test.dart: Payroll helpers does not allow negative net salary                                                                          07:40 +370 -5: /Users/seg/Shemais/Shemais/zawolf_hr/test/widget_test.dart: Payroll helpers does not allow negative net salary                                                                          07:40 +370 -5: /Users/seg/Shemais/Shemais/zawolf_hr/test/widget_test.dart: Payroll helpers subtracts approved advances from net salary                                                                 07:40 +371 -5: /Users/seg/Shemais/Shemais/zawolf_hr/test/widget_test.dart: Payroll helpers subtracts approved advances from net salary                                                                 07:41 +371 -5: /Users/seg/Shemais/Shemais/zawolf_hr/test/widget_test.dart: Payroll helpers subtracts approved advances from net salary                                                                 07:41 +371 -5: loading /Users/seg/Shemais/Shemais/zawolf_hr/test/screens/company_location_picker_test.dart                                                                                             07:41 +371 -5: /Users/seg/Shemais/Shemais/zawolf_hr/test/screens/company_location_picker_test.dart: web map waits for the Maps script before constructing GoogleMap                                    07:41 +372 -5: /Users/seg/Shemais/Shemais/zawolf_hr/test/screens/company_location_picker_test.dart: web map waits for the Maps script before constructing GoogleMap                                    07:41 +372 -5: /Users/seg/Shemais/Shemais/zawolf_hr/test/screens/company_location_picker_test.dart: map selection preserves a reviewed coordinate fallback                                             07:41 +373 -5: /Users/seg/Shemais/Shemais/zawolf_hr/test/screens/company_location_picker_test.dart: map selection preserves a reviewed coordinate fallback                                             07:41 +373 -5: /Users/seg/Shemais/Shemais/zawolf_hr/test/screens/company_location_picker_test.dart: map gives a safe external fallback when the web map is unavailable                                 07:41 +374 -5: /Users/seg/Shemais/Shemais/zawolf_hr/test/screens/company_location_picker_test.dart: map gives a safe external fallback when the web map is unavailable                                 07:41 +374 -5: /Users/seg/Shemais/Shemais/zawolf_hr/test/screens/company_location_picker_test.dart: location save keeps coordinates and radius in one document mutation                                07:41 +375 -5: /Users/seg/Shemais/Shemais/zawolf_hr/test/screens/company_location_picker_test.dart: location save keeps coordinates and radius in one document mutation                                07:42 +375 -5: /Users/seg/Shemais/Shemais/zawolf_hr/test/screens/company_location_picker_test.dart: location save keeps coordinates and radius in one document mutation                                07:42 +375 -5: loading /Users/seg/Shemais/Shemais/zawolf_hr/test/screens/hr/requests_management_screen_test.dart                                                                                       07:42 +375 -5: /Users/seg/Shemais/Shemais/zawolf_hr/test/screens/hr/requests_management_screen_test.dart: request tabs reuse stable bounded streams across fast tab changes                            07:42 +376 -5: /Users/seg/Shemais/Shemais/zawolf_hr/test/screens/hr/requests_management_screen_test.dart: request tabs reuse stable bounded streams across fast tab changes                            07:42 +376 -5: /Users/seg/Shemais/Shemais/zawolf_hr/test/screens/hr/requests_management_screen_test.dart: request tabs apply search locally and provide empty/retry states                             07:42 +377 -5: /Users/seg/Shemais/Shemais/zawolf_hr/test/screens/hr/requests_management_screen_test.dart: request tabs apply search locally and provide empty/retry states                             07:42 +377 -5: /Users/seg/Shemais/Shemais/zawolf_hr/test/screens/hr/requests_management_screen_test.dart: HR can monitor manager-stage requests and CEO gets the CEO stage                             07:42 +378 -5: /Users/seg/Shemais/Shemais/zawolf_hr/test/screens/hr/requests_management_screen_test.dart: HR can monitor manager-stage requests and CEO gets the CEO stage                             07:43 +378 -5: /Users/seg/Shemais/Shemais/zawolf_hr/test/screens/hr/requests_management_screen_test.dart: HR can monitor manager-stage requests and CEO gets the CEO stage                             07:43 +378 -5: loading /Users/seg/Shemais/Shemais/zawolf_hr/test/screens/hr/hr_dashboard_checkout_policy_test.dart                                                                                     07:43 +378 -5: /Users/seg/Shemais/Shemais/zawolf_hr/test/screens/hr/hr_dashboard_checkout_policy_test.dart: attendance policy settings keep the checkout switch role-protected                         07:43 +379 -5: /Users/seg/Shemais/Shemais/zawolf_hr/test/screens/hr/hr_dashboard_checkout_policy_test.dart: attendance policy settings keep the checkout switch role-protected                         07:43 +379 -5: /Users/seg/Shemais/Shemais/zawolf_hr/test/screens/hr/hr_dashboard_checkout_policy_test.dart: attendance policy settings tell users the policy is prospective                            07:43 +380 -5: /Users/seg/Shemais/Shemais/zawolf_hr/test/screens/hr/hr_dashboard_checkout_policy_test.dart: attendance policy settings tell users the policy is prospective                            07:44 +380 -5: /Users/seg/Shemais/Shemais/zawolf_hr/test/screens/hr/hr_dashboard_checkout_policy_test.dart: attendance policy settings tell users the policy is prospective                            07:44 +380 -5: loading /Users/seg/Shemais/Shemais/zawolf_hr/test/screens/required_update_screen_test.dart                                                                                              07:44 +380 -5: /Users/seg/Shemais/Shemais/zawolf_hr/test/screens/required_update_screen_test.dart: shows a recoverable Arabic policy connection state                                                  07:44 +381 -5: /Users/seg/Shemais/Shemais/zawolf_hr/test/screens/required_update_screen_test.dart: shows a recoverable Arabic policy connection state                                                  07:44 +382 -5: /Users/seg/Shemais/Shemais/zawolf_hr/test/screens/required_update_screen_test.dart: shows a recoverable Arabic policy connection state                                                  07:44 +383 -5: /Users/seg/Shemais/Shemais/zawolf_hr/test/screens/required_update_screen_test.dart: shows a recoverable Arabic policy connection state                                                  07:44 +384 -5: /Users/seg/Shemais/Shemais/zawolf_hr/test/screens/required_update_screen_test.dart: shows a recoverable Arabic policy connection state                                                  07:45 +384 -5: /Users/seg/Shemais/Shemais/zawolf_hr/test/screens/required_update_screen_test.dart: shows a recoverable Arabic policy connection state                                                  07:45 +385 -5: /Users/seg/Shemais/Shemais/zawolf_hr/test/screens/required_update_screen_test.dart: shows a recoverable Arabic policy connection state                                                  07:45 +385 -5: /Users/seg/Shemais/Shemais/zawolf_hr/test/screens/required_update_screen_test.dart: shows unsupported release without an unusable update action                                         07:45 +386 -5: /Users/seg/Shemais/Shemais/zawolf_hr/test/screens/required_update_screen_test.dart: shows unsupported release without an unusable update action                                         07:45 +386 -5: loading /Users/seg/Shemais/Shemais/zawolf_hr/test/screens/employee/employee_dashboard_checkout_policy_test.dart                                                                         07:45 +386 -5: /Users/seg/Shemais/Shemais/zawolf_hr/test/screens/employee/employee_dashboard_checkout_policy_test.dart: employee dashboard fails closed and hides checkout when disabled               07:45 +387 -5: /Users/seg/Shemais/Shemais/zawolf_hr/test/screens/employee/employee_dashboard_checkout_policy_test.dart: employee dashboard fails closed and hides checkout when disabled               07:45 +387 -5: /Users/seg/Shemais/Shemais/zawolf_hr/test/screens/employee/employee_dashboard_checkout_policy_test.dart: check-in remains available independently from checkout policy                  07:45 +388 -5: /Users/seg/Shemais/Shemais/zawolf_hr/test/screens/employee/employee_dashboard_checkout_policy_test.dart: check-in remains available independently from checkout policy                  07:45 +388 -5: /Users/seg/Shemais/Shemais/zawolf_hr/test/screens/employee/employee_dashboard_checkout_policy_test.dart: gate decision logic lives in its own characterization-tested unit              07:45 +389 -5: /Users/seg/Shemais/Shemais/zawolf_hr/test/screens/employee/employee_dashboard_checkout_policy_test.dart: gate decision logic lives in its own characterization-tested unit              07:46 +389 -5: /Users/seg/Shemais/Shemais/zawolf_hr/test/screens/employee/employee_dashboard_checkout_policy_test.dart: gate decision logic lives in its own characterization-tested unit              07:47 +389 -5: /Users/seg/Shemais/Shemais/zawolf_hr/test/screens/employee/employee_dashboard_checkout_policy_test.dart: gate decision logic lives in its own characterization-tested unit              07:48 +389 -5: /Users/seg/Shemais/Shemais/zawolf_hr/test/screens/employee/employee_dashboard_checkout_policy_test.dart: gate decision logic lives in its own characterization-tested unit              07:48 +389 -5: loading /Users/seg/Shemais/Shemais/zawolf_hr/test/screens/employee/employee_dashboard_gate_test.dart                                                                                    07:48 +389 -5: /Users/seg/Shemais/Shemais/zawolf_hr/test/screens/employee/employee_dashboard_gate_test.dart: before check-in window the action is disabled with open time                              07:48 +390 -5: /Users/seg/Shemais/Shemais/zawolf_hr/test/screens/employee/employee_dashboard_gate_test.dart: before check-in window the action is disabled with open time                              07:48 +390 -5: /Users/seg/Shemais/Shemais/zawolf_hr/test/screens/employee/employee_dashboard_gate_test.dart: inside the window without a record offers check-in                                        07:48 +391 -5: /Users/seg/Shemais/Shemais/zawolf_hr/test/screens/employee/employee_dashboard_gate_test.dart: inside the window without a record offers check-in                                        07:48 +391 -5: /Users/seg/Shemais/Shemais/zawolf_hr/test/screens/employee/employee_dashboard_gate_test.dart: checked in before checkout allowance stays disabled                                       07:48 +392 -5: /Users/seg/Shemais/Shemais/zawolf_hr/test/screens/employee/employee_dashboard_gate_test.dart: checked in before checkout allowance stays disabled                                       07:48 +392 -5: /Users/seg/Shemais/Shemais/zawolf_hr/test/screens/employee/employee_dashboard_gate_test.dart: checked in after checkout allowance offers check-out                                      07:48 +393 -5: /Users/seg/Shemais/Shemais/zawolf_hr/test/screens/employee/employee_dashboard_gate_test.dart: checked in after checkout allowance offers check-out                                      07:48 +393 -5: /Users/seg/Shemais/Shemais/zawolf_hr/test/screens/employee/employee_dashboard_gate_test.dart: checkout policy disabled hides checkout but keeps record                                  07:48 +394 -5: /Users/seg/Shemais/Shemais/zawolf_hr/test/screens/employee/employee_dashboard_gate_test.dart: checkout policy disabled hides checkout but keeps record                                  07:48 +394 -5: /Users/seg/Shemais/Shemais/zawolf_hr/test/screens/employee/employee_dashboard_gate_test.dart: completed day locks the button                                                            07:48 +395 -5: /Users/seg/Shemais/Shemais/zawolf_hr/test/screens/employee/employee_dashboard_gate_test.dart: completed day locks the button                                                            07:48 +395 -5: /Users/seg/Shemais/Shemais/zawolf_hr/test/screens/employee/employee_dashboard_gate_test.dart: day off blocks first check-in only                                                        07:48 +396 -5: /Users/seg/Shemais/Shemais/zawolf_hr/test/screens/employee/employee_dashboard_gate_test.dart: day off blocks first check-in only                                                        07:48 +396 -5: /Users/seg/Shemais/Shemais/zawolf_hr/test/screens/employee/employee_dashboard_gate_test.dart: after latest checkout time the day is closed                                              07:48 +397 -5: /Users/seg/Shemais/Shemais/zawolf_hr/test/screens/employee/employee_dashboard_gate_test.dart: after latest checkout time the day is closed                                              07:48 +397 -5: /Users/seg/Shemais/Shemais/zawolf_hr/test/screens/employee/employee_dashboard_gate_test.dart: loading and pending pilot sync disable the action                                         07:48 +398 -5: /Users/seg/Shemais/Shemais/zawolf_hr/test/screens/employee/employee_dashboard_gate_test.dart: loading and pending pilot sync disable the action                                         07:48 +398 -5: loading /Users/seg/Shemais/Shemais/zawolf_hr/test/requests_management_regression_test.dart                                                                                              07:48 +398 -5: /Users/seg/Shemais/Shemais/zawolf_hr/test/requests_management_regression_test.dart: manager request search covers deduction and request fields                                          07:48 +399 -5: /Users/seg/Shemais/Shemais/zawolf_hr/test/requests_management_regression_test.dart: manager request search covers deduction and request fields                                          07:48 +399 -5: /Users/seg/Shemais/Shemais/zawolf_hr/test/requests_management_regression_test.dart: approved deduction cancellation shows reason validation                                             07:48 +400 -5: /Users/seg/Shemais/Shemais/zawolf_hr/test/requests_management_regression_test.dart: approved deduction cancellation shows reason validation                                             07:48 +400 -5: /Users/seg/Shemais/Shemais/zawolf_hr/test/requests_management_regression_test.dart: attendance correction accepts legacy deductions safely                                              07:48 +401 -5: /Users/seg/Shemais/Shemais/zawolf_hr/test/requests_management_regression_test.dart: attendance correction accepts legacy deductions safely                                              07:48 +401 -5: /Users/seg/Shemais/Shemais/zawolf_hr/test/requests_management_regression_test.dart: request loading has errors, timeout, and retry instead of endless wait                              07:48 +402 -5: /Users/seg/Shemais/Shemais/zawolf_hr/test/requests_management_regression_test.dart: request loading has errors, timeout, and retry instead of endless wait                              07:48 +402 -5: /Users/seg/Shemais/Shemais/zawolf_hr/test/requests_management_regression_test.dart: super admin can perform HR-stage reviews but cannot self approve                                    07:48 +403 -5: /Users/seg/Shemais/Shemais/zawolf_hr/test/requests_management_regression_test.dart: super admin can perform HR-stage reviews but cannot self approve                                    07:48 +403 -5: /Users/seg/Shemais/Shemais/zawolf_hr/test/requests_management_regression_test.dart: HR monitors manager-stage requests and CEO receives final CEO stage                                 07:48 +403 -6: /Users/seg/Shemais/Shemais/zawolf_hr/test/requests_management_regression_test.dart: HR monitors manager-stage requests and CEO receives final CEO stage [E]                             
  Expected: contains '? [\'pending\', \'pending_hr\', \'pending_manager\', \'pending_ceo\']'
    Actual: 'import \'dart:async\';\n'
              '\n'
              'import \'package:flutter/material.dart\';\n'
              'import \'package:flutter/foundation.dart\';\n'
              'import \'package:firebase_auth/firebase_auth.dart\';\n'
              'import \'package:provider/provider.dart\';\n'
